Archive member included to satisfy reference by file (symbol)

build/cooja/mtype87.a(simEnvChange.o)
                              build/cooja/mtype87.o (simDontFallAsleep)
build/cooja/mtype87.a(cooja_mt.o)
                              build/cooja/mtype87.o (cooja_mt_start)
build/cooja/mtype87.a(cooja_mtarch.o)
                              build/cooja/mtype87.a(cooja_mt.o) (cooja_mtarch_start)
build/cooja/mtype87.a(rtimer-arch.o)
                              build/cooja/mtype87.o (rtimer_arch_check)
build/cooja/mtype87.a(beep.o)
                              build/cooja/mtype87.o (beep_interface)
build/cooja/mtype87.a(leds-arch.o)
                              build/cooja/mtype87.o (leds_interface)
build/cooja/mtype87.a(moteid.o)
                              build/cooja/mtype87.o (moteid_interface)
build/cooja/mtype87.a(pir-sensor.o)
                              build/cooja/mtype87.o (pir_interface)
build/cooja/mtype87.a(rs232.o)
                              build/cooja/mtype87.o (rs232_interface)
build/cooja/mtype87.a(vib-sensor.o)
                              build/cooja/mtype87.o (vib_interface)
build/cooja/mtype87.a(clock.o)
                              build/cooja/mtype87.o (clock_interface)
build/cooja/mtype87.a(cooja-log.o)
                              build/cooja/mtype87.o (simlog_interface)
build/cooja/mtype87.a(cfs-cooja.o)
                              build/cooja/mtype87.o (cfs_interface)
build/cooja/mtype87.a(cooja-radio.o)
                              build/cooja/mtype87.o (radio_interface)
build/cooja/mtype87.a(eeprom.o)
                              build/cooja/mtype87.o (eeprom_interface)
build/cooja/mtype87.a(random.o)
                              build/cooja/mtype87.a(moteid.o) (random_init)
build/cooja/mtype87.a(sensors.o)
                              build/cooja/mtype87.a(pir-sensor.o) (sensors_changed)
build/cooja/mtype87.a(leds.o)
                              air_quality_CoAP-server.o (leds_set)
build/cooja/mtype87.a(gpio-hal-arch.o)
                              build/cooja/mtype87.a(leds-arch.o) (gpio_hal_arch_register_pin_callback)
build/cooja/mtype87.a(buttons.o)
                              build/cooja/mtype87.o (button_interface)
build/cooja/mtype87.a(res-ventilation)
                              air_quality_CoAP-server.o (res_ventilation_system)
build/cooja/mtype87.a(res-co2_sensor.)
                              air_quality_CoAP-server.o (res_co2_sensor)
build/cooja/mtype87.a(coap-blocking-a)
                              air_quality_CoAP-server.o (coap_blocking_request)
build/cooja/mtype87.a(coap-engine.o)
                              air_quality_CoAP-server.o (coap_activate_resource)
build/cooja/mtype87.a(coap-res-well-k)
                              build/cooja/mtype87.a(coap-engine.o) (res_well_known_core)
build/cooja/mtype87.a(coap-observe.o)
                              build/cooja/mtype87.a(coap-engine.o) (coap_remove_observer_by_mid)
build/cooja/mtype87.a(coap-uip.o)
                              build/cooja/mtype87.a(coap-observe.o) (coap_endpoint_copy)
build/cooja/mtype87.a(coap-timer.o)
                              build/cooja/mtype87.a(coap-engine.o) (coap_timer_set)
build/cooja/mtype87.a(coap-transactio)
                              build/cooja/mtype87.a(coap-blocking-a) (coap_send_transaction)
build/cooja/mtype87.a(coap.o)
                              build/cooja/mtype87.a(coap-engine.o) (coap_status_code)
build/cooja/mtype87.a(contiki-main.o)
                              build/cooja/mtype87.o (main)
build/cooja/mtype87.a(autostart.o)
                              build/cooja/mtype87.a(contiki-main.o) (autostart_start)
build/cooja/mtype87.a(ctimer.o)
                              build/cooja/mtype87.a(contiki-main.o) (ctimer_init)
build/cooja/mtype87.a(log.o)  build/cooja/mtype87.a(contiki-main.o) (curr_log_level_main)
build/cooja/mtype87.a(energest.o)
                              build/cooja/mtype87.a(contiki-main.o) (energest_init)
build/cooja/mtype87.a(etimer.o)
                              build/cooja/mtype87.a(contiki-main.o) (etimer_process)
build/cooja/mtype87.a(node-id.o)
                              build/cooja/mtype87.a(res-co2_sensor.) (node_id)
build/cooja/mtype87.a(rtimer.o)
                              build/cooja/mtype87.a(contiki-main.o) (rtimer_init)
build/cooja/mtype87.a(process.o)
                              air_quality_CoAP-server.o (process_current)
build/cooja/mtype87.a(timer.o)
                              build/cooja/mtype87.a(etimer.o) (timer_set)
build/cooja/mtype87.a(list.o)
                              build/cooja/mtype87.a(coap-engine.o) (list_init)
build/cooja/mtype87.a(memb.o)
                              build/cooja/mtype87.a(coap-observe.o) (memb_alloc)
build/cooja/mtype87.a(button-hal.o)
                              build/cooja/mtype87.o (button_hal_init)
build/cooja/mtype87.a(serial-line.o)
                              build/cooja/mtype87.a(rs232.o) (serial_line_input_byte)
[...]
Memory Configuration

Name             Origin             Length             Attributes
*default*        0x0000000000000000 0xffffffffffffffff

Linker script and memory map

LOAD /usr/lib/gcc/i686-linux-gnu/5/../../../i386-linux-gnu/crti.o
LOAD /usr/lib/gcc/i686-linux-gnu/5/crtbeginS.o
LOAD air_quality_CoAP-server.o
LOAD build/cooja/mtype87.o
LOAD build/cooja/mtype87.a
LOAD /usr/lib/gcc/i686-linux-gnu/5/libgcc.a
LOAD /usr/lib/gcc/i686-linux-gnu/5/libgcc_s.so
LOAD /usr/lib/gcc/i686-linux-gnu/5/../../../i386-linux-gnu/libc.so
START GROUP
LOAD /lib/i386-linux-gnu/libc.so.6
LOAD /usr/lib/i386-linux-gnu/libc_nonshared.a
LOAD /lib/i386-linux-gnu/ld-linux.so.2
END GROUP
LOAD /usr/lib/gcc/i686-linux-gnu/5/libgcc.a
LOAD /usr/lib/gcc/i686-linux-gnu/5/libgcc_s.so
LOAD /usr/lib/gcc/i686-linux-gnu/5/crtendS.o
LOAD /usr/lib/gcc/i686-linux-gnu/5/../../../i386-linux-gnu/crtn.o
                0x0000000000000114                . = (0x0 + SIZEOF_HEADERS)

.note.gnu.build-id
                0x0000000000000114       0x24
 *(.note.gnu.build-id)
 .note.gnu.build-id
                0x0000000000000114       0x24 /usr/lib/gcc/i686-linux-gnu/5/../../../i386-linux-gnu/crti.o

.hash
 *(.hash)

.gnu.hash       0x0000000000000138     0x15a4
 *(.gnu.hash)
 .gnu.hash      0x0000000000000138     0x15a4 /usr/lib/gcc/i686-linux-gnu/5/../../../i386-linux-gnu/crti.o

.dynsym         0x00000000000016dc     0x2f20
 *(.dynsym)
 .dynsym        0x00000000000016dc     0x2f20 /usr/lib/gcc/i686-linux-gnu/5/../../../i386-linux-gnu/crti.o

.dynstr         0x00000000000045fc     0x36f1
 *(.dynstr)
 .dynstr        0x00000000000045fc     0x36f1 /usr/lib/gcc/i686-linux-gnu/5/../../../i386-linux-gnu/crti.o

.gnu.version    0x0000000000007cee      0x5e4
 *(.gnu.version)
 .gnu.version   0x0000000000007cee      0x5e4 /usr/lib/gcc/i686-linux-gnu/5/../../../i386-linux-gnu/crti.o

.gnu.version_d  0x00000000000082d4        0x0
 *(.gnu.version_d)
 .gnu.version_d
                0x00000000000082d4        0x0 /usr/lib/gcc/i686-linux-gnu/5/../../../i386-linux-gnu/crti.o

.gnu.version_r  0x00000000000082d4       0x40
 *(.gnu.version_r)
 .gnu.version_r
                0x00000000000082d4       0x40 /usr/lib/gcc/i686-linux-gnu/5/../../../i386-linux-gnu/crti.o

.rel.dyn        0x0000000000008314     0x9550
 *(.rel.init)
 .rel.init      0x0000000000008314        0x0 /usr/lib/gcc/i686-linux-gnu/5/../../../i386-linux-gnu/crti.o
 *(.rel.text .rel.text.* .rel.gnu.linkonce.t.*)
 .rel.text      0x0000000000008314     0x8b48 /usr/lib/gcc/i686-linux-gnu/5/../../../i386-linux-gnu/crti.o
 *(.rel.fini)
 .rel.fini      0x0000000000010e5c        0x0 /usr/lib/gcc/i686-linux-gnu/5/../../../i386-linux-gnu/crti.o
 *(.rel.rodata .rel.rodata.* .rel.gnu.linkonce.r.*)
 .rel.rodata    0x0000000000010e5c      0x588 /usr/lib/gcc/i686-linux-gnu/5/../../../i386-linux-gnu/crti.o
 *(.rel.data.rel.ro .rel.data.rel.ro.* .rel.gnu.linkonce.d.rel.ro.*)
 *(.rel.data .rel.data.* .rel.gnu.linkonce.d.*)
 .rel.data.rel.local
                0x00000000000113e4        0x8 /usr/lib/gcc/i686-linux-gnu/5/../../../i386-linux-gnu/crti.o
 .rel.data      0x00000000000113ec      0x440 /usr/lib/gcc/i686-linux-gnu/5/../../../i386-linux-gnu/crti.o
 *(.rel.tdata .rel.tdata.* .rel.gnu.linkonce.td.*)
 *(.rel.tbss .rel.tbss.* .rel.gnu.linkonce.tb.*)
 *(.rel.ctors)
 *(.rel.dtors)
 *(.rel.got)
 .rel.got       0x000000000001182c       0x28 /usr/lib/gcc/i686-linux-gnu/5/../../../i386-linux-gnu/crti.o
 *(.rel.bss .rel.bss.* .rel.gnu.linkonce.b.*)
 *(.rel.ifunc)
 .rel.ifunc     0x0000000000011854        0x0 /usr/lib/gcc/i686-linux-gnu/5/../../../i386-linux-gnu/crti.o
 .rel.fini_array
                0x0000000000011854        0x8 /usr/lib/gcc/i686-linux-gnu/5/../../../i386-linux-gnu/crti.o
 .rel.init_array
                0x000000000001185c        0x8 /usr/lib/gcc/i686-linux-gnu/5/../../../i386-linux-gnu/crti.o

.rel.plt        0x0000000000011864        0x0
 *(.rel.plt)
 .rel.plt       0x0000000000011864        0x0 /usr/lib/gcc/i686-linux-gnu/5/../../../i386-linux-gnu/crti.o
 *(.rel.iplt)

.init           0x0000000000011864       0x23
 *(SORT(.init))
 .init          0x0000000000011864       0x1e /usr/lib/gcc/i686-linux-gnu/5/../../../i386-linux-gnu/crti.o
                0x0000000000011864                _init
 .init          0x0000000000011882        0x5 /usr/lib/gcc/i686-linux-gnu/5/../../../i386-linux-gnu/crtn.o

.plt            0x0000000000011890       0x10
 *(.plt)
 .plt           0x0000000000011890       0x10 /usr/lib/gcc/i686-linux-gnu/5/../../../i386-linux-gnu/crti.o
 *(.iplt)

.plt.got        0x00000000000118a0       0x10
 *(.plt.got)
 .plt.got       0x00000000000118a0       0x10 /usr/lib/gcc/i686-linux-gnu/5/../../../i386-linux-gnu/crti.o

.text           0x00000000000118b0    0x18f62
 *(.text.unlikely .text.*_unlikely .text.unlikely.*)
 .text.unlikely
                0x00000000000118b0        0x0 /usr/lib/gcc/i686-linux-gnu/5/crtbeginS.o
 .text.unlikely
                0x00000000000118b0        0x0 /usr/lib/gcc/i686-linux-gnu/5/libgcc.a(_udivdi3.o)
 *(.text.exit .text.exit.*)
 *(.text.startup .text.startup.*)
 *(.text.hot .text.hot.*)
 *(.text .stub .text.* .gnu.linkonce.t.*)
 .text          0x00000000000118b0        0x0 /usr/lib/gcc/i686-linux-gnu/5/../../../i386-linux-gnu/crti.o
 .gnu.linkonce.t.__x86.get_pc_thunk.bx
                0x00000000000118b0        0x4 /usr/lib/gcc/i686-linux-gnu/5/../../../i386-linux-gnu/crti.o
                0x00000000000118b0                __x86.get_pc_thunk.bx
 *fill*         0x00000000000118b4        0xc 
 .text          0x00000000000118c0      0x11c /usr/lib/gcc/i686-linux-gnu/5/crtbeginS.o
 .text.__x86.get_pc_thunk.dx
                0x00000000000119dc        0x4 /usr/lib/gcc/i686-linux-gnu/5/crtbeginS.o
                0x00000000000119dc                __x86.get_pc_thunk.dx
 .text          0x00000000000119e0      0x41c air_quality_CoAP-server.o
                0x0000000000011a53                client_chunk_handler
 .text          0x0000000000011dfc      0x283 build/cooja/mtype87.o
                0x0000000000011e8e                platform_init_stage_one
                0x0000000000011ea1                platform_init_stage_two
                0x0000000000011eb4                platform_init_stage_three
                0x0000000000011ec7                platform_main_loop
                0x0000000000011f3a                Java_org_contikios_cooja_corecomm_Lib7_init
                0x0000000000011f71                Java_org_contikios_cooja_corecomm_Lib7_getMemory
                0x0000000000011fa4                Java_org_contikios_cooja_corecomm_Lib7_setMemory
                0x0000000000012004                Java_org_contikios_cooja_corecomm_Lib7_tick
                0x000000000001206c                Java_org_contikios_cooja_corecomm_Lib7_setReferenceAddress
 .text          0x000000000001207f       0x65 build/cooja/mtype87.a(simEnvChange.o)
                0x000000000001207f                doActionsBeforeTick
                0x00000000000120b1                doActionsAfterTick
 .text          0x00000000000120e4       0x83 build/cooja/mtype87.a(cooja_mt.o)
                0x00000000000120e4                cooja_mt_start
                0x000000000001210e                cooja_mt_exec
                0x0000000000012144                cooja_mt_yield
 .text          0x0000000000012167       0xbe build/cooja/mtype87.a(cooja_mtarch.o)
                0x0000000000012167                cooja_mtarch_start
                0x00000000000121da                cooja_sw
                0x00000000000121fd                cooja_mtarch_exec
                0x000000000001221a                cooja_mtarch_yield
 .text          0x0000000000012225       0xc5 build/cooja/mtype87.a(rtimer-arch.o)
                0x0000000000012225                rtimer_arch_init
                0x0000000000012249                rtimer_arch_schedule
                0x0000000000012279                rtimer_arch_next
                0x0000000000012289                rtimer_arch_pending
                0x0000000000012293                rtimer_arch_check
                0x00000000000122da                rtimer_arch_now
 .text          0x00000000000122ea       0x81 build/cooja/mtype87.a(beep.o)
                0x00000000000122ea                beep_alarm
                0x00000000000122f7                beep_beep
                0x0000000000012304                beep
                0x0000000000012311                beep_down
                0x000000000001231e                beep_on
                0x000000000001232b                beep_off
                0x0000000000012338                beep_spinup
                0x0000000000012345                beep_quick
                0x0000000000012352                beep_long
 .text          0x000000000001236b       0x65 build/cooja/mtype87.a(leds-arch.o)
                0x000000000001237e                leds_arch_init
 .text          0x00000000000123d0       0x35 build/cooja/mtype87.a(moteid.o)
 .text          0x0000000000012405       0xb7 build/cooja/mtype87.a(pir-sensor.o)
 .text          0x00000000000124bc      0x148 build/cooja/mtype87.a(rs232.o)
                0x00000000000124bc                rs232_init
                0x00000000000124c2                rs232_set_speed
                0x00000000000124d1                rs232_set_input
                0x00000000000124df                rs232_send
                0x0000000000012503                rs232_print
                0x000000000001251f                slip_arch_writeb
 .text          0x0000000000012604       0xb7 build/cooja/mtype87.a(vib-sensor.o)
 .text          0x00000000000126bb       0x38 build/cooja/mtype87.a(clock.o)
                0x00000000000126bb                clock_init
                0x00000000000126c1                clock_time
                0x00000000000126cb                clock_seconds
                0x00000000000126e1                clock_delay
 .text          0x00000000000126f3      0x219 build/cooja/mtype87.a(cooja-log.o)
                0x00000000000126f3                simlog_char
                0x0000000000012736                simlog
                0x00000000000127ac                log_message
                0x00000000000127dd                log_set_putchar_with_slip
                0x00000000000127eb                log_putchar
                0x0000000000012866                log_puts
                0x000000000001288e                log_printf
 .text          0x000000000001290c      0x2b9 build/cooja/mtype87.a(cfs-cooja.o)
                0x000000000001290c                cfs_open
                0x0000000000012975                cfs_close
                0x0000000000012982                cfs_read
                0x0000000000012a17                cfs_write
                0x0000000000012af3                cfs_seek
                0x0000000000012b7b                cfs_remove
                0x0000000000012b9f                cfs_opendir
                0x0000000000012ba9                cfs_readdir
                0x0000000000012bb3                cfs_closedir
 .text          0x0000000000012bc5      0x620 build/cooja/mtype87.a(cooja-radio.o)
                0x0000000000012c07                radio_set_channel
                0x0000000000012c15                radio_set_txpower
                0x0000000000012c2d                radio_signal_strength_last
                0x0000000000012c37                radio_signal_strength_current
                0x0000000000012c41                radio_LQI
 .text          0x00000000000131e5       0xee build/cooja/mtype87.a(eeprom.o)
                0x00000000000131e5                eeprom_init
                0x00000000000131eb                eeprom_read
                0x0000000000013259                eeprom_write
 .text          0x00000000000132d3       0x2d build/cooja/mtype87.a(random.o)
                0x00000000000132d3                random_init
                0x00000000000132f3                random_rand
 .text          0x0000000000013300      0x29c build/cooja/mtype87.a(sensors.o)
                0x000000000001333b                sensors_first
                0x0000000000013345                sensors_next
                0x000000000001335f                sensors_changed
                0x0000000000013393                sensors_find
 .text          0x000000000001359c      0x349 build/cooja/mtype87.a(leds.o)
                0x000000000001359c                leds_init
                0x00000000000135e3                leds_single_on
                0x0000000000013642                leds_single_off
                0x00000000000136a1                leds_single_toggle
                0x00000000000136d3                leds_on
                0x0000000000013755                leds_off
                0x00000000000137d7                leds_toggle
                0x000000000001382c                leds_set
                0x0000000000013858                leds_get
 .text          0x00000000000138e5      0x343 build/cooja/mtype87.a(gpio-hal-arch.o)
                0x00000000000138e5                gpio_hal_arch_register_pin_callback
                0x0000000000013951                gpio_hal_arch_init
                0x0000000000013996                gpio_hal_arch_no_port_interrupt_enable
                0x00000000000139c6                gpio_hal_arch_no_port_interrupt_disable
                0x00000000000139f6                gpio_hal_arch_no_port_pin_cfg_set
                0x0000000000013a1b                gpio_hal_arch_no_port_pin_cfg_get
                0x0000000000013a41                gpio_hal_arch_no_port_pin_set_input
                0x0000000000013a53                gpio_hal_arch_no_port_pin_set_output
                0x0000000000013a65                gpio_hal_arch_no_port_set_pin
                0x0000000000013a86                gpio_hal_arch_no_port_clear_pin
                0x0000000000013aa7                gpio_hal_arch_no_port_read_pin
                0x0000000000013acd                gpio_hal_arch_no_port_write_pin
                0x0000000000013af7                gpio_hal_arch_no_port_set_pins
                0x0000000000013b3e                gpio_hal_arch_no_port_clear_pins
                0x0000000000013b85                gpio_hal_arch_no_port_read_pins
                0x0000000000013bc8                gpio_hal_arch_no_port_write_pins
 .text          0x0000000000013c28       0x89 build/cooja/mtype87.a(buttons.o)
 .text          0x0000000000013cb1      0x18f build/cooja/mtype87.a(res-ventilation)
 .text          0x0000000000013e40      0x21b build/cooja/mtype87.a(res-co2_sensor.)
 .text          0x000000000001405b      0x27b build/cooja/mtype87.a(coap-blocking-a)
                0x000000000001405b                coap_blocking_request_callback
                0x0000000000014085                coap_blocking_request
 .text          0x00000000000142d6      0xbea build/cooja/mtype87.a(coap-engine.o)
                0x000000000001436b                coap_add_handler
                0x0000000000014388                coap_remove_handler
                0x00000000000143a5                coap_call_handlers
                0x00000000000144ad                coap_receive
                0x0000000000014aa8                coap_engine_init
                0x0000000000014b06                coap_activate_resource
                0x0000000000014bb1                coap_get_first_resource
                0x0000000000014bca                coap_get_next_resource
 .text          0x0000000000014ec0      0x2d9 build/cooja/mtype87.a(coap-res-well-k)
 .text          0x0000000000015199      0x96a build/cooja/mtype87.a(coap-observe.o)
                0x00000000000152ae                coap_remove_observer
                0x00000000000152de                coap_remove_observer_by_client
                0x0000000000015346                coap_remove_observer_by_token
                0x00000000000153d9                coap_remove_observer_by_uri
                0x0000000000015480                coap_remove_observer_by_mid
                0x00000000000154fc                coap_notify_observers
                0x0000000000015515                coap_notify_observers_sub
                0x000000000001597f                coap_observe_handler
                0x0000000000015a9a                coap_has_observers
 .text          0x0000000000015b03      0x733 build/cooja/mtype87.a(coap-uip.o)
                0x0000000000015b03                coap_endpoint_log
                0x0000000000015b89                coap_endpoint_print
                0x0000000000015c0f                coap_endpoint_snprint
                0x0000000000015d42                coap_endpoint_copy
                0x0000000000015d7f                coap_endpoint_cmp
                0x0000000000015e8d                coap_endpoint_parse
                0x0000000000016078                coap_endpoint_is_secure
                0x0000000000016087                coap_endpoint_is_connected
                0x00000000000160bb                coap_endpoint_connect
                0x00000000000160d7                coap_endpoint_disconnect
                0x00000000000160dd                coap_databuf
                0x00000000000160e7                coap_transport_init
                0x0000000000016137                coap_sendto
 .text          0x0000000000016236      0x324 build/cooja/mtype87.a(coap-timer.o)
                0x0000000000016333                coap_timer_stop
                0x000000000001635e                coap_timer_set
                0x00000000000163a1                coap_timer_reset
                0x00000000000163e4                coap_timer_time_to_next_expiration
                0x0000000000016450                coap_timer_run
                0x000000000001651c                coap_timer_init
 .text          0x000000000001655a      0x2c6 build/cooja/mtype87.a(coap-transactio)
                0x00000000000165c0                coap_new_transaction
                0x0000000000016626                coap_send_transaction
                0x0000000000016787                coap_clear_transaction
                0x00000000000167cf                coap_get_transaction_by_mid
 .text          0x0000000000016820     0x1c53 build/cooja/mtype87.a(coap.o)
                0x0000000000016d8d                coap_init_connection
                0x0000000000016da1                coap_get_mid
                0x0000000000016dbd                coap_init_message
                0x0000000000016e06                coap_serialize_message
                0x0000000000017488                coap_parse_message
                0x0000000000017aef                coap_get_query_variable
                0x0000000000017b31                coap_get_post_variable
                0x0000000000017b75                coap_set_status_code
                0x0000000000017b9a                coap_set_token
                0x0000000000017be1                coap_get_header_content_format
                0x0000000000017c12                coap_set_header_content_format
                0x0000000000017c35                coap_get_header_accept
                0x0000000000017c66                coap_set_header_accept
                0x0000000000017c89                coap_get_header_max_age
                0x0000000000017cba                coap_set_header_max_age
                0x0000000000017cda                coap_get_header_etag
                0x0000000000017d0c                coap_set_header_etag
                0x0000000000017d63                coap_get_header_if_match
                0x0000000000017d95                coap_set_header_if_match
                0x0000000000017dec                coap_get_header_if_none_match
                0x0000000000017e06                coap_set_header_if_none_match
                0x0000000000017e1d                coap_get_header_proxy_uri
                0x0000000000017e4b                coap_set_header_proxy_uri
                0x0000000000017e88                coap_get_header_uri_host
                0x0000000000017eb6                coap_set_header_uri_host
                0x0000000000017ef3                coap_get_header_uri_path
                0x0000000000017f21                coap_set_header_uri_path
                0x0000000000017f6e                coap_get_header_uri_query
                0x0000000000017fa2                coap_set_header_uri_query
                0x0000000000017ff8                coap_get_header_location_path
                0x0000000000018026                coap_set_header_location_path
                0x00000000000180bf                coap_get_header_location_query
                0x00000000000180ed                coap_set_header_location_query
                0x000000000001813a                coap_get_header_observe
                0x0000000000018169                coap_set_header_observe
                0x0000000000018189                coap_get_header_block2
                0x00000000000181f5                coap_set_header_block2
                0x000000000001826c                coap_get_header_block1
                0x00000000000182e1                coap_set_header_block1
                0x000000000001835c                coap_get_header_size2
                0x000000000001838c                coap_set_header_size2
                0x00000000000183af                coap_get_header_size1
                0x00000000000183df                coap_set_header_size1
                0x0000000000018402                coap_get_payload
                0x000000000001843c                coap_set_payload
 .text          0x0000000000018473      0x332 build/cooja/mtype87.a(contiki-main.o)
                0x0000000000018473                main
 .text          0x00000000000187a5       0x92 build/cooja/mtype87.a(autostart.o)
                0x00000000000187a5                autostart_start
                0x00000000000187ef                autostart_exit
 .text          0x0000000000018837      0x355 build/cooja/mtype87.a(ctimer.o)
                0x000000000001895f                ctimer_init
                0x0000000000018992                ctimer_set
                0x00000000000189b8                ctimer_set_with_process
                0x0000000000018a35                ctimer_reset
                0x0000000000018a89                ctimer_restart
                0x0000000000018add                ctimer_stop
                0x0000000000018b2d                ctimer_expired
 .text          0x0000000000018b8c      0x394 build/cooja/mtype87.a(log.o)
                0x0000000000018b8c                log_6addr
                0x0000000000018bdf                log_6addr_compact_snprint
                0x0000000000018c7d                log_6addr_compact
                0x0000000000018cd0                log_lladdr
                0x0000000000018d42                log_lladdr_compact
                0x0000000000018daa                log_set_level
                0x0000000000018e65                log_get_level
                0x0000000000018ede                log_level_to_str
 .text          0x0000000000018f20       0x1b build/cooja/mtype87.a(energest.o)
                0x0000000000018f20                energest_init
                0x0000000000018f26                energest_flush
                0x0000000000018f2c                energest_get_total_time
 .text          0x0000000000018f3b      0x43f build/cooja/mtype87.a(etimer.o)
                0x000000000001915f                etimer_request_poll
                0x00000000000191e8                etimer_set
                0x0000000000019211                etimer_reset_with_new_interval
                0x0000000000019240                etimer_reset
                0x0000000000019266                etimer_restart
                0x000000000001928c                etimer_adjust
                0x00000000000192a9                etimer_expired
                0x00000000000192bc                etimer_expiration_time
                0x00000000000192ce                etimer_start_time
                0x00000000000192d8                etimer_pending
                0x00000000000192ea                etimer_next_expiration_time
                0x0000000000019304                etimer_stop
 .text          0x000000000001937a       0x25 build/cooja/mtype87.a(node-id.o)
                0x000000000001937a                node_id_init
 .text          0x000000000001939f       0xeb build/cooja/mtype87.a(rtimer.o)
                0x000000000001939f                rtimer_init
                0x00000000000193ad                rtimer_set
                0x0000000000019428                rtimer_run_next
 .text          0x000000000001948a      0x4fb build/cooja/mtype87.a(process.o)
                0x000000000001948a                process_alloc_event
                0x000000000001949f                process_start
                0x0000000000019679                process_exit
                0x0000000000019696                process_init
                0x000000000001982b                process_run
                0x000000000001985e                process_nevents
                0x0000000000019879                process_post
                0x000000000001990c                process_post_synch
                0x0000000000019941                process_poll
                0x0000000000019971                process_is_running
 .text          0x0000000000019985       0xb1 build/cooja/mtype87.a(timer.o)
                0x0000000000019985                timer_set
                0x00000000000199a3                timer_reset
                0x00000000000199d0                timer_restart
                0x00000000000199e5                timer_expired
                0x0000000000019a12                timer_remaining
 .text          0x0000000000019a36      0x28f build/cooja/mtype87.a(list.o)
                0x0000000000019a36                list_init
                0x0000000000019a45                list_head
                0x0000000000019a4f                list_copy
                0x0000000000019a5f                list_tail
                0x0000000000019a95                list_add
                0x0000000000019ae1                list_push
                0x0000000000019b0d                list_chop
                0x0000000000019b77                list_pop
                0x0000000000019b9f                list_remove
                0x0000000000019c07                list_length
                0x0000000000019c35                list_insert
                0x0000000000019c7a                list_item_next
                0x0000000000019c91                list_contains
 .text          0x0000000000019cc5      0x1b5 build/cooja/mtype87.a(memb.o)
                0x0000000000019cc5                memb_init
                0x0000000000019d1a                memb_alloc
                0x0000000000019d7d                memb_free
                0x0000000000019df4                memb_inmemb
                0x0000000000019e33                memb_numfree
 .text          0x0000000000019e7a      0x41c build/cooja/mtype87.a(button-hal.o)
                0x0000000000019ff3                button_hal_get_by_id
                0x000000000001a031                button_hal_get_by_index
                0x000000000001a05d                button_hal_get_state
                0x000000000001a0af                button_hal_init
 .text          0x000000000001a296      0x1f3 build/cooja/mtype87.a(serial-line.o)
                0x000000000001a296                serial_line_input_byte
                0x000000000001a454                serial_line_init
 .text          0x000000000001a489      0x168 build/cooja/mtype87.a(gpio-hal.o)
                0x000000000001a489                gpio_hal_register_handler
                0x000000000001a4a6                gpio_hal_event_handler
                0x000000000001a502                gpio_hal_init
                0x000000000001a521                gpio_hal_arch_port_toggle_pin
                0x000000000001a55d                gpio_hal_arch_port_toggle_pins
                0x000000000001a58b                gpio_hal_arch_no_port_toggle_pin
                0x000000000001a5c9                gpio_hal_arch_no_port_toggle_pins
 .text          0x000000000001a5f1      0x2e7 build/cooja/mtype87.a(queuebuf.o)
                0x000000000001a5fb                queuebuf_init
                0x000000000001a624                queuebuf_numfree
                0x000000000001a63c                queuebuf_new_from_packetbuf
                0x000000000001a6db                queuebuf_update_attr_from_packetbuf
                0x000000000001a710                queuebuf_update_from_packetbuf
                0x000000000001a760                queuebuf_free
                0x000000000001a7a9                queuebuf_to_packetbuf
                0x000000000001a815                queuebuf_dataptr
                0x000000000001a84f                queuebuf_datalen
                0x000000000001a872                queuebuf_addr
                0x000000000001a8a7                queuebuf_attr
                0x000000000001a8d2                queuebuf_debug_print
 .text          0x000000000001a8d8      0x407 build/cooja/mtype87.a(packetbuf.o)
                0x000000000001a8d8                packetbuf_clear
                0x000000000001a903                packetbuf_copyfrom
                0x000000000001a952                packetbuf_copyto
                0x000000000001a9e5                packetbuf_hdralloc
                0x000000000001aa61                packetbuf_hdrreduce
                0x000000000001aaa7                packetbuf_set_datalen
                0x000000000001aac1                packetbuf_dataptr
                0x000000000001aade                packetbuf_hdrptr
                0x000000000001aae8                packetbuf_datalen
                0x000000000001aaf4                packetbuf_hdrlen
                0x000000000001ab0b                packetbuf_totlen
                0x000000000001ab21                packetbuf_remaininglen
                0x000000000001ab34                packetbuf_attr_clear
                0x000000000001ab80                packetbuf_attr_copyto
                0x000000000001abd8                packetbuf_attr_copyfrom
                0x000000000001ac30                packetbuf_set_attr
                0x000000000001ac5a                packetbuf_attr
                0x000000000001ac74                packetbuf_set_addr
                0x000000000001aca5                packetbuf_addr
                0x000000000001acc2                packetbuf_holds_broadcast
 .text          0x000000000001acdf       0xef build/cooja/mtype87.a(netstack.o)
                0x000000000001acdf                netstack_process_ip_callback
                0x000000000001ad70                netstack_ip_packet_processor_add
                0x000000000001ad93                uip_ds6_ip_packet_processor_rm
                0x000000000001adb0                netstack_init
 .text          0x000000000001adce       0x4f build/cooja/mtype87.a(linkaddr.o)
                0x000000000001adce                linkaddr_copy
                0x000000000001ade4                linkaddr_cmp
                0x000000000001ae07                linkaddr_set_node_addr
 .text          0x000000000001ae1d      0x1f6 build/cooja/mtype87.a(csma.o)
 .text          0x000000000001b013      0x95d build/cooja/mtype87.a(csma-output.o)
                0x000000000001b6aa                csma_output_packet
                0x000000000001b937                csma_output_init
 .text          0x000000000001b970      0xc11 build/cooja/mtype87.a(uip-ds6.o)
                0x000000000001b970                uip_ds6_default_prefix
                0x000000000001b97a                uip_ds6_set_default_prefix
                0x000000000001b9a5                uip_ds6_init
                0x000000000001bc07                uip_ds6_periodic
                0x000000000001bc8e                uip_ds6_list_loop
                0x000000000001bd4e                uip_ds6_prefix_add
                0x000000000001bdfa                uip_ds6_prefix_rm
                0x000000000001be0d                uip_ds6_prefix_lookup
                0x000000000001be4c                uip_ds6_is_addr_onlink
                0x000000000001bebf                uip_ds6_addr_add
                0x000000000001bfdf                uip_ds6_addr_rm
                0x000000000001c088                uip_ds6_addr_lookup
                0x000000000001c0c1                uip_ds6_get_link_local
                0x000000000001c142                uip_ds6_get_global
                0x000000000001c1c3                uip_ds6_maddr_add
                0x000000000001c223                uip_ds6_maddr_rm
                0x000000000001c236                uip_ds6_maddr_lookup
                0x000000000001c26f                uip_ds6_aaddr_add
                0x000000000001c2cf                uip_ds6_aaddr_rm
                0x000000000001c2e2                uip_ds6_aaddr_lookup
                0x000000000001c31b                uip_ds6_select_src
                0x000000000001c464                uip_ds6_set_addr_iid
                0x000000000001c48f                uip_ds6_set_lladdr_from_iid
                0x000000000001c4b8                get_match_length
                0x000000000001c549                uip_ds6_compute_reachable_time
 .text          0x000000000001c581      0x128 build/cooja/mtype87.a(uip-udp-packet.)
                0x000000000001c581                uip_udp_packet_send
                0x000000000001c5dc                uip_udp_packet_sendto
 .text          0x000000000001c6a9      0xa3c build/cooja/mtype87.a(uip-ds6-route.o)
                0x000000000001c793                uip_ds6_notification_add
                0x000000000001c7c5                uip_ds6_notification_rm
                0x000000000001c7e2                uip_ds6_route_init
                0x000000000001c881                uip_ds6_route_nexthop
                0x000000000001c8b0                uip_ds6_route_head
                0x000000000001c8c9                uip_ds6_route_next
                0x000000000001c8f2                uip_ds6_route_is_nexthop
                0x000000000001c934                uip_ds6_route_num_routes
                0x000000000001c93e                uip_ds6_route_lookup
                0x000000000001ca15                uip_ds6_route_add
                0x000000000001cc55                uip_ds6_route_rm
                0x000000000001cdf3                uip_ds6_route_rm_by_nexthop
                0x000000000001ce32                uip_ds6_defrt_head
                0x000000000001ce4b                uip_ds6_defrt_add
                0x000000000001cf0c                uip_ds6_defrt_rm
                0x000000000001cf8d                uip_ds6_defrt_lookup
                0x000000000001cff4                uip_ds6_defrt_choose
                0x000000000001d06a                uip_ds6_defrt_periodic
 .text          0x000000000001d0e5      0x6f7 build/cooja/mtype87.a(tcpip.o)
                0x000000000001d0ff                tcpip_output
                0x000000000001d17e                udp_attach
                0x000000000001d196                udp_new
                0x000000000001d1e0                udp_broadcast_new
                0x000000000001d352                tcpip_input
                0x000000000001d4e2                tcpip_ipv6_output
                0x000000000001d6d6                tcpip_poll_udp
                0x000000000001d6f4                tcpip_uipcall
 .text          0x000000000001d7dc     0x1205 build/cooja/mtype87.a(uip6.o)
                0x000000000001d88b                uip_chksum
                0x000000000001d962                uip_icmp6chksum
                0x000000000001d977                uip_udpchksum
                0x000000000001d98c                uip_init
                0x000000000001d9d5                uip_remove_ext_hdr
                0x000000000001daaf                uip_udp_new
                0x000000000001ddc3                uip_process
                0x000000000001e8bb                uip_htons
                0x000000000001e8dd                uip_htonl
                0x000000000001e91b                uip_send
 .text          0x000000000001e9e1      0x369 build/cooja/mtype87.a(uip-ds6-nbr.o)
                0x000000000001e9e1                uip_ds6_neighbors_init
                0x000000000001ea05                uip_ds6_nbr_add
                0x000000000001ea8b                uip_ds6_nbr_rm
                0x000000000001ead6                uip_ds6_nbr_update_ll
                0x000000000001ebc4                uip_ds6_nbr_get_ipaddr
                0x000000000001ebd9                uip_ds6_nbr_get_ll
                0x000000000001ebf5                uip_ds6_nbr_num
                0x000000000001ec3e                uip_ds6_nbr_head
                0x000000000001ec57                uip_ds6_nbr_next
                0x000000000001ec73                uip_ds6_nbr_lookup
                0x000000000001eccb                uip_ds6_nbr_ll_lookup
                0x000000000001ece7                uip_ds6_nbr_ipaddr_from_lladdr
                0x000000000001ed10                uip_ds6_nbr_lladdr_from_ipaddr
                0x000000000001ed44                uip_ds6_link_callback
 .text          0x000000000001ed4a      0x6a7 build/cooja/mtype87.a(uip-nd6.o)
                0x000000000001f3d8                uip_nd6_init
 .text          0x000000000001f3f1     0x2c17 build/cooja/mtype87.a(sicslowpan.o)
                0x000000000001f9f8                netstack_sniffer_add
                0x000000000001fa06                netstack_sniffer_remove
                0x0000000000021fdc                sicslowpan_init
                0x0000000000021ffe                sicslowpan_get_last_rssi
 .text          0x0000000000022008      0x4d1 build/cooja/mtype87.a(uiplib.o)
                0x0000000000022008                uiplib_ip6addrconv
                0x00000000000221c0                uiplib_ip4addrconv
                0x0000000000022283                uiplib_ipaddr_print
                0x00000000000222d6                uiplib_ipaddr_snprint
 .text          0x00000000000224d9      0x4c9 build/cooja/mtype87.a(rpl.o)
                0x00000000000224d9                rpl_lollipop_greater_than
                0x0000000000022533                rpl_get_global_address
                0x000000000002262b                rpl_link_callback
                0x000000000002266f                rpl_has_joined
                0x0000000000022694                rpl_is_reachable
                0x0000000000022715                rpl_reset_prefix
                0x000000000002277f                rpl_set_prefix_from_addr
                0x0000000000022864                rpl_set_prefix
                0x000000000002297e                rpl_set_leaf_only
                0x0000000000022996                rpl_get_leaf_only
 .text          0x00000000000229a2     0x138c build/cooja/mtype87.a(rpl-icmp6.o)
                0x0000000000022ac7                rpl_icmp6_update_nbr_table
                0x0000000000022b50                rpl_icmp6_dis_output
                0x0000000000023196                rpl_icmp6_dio_output
                0x0000000000023994                rpl_icmp6_dao_output
                0x0000000000023c75                rpl_icmp6_dao_ack_output
                0x0000000000023ce5                rpl_icmp6_init
 .text          0x0000000000023d2e      0x264 build/cooja/mtype87.a(rpl-dag-root.o)
                0x0000000000023d2e                rpl_dag_root_print_links
                0x0000000000023e5a                rpl_dag_root_set_prefix
                0x0000000000023e86                rpl_dag_root_start
                0x0000000000023f63                rpl_dag_root_is_root
 .text          0x0000000000023f92       0x30 build/cooja/mtype87.a(watchdog.o)
                0x0000000000023f92                watchdog_init
                0x0000000000023f98                watchdog_start
                0x0000000000023f9e                watchdog_periodic
                0x0000000000023fb6                watchdog_stop
                0x0000000000023fbc                watchdog_reboot
 .text          0x0000000000023fc2       0x4a build/cooja/mtype87.a(int-master.o)
                0x0000000000023fc2                int_master_enable
                0x0000000000023fd2                int_master_read_and_disable
                0x0000000000023fef                int_master_status_set
                0x0000000000023ffd                int_master_is_enabled
 .text          0x000000000002400c      0x226 build/cooja/mtype87.a(coap-timer-defa)
 .text          0x0000000000024232       0xc7 build/cooja/mtype87.a(stimer.o)
                0x0000000000024232                stimer_set
                0x0000000000024250                stimer_reset
                0x000000000002427d                stimer_restart
                0x0000000000024292                stimer_expired
                0x00000000000242bd                stimer_remaining
                0x00000000000242e1                stimer_elapsed
 .text          0x00000000000242f9      0x156 build/cooja/mtype87.a(ringbuf.o)
                0x00000000000242f9                ringbuf_init
                0x000000000002432b                ringbuf_put
                0x00000000000243a9                ringbuf_get
                0x0000000000024416                ringbuf_size
                0x0000000000024428                ringbuf_elements
 .text          0x000000000002444f       0x1f build/cooja/mtype87.a(assert.o)
                0x000000000002444f                _xassert
 .text          0x000000000002446e      0x79b build/cooja/mtype87.a(nbr-table.o)
                0x00000000000248e7                nbr_table_register
                0x0000000000024954                nbr_table_is_registered
                0x000000000002498f                nbr_table_head
                0x00000000000249ea                nbr_table_next
                0x0000000000024a4b                nbr_table_add_lladdr
                0x0000000000024b25                nbr_table_get_from_lladdr
                0x0000000000024b71                nbr_table_remove
                0x0000000000024ba9                nbr_table_lock
                0x0000000000024bc3                nbr_table_unlock
                0x0000000000024bdd                nbr_table_get_lladdr
 .text          0x0000000000024c09      0x3a5 build/cooja/mtype87.a(link-stats.o)
                0x0000000000024c09                link_stats_from_lladdr
                0x0000000000024c25                link_stats_get_lladdr
                0x0000000000024c41                link_stats_is_fresh
                0x0000000000024c7d                guess_etx_from_rssi
                0x0000000000024cf9                link_stats_packet_sent
                0x0000000000024e19                link_stats_input_callback
                0x0000000000024f29                link_stats_reset
                0x0000000000024f79                link_stats_init
 .text          0x0000000000024fae      0x187 build/cooja/mtype87.a(mac-sequence.o)
                0x0000000000024fae                mac_sequence_is_duplicate
                0x000000000002504e                mac_sequence_register_seqno
 .text          0x0000000000025135       0x23 build/cooja/mtype87.a(mac.o)
                0x0000000000025135                mac_call_sent_callback
 .text          0x0000000000025158      0x432 build/cooja/mtype87.a(framer-802154.o)
                0x00000000000252e7                framer_802154_setup_params
 .text          0x000000000002558a      0xb6f build/cooja/mtype87.a(frame802154.o)
                0x00000000000255bb                frame802154_get_pan_id
                0x00000000000255c7                frame802154_set_pan_id
                0x00000000000255e1                frame802154_has_panid
                0x0000000000025790                frame802154_check_dest_panid
                0x0000000000025818                frame802154_is_broadcast_addr
                0x0000000000025865                frame802154_extract_linkaddr
                0x0000000000025aca                frame802154_hdrlen
                0x0000000000025b3d                frame802154_create_fcf
                0x0000000000025bf5                frame802154_create
                0x0000000000025d6a                frame802154_parse_fcf
                0x0000000000025e4c                frame802154_parse
 .text          0x00000000000260f9       0x2d build/cooja/mtype87.a(csma-security.o)
                0x00000000000260f9                csma_security_create_frame
                0x0000000000026117                csma_security_parse_frame
 .text          0x0000000000026126      0x4e4 build/cooja/mtype87.a(uipbuf.o)
                0x0000000000026126                uipbuf_clear
                0x000000000002614d                uipbuf_add_ext_hdr
                0x00000000000261cd                uipbuf_set_len
                0x00000000000261fa                uipbuf_set_len_field
                0x0000000000026226                uipbuf_get_len_field
                0x0000000000026246                uipbuf_get_next_header
                0x0000000000026378                uipbuf_get_last_header
                0x00000000000263f1                uipbuf_search_header
                0x00000000000264a7                uipbuf_get_attr
                0x00000000000264ce                uipbuf_set_attr
                0x0000000000026505                uipbuf_set_default_attr
                0x000000000002653c                uipbuf_clear_attr
                0x0000000000026560                uipbuf_set_attr_flag
                0x0000000000026581                uipbuf_clr_attr_flag
                0x00000000000265a8                uipbuf_is_attr_flag
                0x00000000000265cc                uipbuf_init
 .text          0x000000000002660a      0x73f build/cooja/mtype87.a(uip-icmp6.o)
                0x000000000002667f                uip_icmp6_input
                0x00000000000266d6                uip_icmp6_register_input_handler
                0x0000000000026829                uip_icmp6_error_output
                0x0000000000026ada                uip_icmp6_send
                0x0000000000026cd1                uip_icmp6_echo_reply_callback_add
                0x0000000000026d03                uip_icmp6_echo_reply_callback_rm
                0x0000000000026d20                uip_icmp6_init
 .text          0x0000000000026d49      0x69b build/cooja/mtype87.a(uip-sr.o)
                0x0000000000026d49                uip_sr_num_nodes
                0x0000000000026dd7                uip_sr_get_node
                0x0000000000026e2e                uip_sr_is_addr_reachable
                0x0000000000026edc                uip_sr_expire_parent
                0x0000000000026f25                uip_sr_update_node
                0x0000000000027055                uip_sr_init
                0x0000000000027089                uip_sr_node_head
                0x00000000000270a2                uip_sr_node_next
                0x00000000000270b8                uip_sr_periodic
                0x00000000000271be                uip_sr_free_all
                0x000000000002722e                uip_sr_link_snprint
 .text          0x00000000000273e4      0x146 build/cooja/mtype87.a(uip-packetqueue)
                0x0000000000027412                uip_packetqueue_new
                0x0000000000027421                uip_packetqueue_alloc
                0x000000000002747c                uip_packetqueue_free
                0x00000000000274c3                uip_packetqueue_buf
                0x00000000000274e0                uip_packetqueue_buflen
                0x0000000000027501                uip_packetqueue_set_buflen
 .text          0x000000000002752a      0x1b0 build/cooja/mtype87.a(rpl-nbr-policy.)
                0x0000000000027697                rpl_nbr_policy_find_removable
 .text          0x00000000000276da      0x915 build/cooja/mtype87.a(rpl-neighbor.o)
                0x0000000000027756                rpl_neighbor_snprint
                0x0000000000027a09                rpl_neighbor_print_list
                0x0000000000027abe                rpl_neighbor_count
                0x0000000000027b65                rpl_neighbor_get_from_lladdr
                0x0000000000027b81                rpl_neighbor_is_acceptable_parent
                0x0000000000027bb5                rpl_neighbor_get_link_metric
                0x0000000000027be9                rpl_neighbor_rank_via_nbr
                0x0000000000027c1d                rpl_neighbor_get_lladdr
                0x0000000000027c39                rpl_neighbor_get_ipaddr
                0x0000000000027c60                rpl_neighbor_get_link_stats
                0x0000000000027c87                rpl_neighbor_is_fresh
                0x0000000000027cae                rpl_neighbor_is_reachable
                0x0000000000027cf9                rpl_neighbor_is_parent
                0x0000000000027d23                rpl_neighbor_set_preferred_parent
                0x0000000000027dba                rpl_neighbor_remove_all
                0x0000000000027e16                rpl_neighbor_get_from_ipaddr
                0x0000000000027f24                rpl_neighbor_select_best
                0x0000000000027fd0                rpl_neighbor_init
 .text          0x0000000000027fef      0xe69 build/cooja/mtype87.a(rpl-dag.o)
                0x0000000000027fef                rpl_dag_state_to_str
                0x000000000002802e                rpl_dag_get_root_ipaddr
                0x0000000000028076                rpl_dag_leave
                0x00000000000280ff                rpl_dag_poison_and_leave
                0x0000000000028117                rpl_dag_periodic
                0x000000000002819f                rpl_is_addr_in_our_dag
                0x00000000000281e3                rpl_get_default_instance
                0x00000000000281ff                rpl_get_any_dag
                0x0000000000028258                rpl_refresh_routes
                0x0000000000028298                rpl_global_repair
                0x0000000000028331                rpl_local_repair
                0x000000000002837b                rpl_dag_ready_to_advertise
                0x00000000000283be                rpl_dag_update_state
                0x0000000000028aeb                rpl_process_dio
                0x0000000000028b69                rpl_process_dis
                0x0000000000028bae                rpl_process_dao
                0x0000000000028c3d                rpl_process_dao_ack
                0x0000000000028cd4                rpl_process_hbh
                0x0000000000028d24                rpl_dag_init_root
                0x0000000000028e38                rpl_dag_init
 .text          0x0000000000028e58      0x9e7 build/cooja/mtype87.a(rpl-timers.o)
                0x0000000000028e58                rpl_timers_schedule_periodic_dis
                0x0000000000028fa6                rpl_timers_dio_reset
                0x00000000000290b4                rpl_timers_schedule_unicast_dio
                0x0000000000029208                rpl_timers_schedule_dao
                0x00000000000292c7                rpl_timers_schedule_dao_ack
                0x000000000002934d                rpl_timers_notify_dao_ack
                0x00000000000293ab                get_probing_delay
                0x00000000000293df                get_probing_target
                0x00000000000295c9                rpl_schedule_probing
                0x00000000000295f7                rpl_schedule_probing_now
                0x0000000000029661                rpl_timers_unschedule_leaving
                0x0000000000029699                rpl_timers_schedule_leaving
                0x00000000000296da                rpl_timers_init
                0x000000000002976a                rpl_timers_stop_dag_timers
                0x00000000000297e3                rpl_timers_unschedule_state_update
                0x0000000000029807                rpl_timers_schedule_state_update
 .text          0x000000000002983f      0xb8e build/cooja/mtype87.a(rpl-ext-header.)
                0x000000000002983f                rpl_ext_header_srh_get_next_hop
                0x0000000000029926                rpl_ext_header_srh_update
                0x0000000000029e92                rpl_ext_header_hbh_update
                0x000000000002a192                rpl_ext_header_update
                0x000000000002a21b                rpl_ext_header_remove
 .text          0x000000000002a3cd      0x31b build/cooja/mtype87.a(rpl-mrhof.o)
 *fill*         0x000000000002a6e8        0x8 
 .text          0x000000000002a6f0      0x122 /usr/lib/gcc/i686-linux-gnu/5/libgcc.a(_udivdi3.o)
                0x000000000002a6f0                __udivdi3
 .text          0x000000000002a812        0x0 /usr/lib/gcc/i686-linux-gnu/5/crtendS.o
 .text          0x000000000002a812        0x0 /usr/lib/gcc/i686-linux-gnu/5/../../../i386-linux-gnu/crtn.o
 *(.gnu.warning)

.fini           0x000000000002a814       0x14
 *(SORT(.fini))
 .fini          0x000000000002a814        0xf /usr/lib/gcc/i686-linux-gnu/5/../../../i386-linux-gnu/crti.o
                0x000000000002a814                _fini
 .fini          0x000000000002a823        0x5 /usr/lib/gcc/i686-linux-gnu/5/../../../i386-linux-gnu/crtn.o
                [!provide]                        PROVIDE (__etext, .)
                [!provide]                        PROVIDE (_etext, .)
                [!provide]                        PROVIDE (etext, .)

.rodata         0x000000000002a840      0xc0b
 *(.rodata .rodata.* .gnu.linkonce.r.*)
 .rodata        0x000000000002a840      0x142 air_quality_CoAP-server.o
                0x000000000002a864                autostart_processes
 *fill*         0x000000000002a982        0x2 
 .rodata        0x000000000002a984        0x8 build/cooja/mtype87.a(beep.o)
                0x000000000002a984                beep_interface
 .rodata        0x000000000002a98c        0xe build/cooja/mtype87.a(leds-arch.o)
                0x000000000002a98c                leds_interface
                0x000000000002a994                leds_arch_leds
 *fill*         0x000000000002a99a        0x2 
 .rodata        0x000000000002a99c        0x8 build/cooja/mtype87.a(moteid.o)
                0x000000000002a99c                moteid_interface
 .rodata        0x000000000002a9a4       0x1c build/cooja/mtype87.a(pir-sensor.o)
                0x000000000002a9a4                pir_interface
                0x000000000002a9b0                pir_sensor
 .rodata        0x000000000002a9c0        0xe build/cooja/mtype87.a(rs232.o)
                0x000000000002a9c0                rs232_interface
 *fill*         0x000000000002a9ce        0x2 
 .rodata        0x000000000002a9d0       0x24 build/cooja/mtype87.a(vib-sensor.o)
                0x000000000002a9d0                vib_interface
                0x000000000002a9e4                vib_sensor
 .rodata        0x000000000002a9f4        0x8 build/cooja/mtype87.a(clock.o)
                0x000000000002a9f4                clock_interface
 .rodata        0x000000000002a9fc        0x8 build/cooja/mtype87.a(cooja-log.o)
                0x000000000002a9fc                simlog_interface
 .rodata        0x000000000002aa04       0x2f build/cooja/mtype87.a(cfs-cooja.o)
                0x000000000002aa04                cfs_interface
 *fill*         0x000000000002aa33        0xd 
 .rodata        0x000000000002aa40       0xb8 build/cooja/mtype87.a(cooja-radio.o)
                0x000000000002aa40                radio_interface
                0x000000000002aac0                cooja_radio_driver
 .rodata        0x000000000002aaf8        0x8 build/cooja/mtype87.a(eeprom.o)
                0x000000000002aaf8                eeprom_interface
 .rodata        0x000000000002ab00        0x8 build/cooja/mtype87.a(sensors.o)
 .rodata        0x000000000002ab08       0x2c build/cooja/mtype87.a(buttons.o)
                0x000000000002ab08                button_interface
                0x000000000002ab1c                button_hal_button_count
                0x000000000002ab24                button_sensor
 .rodata        0x000000000002ab34       0x8a build/cooja/mtype87.a(res-ventilation)
 *fill*         0x000000000002abbe        0x2 
 .rodata        0x000000000002abc0       0x78 build/cooja/mtype87.a(res-co2_sensor.)
 .rodata        0x000000000002ac38       0x41 build/cooja/mtype87.a(coap-engine.o)
 .rodata        0x000000000002ac79       0x19 build/cooja/mtype87.a(coap-res-well-k)
 .rodata        0x000000000002ac92       0x11 build/cooja/mtype87.a(coap-observe.o)
 .rodata        0x000000000002aca3       0x35 build/cooja/mtype87.a(coap-uip.o)
 .rodata        0x000000000002acd8      0x1ac build/cooja/mtype87.a(coap.o)
 .rodata        0x000000000002ae84       0xf8 build/cooja/mtype87.a(contiki-main.o)
 .rodata        0x000000000002af7c        0xf build/cooja/mtype87.a(ctimer.o)
 *fill*         0x000000000002af8b        0x1 
 .rodata        0x000000000002af8c       0xc4 build/cooja/mtype87.a(log.o)
 .rodata        0x000000000002b050        0xc build/cooja/mtype87.a(etimer.o)
 .rodata        0x000000000002b05c       0x13 build/cooja/mtype87.a(button-hal.o)
 .rodata        0x000000000002b06f        0xe build/cooja/mtype87.a(serial-line.o)
 *fill*         0x000000000002b07d        0x3 
 .rodata        0x000000000002b080        0x8 build/cooja/mtype87.a(linkaddr.o)
                0x000000000002b080                linkaddr_null
 .rodata        0x000000000002b088       0x24 build/cooja/mtype87.a(csma.o)
                0x000000000002b090                csma_driver
 .rodata        0x000000000002b0ac       0x24 build/cooja/mtype87.a(csma-output.o)
 .rodata        0x000000000002b0d0       0xb9 build/cooja/mtype87.a(uip-ds6-route.o)
 .rodata        0x000000000002b189        0xd build/cooja/mtype87.a(tcpip.o)
 *fill*         0x000000000002b196        0x2 
 .rodata        0x000000000002b198       0x30 build/cooja/mtype87.a(sicslowpan.o)
                0x000000000002b198                unc_llconf
                0x000000000002b19c                unc_ctxconf
                0x000000000002b1a0                unc_mxconf
                0x000000000002b1a4                llprefix
                0x000000000002b1b8                sicslowpan_driver
 .rodata        0x000000000002b1c8       0x2d build/cooja/mtype87.a(uiplib.o)
 *fill*         0x000000000002b1f5        0xb 
 .rodata        0x000000000002b200       0x74 build/cooja/mtype87.a(rpl.o)
                0x000000000002b220                rpl_lite_driver
 .rodata        0x000000000002b274       0x20 build/cooja/mtype87.a(coap-timer-defa)
                0x000000000002b288                coap_timer_default_driver
 .rodata        0x000000000002b294       0x25 build/cooja/mtype87.a(assert.o)
 *fill*         0x000000000002b2b9        0x3 
 .rodata        0x000000000002b2bc        0xc build/cooja/mtype87.a(framer-802154.o)
                0x000000000002b2bc                framer_802154
 .rodata        0x000000000002b2c8       0x44 build/cooja/mtype87.a(uip-sr.o)
 .rodata        0x000000000002b30c       0x58 build/cooja/mtype87.a(rpl-neighbor.o)
 .rodata        0x000000000002b364       0xdb build/cooja/mtype87.a(rpl-dag.o)
 .rodata        0x000000000002b43f        0xc build/cooja/mtype87.a(rpl-timers.o)

.rodata1
 *(.rodata1)

.eh_frame_hdr   0x000000000002b44c     0x1a1c
 *(.eh_frame_hdr)
 .eh_frame_hdr  0x000000000002b44c     0x1a1c air_quality_CoAP-server.o
                0x000000000002b44c                __GNU_EH_FRAME_HDR
 *(.eh_frame_entry .eh_frame_entry.*)

.eh_frame       0x000000000002ce68     0x69e8
 *(.eh_frame)
 .eh_frame      0x000000000002ce68       0x3c /usr/lib/gcc/i686-linux-gnu/5/../../../i386-linux-gnu/crti.o
                                         0x40 (size before relaxing)
 .eh_frame      0x000000000002cea4       0x60 air_quality_CoAP-server.o
                                         0x78 (size before relaxing)
 .eh_frame      0x000000000002cf04      0x178 build/cooja/mtype87.o
                                        0x190 (size before relaxing)
 .eh_frame      0x000000000002d07c       0x40 build/cooja/mtype87.a(simEnvChange.o)
                                         0x58 (size before relaxing)
 .eh_frame      0x000000000002d0bc       0x60 build/cooja/mtype87.a(cooja_mt.o)
                                         0x78 (size before relaxing)
 .eh_frame      0x000000000002d11c       0x80 build/cooja/mtype87.a(cooja_mtarch.o)
                                         0x98 (size before relaxing)
 .eh_frame      0x000000000002d19c       0xc8 build/cooja/mtype87.a(rtimer-arch.o)
                                         0xe0 (size before relaxing)
 .eh_frame      0x000000000002d264      0x160 build/cooja/mtype87.a(beep.o)
                                        0x178 (size before relaxing)
 .eh_frame      0x000000000002d3c4       0x80 build/cooja/mtype87.a(leds-arch.o)
                                         0x98 (size before relaxing)
 .eh_frame      0x000000000002d444       0x40 build/cooja/mtype87.a(moteid.o)
                                         0x58 (size before relaxing)
 .eh_frame      0x000000000002d484       0xa0 build/cooja/mtype87.a(pir-sensor.o)
                                         0xb8 (size before relaxing)
 .eh_frame      0x000000000002d524      0x100 build/cooja/mtype87.a(rs232.o)
                                        0x118 (size before relaxing)
 .eh_frame      0x000000000002d624       0xa0 build/cooja/mtype87.a(vib-sensor.o)
                                         0xb8 (size before relaxing)
 .eh_frame      0x000000000002d6c4       0xc0 build/cooja/mtype87.a(clock.o)
                                         0xd8 (size before relaxing)
 .eh_frame      0x000000000002d784      0x120 build/cooja/mtype87.a(cooja-log.o)
                                        0x138 (size before relaxing)
 .eh_frame      0x000000000002d8a4      0x160 build/cooja/mtype87.a(cfs-cooja.o)
                                        0x178 (size before relaxing)
 .eh_frame      0x000000000002da04      0x340 build/cooja/mtype87.a(cooja-radio.o)
                                        0x358 (size before relaxing)
 .eh_frame      0x000000000002dd44       0xa0 build/cooja/mtype87.a(eeprom.o)
                                         0xb8 (size before relaxing)
 .eh_frame      0x000000000002dde4       0x40 build/cooja/mtype87.a(random.o)
                                         0x58 (size before relaxing)
 .eh_frame      0x000000000002de24       0xc0 build/cooja/mtype87.a(sensors.o)
                                         0xd8 (size before relaxing)
 .eh_frame      0x000000000002dee4      0x120 build/cooja/mtype87.a(leds.o)
                                        0x138 (size before relaxing)
 .eh_frame      0x000000000002e004      0x220 build/cooja/mtype87.a(gpio-hal-arch.o)
                                        0x238 (size before relaxing)
 .eh_frame      0x000000000002e224       0xa0 build/cooja/mtype87.a(buttons.o)
                                         0xb8 (size before relaxing)
 .eh_frame      0x000000000002e2c4       0x20 build/cooja/mtype87.a(res-ventilation)
                                         0x38 (size before relaxing)
 .eh_frame      0x000000000002e2e4       0x60 build/cooja/mtype87.a(res-co2_sensor.)
                                         0x78 (size before relaxing)
 .eh_frame      0x000000000002e344       0x44 build/cooja/mtype87.a(coap-blocking-a)
                                         0x5c (size before relaxing)
 .eh_frame      0x000000000002e388      0x220 build/cooja/mtype87.a(coap-engine.o)
                                        0x238 (size before relaxing)
 .eh_frame      0x000000000002e5a8       0x24 build/cooja/mtype87.a(coap-res-well-k)
                                         0x3c (size before relaxing)
 .eh_frame      0x000000000002e5cc      0x188 build/cooja/mtype87.a(coap-observe.o)
                                        0x1a0 (size before relaxing)
 .eh_frame      0x000000000002e754      0x250 build/cooja/mtype87.a(coap-uip.o)
                                        0x268 (size before relaxing)
 .eh_frame      0x000000000002e9a4      0x114 build/cooja/mtype87.a(coap-timer.o)
                                        0x12c (size before relaxing)
 .eh_frame      0x000000000002eab8      0x100 build/cooja/mtype87.a(coap-transactio)
                                        0x118 (size before relaxing)
 .eh_frame      0x000000000002ebb8      0x6ec build/cooja/mtype87.a(coap.o)
                                        0x704 (size before relaxing)
 .eh_frame      0x000000000002f2a4       0x30 build/cooja/mtype87.a(contiki-main.o)
                                         0x48 (size before relaxing)
 .eh_frame      0x000000000002f2d4       0x40 build/cooja/mtype87.a(autostart.o)
                                         0x58 (size before relaxing)
 .eh_frame      0x000000000002f314      0x100 build/cooja/mtype87.a(ctimer.o)
                                        0x118 (size before relaxing)
 .eh_frame      0x000000000002f414      0x100 build/cooja/mtype87.a(log.o)
                                        0x118 (size before relaxing)
 .eh_frame      0x000000000002f514       0x60 build/cooja/mtype87.a(energest.o)
                                         0x78 (size before relaxing)
 .eh_frame      0x000000000002f574      0x1e0 build/cooja/mtype87.a(etimer.o)
                                        0x1f8 (size before relaxing)
 .eh_frame      0x000000000002f754       0x20 build/cooja/mtype87.a(node-id.o)
                                         0x38 (size before relaxing)
 .eh_frame      0x000000000002f774       0x60 build/cooja/mtype87.a(rtimer.o)
                                         0x78 (size before relaxing)
 .eh_frame      0x000000000002f7d4      0x1c4 build/cooja/mtype87.a(process.o)
                                        0x1dc (size before relaxing)
 .eh_frame      0x000000000002f998       0xa4 build/cooja/mtype87.a(timer.o)
                                         0xbc (size before relaxing)
 .eh_frame      0x000000000002fa3c      0x1a0 build/cooja/mtype87.a(list.o)
                                        0x1b8 (size before relaxing)
 .eh_frame      0x000000000002fbdc       0xa0 build/cooja/mtype87.a(memb.o)
                                         0xb8 (size before relaxing)
 .eh_frame      0x000000000002fc7c      0x144 build/cooja/mtype87.a(button-hal.o)
                                        0x15c (size before relaxing)
 .eh_frame      0x000000000002fdc0       0x60 build/cooja/mtype87.a(serial-line.o)
                                         0x78 (size before relaxing)
 .eh_frame      0x000000000002fe20       0xe0 build/cooja/mtype87.a(gpio-hal.o)
                                         0xf8 (size before relaxing)
 .eh_frame      0x000000000002ff00      0x1a0 build/cooja/mtype87.a(queuebuf.o)
                                        0x1b8 (size before relaxing)
 .eh_frame      0x00000000000300a0      0x28c build/cooja/mtype87.a(packetbuf.o)
                                        0x2a4 (size before relaxing)
 .eh_frame      0x000000000003032c       0x80 build/cooja/mtype87.a(netstack.o)
                                         0x98 (size before relaxing)
 .eh_frame      0x00000000000303ac       0x60 build/cooja/mtype87.a(linkaddr.o)
                                         0x78 (size before relaxing)
 .eh_frame      0x000000000003040c       0xe0 build/cooja/mtype87.a(csma.o)
                                         0xf8 (size before relaxing)
 .eh_frame      0x00000000000304ec      0x1d0 build/cooja/mtype87.a(csma-output.o)
                                        0x1e8 (size before relaxing)
 .eh_frame      0x00000000000306bc      0x328 build/cooja/mtype87.a(uip-ds6.o)
                                        0x340 (size before relaxing)
 .eh_frame      0x00000000000309e4       0x40 build/cooja/mtype87.a(uip-udp-packet.)
                                         0x58 (size before relaxing)
 .eh_frame      0x0000000000030a24      0x2e0 build/cooja/mtype87.a(uip-ds6-route.o)
                                        0x2f8 (size before relaxing)
 .eh_frame      0x0000000000030d04      0x244 build/cooja/mtype87.a(tcpip.o)
                                        0x25c (size before relaxing)
 .eh_frame      0x0000000000030f48      0x1e8 build/cooja/mtype87.a(uip6.o)
                                        0x200 (size before relaxing)
 .eh_frame      0x0000000000031130      0x1c0 build/cooja/mtype87.a(uip-ds6-nbr.o)
                                        0x1d8 (size before relaxing)
 .eh_frame      0x00000000000312f0       0x84 build/cooja/mtype87.a(uip-nd6.o)
                                         0x9c (size before relaxing)
 .eh_frame      0x0000000000031374      0x2f8 build/cooja/mtype87.a(sicslowpan.o)
                                        0x310 (size before relaxing)
 .eh_frame      0x000000000003166c       0x88 build/cooja/mtype87.a(uiplib.o)
                                         0xa0 (size before relaxing)
 .eh_frame      0x00000000000316f4      0x1e0 build/cooja/mtype87.a(rpl.o)
                                        0x1f8 (size before relaxing)
 .eh_frame      0x00000000000318d4      0x1c4 build/cooja/mtype87.a(rpl-icmp6.o)
                                        0x1dc (size before relaxing)
 .eh_frame      0x0000000000031a98       0xa0 build/cooja/mtype87.a(rpl-dag-root.o)
                                         0xb8 (size before relaxing)
 .eh_frame      0x0000000000031b38       0xa0 build/cooja/mtype87.a(watchdog.o)
                                         0xb8 (size before relaxing)
 .eh_frame      0x0000000000031bd8       0x80 build/cooja/mtype87.a(int-master.o)
                                         0x98 (size before relaxing)
 .eh_frame      0x0000000000031c58       0xa4 build/cooja/mtype87.a(coap-timer-defa)
                                         0xbc (size before relaxing)
 .eh_frame      0x0000000000031cfc       0xc4 build/cooja/mtype87.a(stimer.o)
                                         0xdc (size before relaxing)
 .eh_frame      0x0000000000031dc0       0xa0 build/cooja/mtype87.a(ringbuf.o)
                                         0xb8 (size before relaxing)
 .eh_frame      0x0000000000031e60       0x20 build/cooja/mtype87.a(assert.o)
                                         0x38 (size before relaxing)
 .eh_frame      0x0000000000031e80      0x2ac build/cooja/mtype87.a(nbr-table.o)
                                        0x2c4 (size before relaxing)
 .eh_frame      0x000000000003212c      0x120 build/cooja/mtype87.a(link-stats.o)
                                        0x138 (size before relaxing)
 .eh_frame      0x000000000003224c       0x48 build/cooja/mtype87.a(mac-sequence.o)
                                         0x60 (size before relaxing)
 .eh_frame      0x0000000000032294       0x20 build/cooja/mtype87.a(mac.o)
                                         0x38 (size before relaxing)
 .eh_frame      0x00000000000322b4       0xa4 build/cooja/mtype87.a(framer-802154.o)
                                         0xbc (size before relaxing)
 .eh_frame      0x0000000000032358      0x1a4 build/cooja/mtype87.a(frame802154.o)
                                        0x1bc (size before relaxing)
 .eh_frame      0x00000000000324fc       0x40 build/cooja/mtype87.a(csma-security.o)
                                         0x58 (size before relaxing)
 .eh_frame      0x000000000003253c      0x200 build/cooja/mtype87.a(uipbuf.o)
                                        0x218 (size before relaxing)
 .eh_frame      0x000000000003273c      0x150 build/cooja/mtype87.a(uip-icmp6.o)
                                        0x168 (size before relaxing)
 .eh_frame      0x000000000003288c      0x184 build/cooja/mtype87.a(uip-sr.o)
                                        0x19c (size before relaxing)
 .eh_frame      0x0000000000032a10       0xe0 build/cooja/mtype87.a(uip-packetqueue)
                                         0xf8 (size before relaxing)
 .eh_frame      0x0000000000032af0       0x80 build/cooja/mtype87.a(rpl-nbr-policy.)
                                         0x98 (size before relaxing)
 .eh_frame      0x0000000000032b70      0x2d4 build/cooja/mtype87.a(rpl-neighbor.o)
                                        0x2ec (size before relaxing)
 .eh_frame      0x0000000000032e44      0x370 build/cooja/mtype87.a(rpl-dag.o)
                                        0x388 (size before relaxing)
 .eh_frame      0x00000000000331b4      0x3a8 build/cooja/mtype87.a(rpl-timers.o)
                                        0x3c0 (size before relaxing)
 .eh_frame      0x000000000003355c      0x124 build/cooja/mtype87.a(rpl-ext-header.)
                                        0x13c (size before relaxing)
 .eh_frame      0x0000000000033680      0x148 build/cooja/mtype87.a(rpl-mrhof.o)
                                        0x160 (size before relaxing)
 .eh_frame      0x00000000000337c8       0x84 /usr/lib/gcc/i686-linux-gnu/5/libgcc.a(_udivdi3.o)
                                         0x9c (size before relaxing)
 .eh_frame      0x000000000003384c        0x4 /usr/lib/gcc/i686-linux-gnu/5/crtendS.o
 *(.eh_frame.*)

.gcc_except_table
 *(.gcc_except_table .gcc_except_table.*)

.gnu_extab
 *(.gnu_extab*)

.exception_ranges
 *(.exception_ranges .exception_ranges*)
                0x0000000000034f10                . = DATA_SEGMENT_ALIGN (0x1000, 0x1000)

.eh_frame
 *(.eh_frame)
 *(.eh_frame.*)

.gnu_extab
 *(.gnu_extab)

.gcc_except_table
 *(.gcc_except_table .gcc_except_table.*)

.exception_ranges
 *(.exception_ranges .exception_ranges*)

.tdata
 *(.tdata .tdata.* .gnu.linkonce.td.*)

.tbss
 *(.tbss .tbss.* .gnu.linkonce.tb.*)
 *(.tcommon)

.preinit_array
 *(.preinit_array)

.init_array     0x0000000000034f10        0x4
 *(SORT(.init_array.*) SORT(.ctors.*))
 *(.init_array EXCLUDE_FILE(*crtend?.o *crtend.o *crtbegin?.o *crtbegin.o) .ctors)
 .init_array    0x0000000000034f10        0x4 /usr/lib/gcc/i686-linux-gnu/5/crtbeginS.o

.fini_array     0x0000000000034f14        0x4
 *(SORT(.fini_array.*) SORT(.dtors.*))
 *(.fini_array EXCLUDE_FILE(*crtend?.o *crtend.o *crtbegin?.o *crtbegin.o) .dtors)
 .fini_array    0x0000000000034f14        0x4 /usr/lib/gcc/i686-linux-gnu/5/crtbeginS.o

.ctors
 *crtbegin.o(.ctors)
 *crtbegin?.o(.ctors)
 *(EXCLUDE_FILE(*crtend?.o *crtend.o) .ctors)
 *(SORT(.ctors.*))
 *(.ctors)

.dtors
 *crtbegin.o(.dtors)
 *crtbegin?.o(.dtors)
 *(EXCLUDE_FILE(*crtend?.o *crtend.o) .dtors)
 *(SORT(.dtors.*))
 *(.dtors)

.jcr            0x0000000000034f18        0x4
 *(.jcr)
 .jcr           0x0000000000034f18        0x0 /usr/lib/gcc/i686-linux-gnu/5/crtbeginS.o
 .jcr           0x0000000000034f18        0x4 /usr/lib/gcc/i686-linux-gnu/5/crtendS.o

.data.rel.ro
 *(.data.rel.ro.local* .gnu.linkonce.d.rel.ro.local.*)
 *(.data.rel.ro .data.rel.ro.* .gnu.linkonce.d.rel.ro.*)

.dynamic        0x0000000000034f1c       0xd0
 *(.dynamic)
 .dynamic       0x0000000000034f1c       0xd0 /usr/lib/gcc/i686-linux-gnu/5/../../../i386-linux-gnu/crti.o
                0x0000000000034f1c                _DYNAMIC

.got            0x0000000000034fec       0x14
 *(.got)
 .got           0x0000000000034fec       0x14 /usr/lib/gcc/i686-linux-gnu/5/../../../i386-linux-gnu/crti.o
 *(.igot)
                0x0000000000035ff4                . = DATA_SEGMENT_RELRO_END (., (SIZEOF (.got.plt) >= 0xc)?0xc:0x0)

.got.plt        0x0000000000035000        0xc
 *(.got.plt)
 .got.plt       0x0000000000035000        0xc /usr/lib/gcc/i686-linux-gnu/5/../../../i386-linux-gnu/crti.o
                0x0000000000035000                _GLOBAL_OFFSET_TABLE_
 *(.igot.plt)

.data           0x0000000000035020      0x4c4
 *(.data .data.* .gnu.linkonce.d.*)
 .data          0x0000000000035020        0x0 /usr/lib/gcc/i686-linux-gnu/5/../../../i386-linux-gnu/crti.o
 .data          0x0000000000035020        0x0 /usr/lib/gcc/i686-linux-gnu/5/crtbeginS.o
 .data.rel.local
                0x0000000000035020        0x4 /usr/lib/gcc/i686-linux-gnu/5/crtbeginS.o
                0x0000000000035020                __dso_handle
 .data          0x0000000000035024       0x14 air_quality_CoAP-server.o
                0x0000000000035024                service_url
                0x0000000000035028                air_quality_server
 *fill*         0x0000000000035038        0x8 
 .data          0x0000000000035040       0x44 build/cooja/mtype87.o
                0x0000000000035040                simInterfaces
                0x0000000000035074                sensors
 .data          0x0000000000035084        0x0 build/cooja/mtype87.a(simEnvChange.o)
 .data          0x0000000000035084        0x0 build/cooja/mtype87.a(cooja_mt.o)
 .data          0x0000000000035084        0x0 build/cooja/mtype87.a(cooja_mtarch.o)
 .data          0x0000000000035084        0x0 build/cooja/mtype87.a(rtimer-arch.o)
 .data          0x0000000000035084        0x0 build/cooja/mtype87.a(beep.o)
 .data          0x0000000000035084        0x0 build/cooja/mtype87.a(leds-arch.o)
 .data          0x0000000000035084        0x0 build/cooja/mtype87.a(moteid.o)
 .data          0x0000000000035084        0x0 build/cooja/mtype87.a(pir-sensor.o)
 .data          0x0000000000035084        0x0 build/cooja/mtype87.a(rs232.o)
 .data          0x0000000000035084        0x0 build/cooja/mtype87.a(vib-sensor.o)
 .data          0x0000000000035084        0x0 build/cooja/mtype87.a(clock.o)
 .data          0x0000000000035084        0x0 build/cooja/mtype87.a(cooja-log.o)
 .data          0x0000000000035084        0x0 build/cooja/mtype87.a(cfs-cooja.o)
 .data          0x0000000000035084       0x2c build/cooja/mtype87.a(cooja-radio.o)
                0x0000000000035084                simRadioHWOn
                0x0000000000035088                simSignalStrength
                0x000000000003508c                simLastSignalStrength
                0x0000000000035090                simPower
                0x0000000000035094                simRadioChannel
                0x0000000000035098                simLQI
                0x00000000000350a0                cooja_radio_process
 .data          0x00000000000350b0        0x0 build/cooja/mtype87.a(eeprom.o)
 .data          0x00000000000350b0        0x0 build/cooja/mtype87.a(random.o)
 .data          0x00000000000350b0       0x10 build/cooja/mtype87.a(sensors.o)
                0x00000000000350b0                sensors_process
 .data          0x00000000000350c0        0x0 build/cooja/mtype87.a(leds.o)
 .data          0x00000000000350c0        0x0 build/cooja/mtype87.a(gpio-hal-arch.o)
 .data          0x00000000000350c0       0x78 build/cooja/mtype87.a(buttons.o)
                0x00000000000350c0                simButtonIsActive
                0x0000000000035130                button_hal_buttons
 *fill*         0x0000000000035138        0x8 
 .data          0x0000000000035140       0x24 build/cooja/mtype87.a(res-ventilation)
                0x0000000000035140                res_ventilation_system
 *fill*         0x0000000000035164       0x1c 
 .data          0x0000000000035180       0x28 build/cooja/mtype87.a(res-co2_sensor.)
                0x0000000000035180                res_co2_sensor
 .data          0x00000000000351a8        0x0 build/cooja/mtype87.a(coap-blocking-a)
 .data          0x00000000000351a8        0x8 build/cooja/mtype87.a(coap-engine.o)
 *fill*         0x00000000000351b0       0x10 
 .data          0x00000000000351c0       0x24 build/cooja/mtype87.a(coap-res-well-k)
                0x00000000000351c0                res_well_known_core
 .data          0x00000000000351e4       0x10 build/cooja/mtype87.a(coap-observe.o)
 .data          0x00000000000351f4       0x10 build/cooja/mtype87.a(coap-uip.o)
                0x00000000000351f4                coap_engine
 .data          0x0000000000035204        0x4 build/cooja/mtype87.a(coap-timer.o)
 .data          0x0000000000035208       0x10 build/cooja/mtype87.a(coap-transactio)
 .data          0x0000000000035218        0x4 build/cooja/mtype87.a(coap.o)
                0x0000000000035218                coap_error_message
 .data          0x000000000003521c        0x0 build/cooja/mtype87.a(contiki-main.o)
 .data          0x000000000003521c        0x0 build/cooja/mtype87.a(autostart.o)
 .data          0x000000000003521c       0x14 build/cooja/mtype87.a(ctimer.o)
                0x0000000000035220                ctimer_process
 *fill*         0x0000000000035230       0x10 
 .data          0x0000000000035240       0xbc build/cooja/mtype87.a(log.o)
                0x0000000000035240                curr_log_level_main
                0x0000000000035260                all_modules
 .data          0x00000000000352fc        0x0 build/cooja/mtype87.a(energest.o)
 .data          0x00000000000352fc       0x10 build/cooja/mtype87.a(etimer.o)
                0x00000000000352fc                etimer_process
 .data          0x000000000003530c        0x0 build/cooja/mtype87.a(node-id.o)
 .data          0x000000000003530c        0x0 build/cooja/mtype87.a(rtimer.o)
 .data          0x000000000003530c        0x0 build/cooja/mtype87.a(process.o)
 .data          0x000000000003530c        0x0 build/cooja/mtype87.a(timer.o)
 .data          0x000000000003530c        0x0 build/cooja/mtype87.a(list.o)
 .data          0x000000000003530c        0x0 build/cooja/mtype87.a(memb.o)
 .data          0x000000000003530c       0x10 build/cooja/mtype87.a(button-hal.o)
                0x000000000003530c                button_hal_process
 .data          0x000000000003531c       0x10 build/cooja/mtype87.a(serial-line.o)
                0x000000000003531c                serial_line_process
 .data          0x000000000003532c        0x4 build/cooja/mtype87.a(gpio-hal.o)
 .data          0x0000000000035330       0x18 build/cooja/mtype87.a(queuebuf.o)
 .data          0x0000000000035348        0x4 build/cooja/mtype87.a(packetbuf.o)
 .data          0x000000000003534c        0x4 build/cooja/mtype87.a(netstack.o)
 .data          0x0000000000035350        0x0 build/cooja/mtype87.a(linkaddr.o)
 .data          0x0000000000035350        0x0 build/cooja/mtype87.a(csma.o)
 .data          0x0000000000035350       0x28 build/cooja/mtype87.a(csma-output.o)
 .data          0x0000000000035378        0x0 build/cooja/mtype87.a(uip-ds6.o)
 .data          0x0000000000035378        0x0 build/cooja/mtype87.a(uip-udp-packet.)
 .data          0x0000000000035378       0x44 build/cooja/mtype87.a(uip-ds6-route.o)
                0x0000000000035388                nbr_routes
 .data          0x00000000000353bc       0x10 build/cooja/mtype87.a(tcpip.o)
                0x00000000000353bc                tcpip_process
 .data          0x00000000000353cc        0x0 build/cooja/mtype87.a(uip6.o)
 .data          0x00000000000353cc       0x14 build/cooja/mtype87.a(uip-ds6-nbr.o)
 .data          0x00000000000353e0        0xc build/cooja/mtype87.a(uip-nd6.o)
 .data          0x00000000000353ec        0x0 build/cooja/mtype87.a(sicslowpan.o)
 .data          0x00000000000353ec        0x0 build/cooja/mtype87.a(uiplib.o)
 .data          0x00000000000353ec        0x0 build/cooja/mtype87.a(rpl.o)
 .data          0x00000000000353ec       0x30 build/cooja/mtype87.a(rpl-icmp6.o)
 .data          0x000000000003541c        0x0 build/cooja/mtype87.a(rpl-dag-root.o)
 .data          0x000000000003541c        0x0 build/cooja/mtype87.a(watchdog.o)
 .data          0x000000000003541c        0x0 build/cooja/mtype87.a(int-master.o)
 .data          0x000000000003541c       0x10 build/cooja/mtype87.a(coap-timer-defa)
                0x000000000003541c                coap_timer_process
 .data          0x000000000003542c        0x0 build/cooja/mtype87.a(stimer.o)
 .data          0x000000000003542c        0x0 build/cooja/mtype87.a(ringbuf.o)
 .data          0x000000000003542c        0x0 build/cooja/mtype87.a(assert.o)
 .data          0x000000000003542c       0x10 build/cooja/mtype87.a(nbr-table.o)
 .data          0x000000000003543c       0x14 build/cooja/mtype87.a(link-stats.o)
 .data          0x0000000000035450        0x0 build/cooja/mtype87.a(mac-sequence.o)
 .data          0x0000000000035450        0x0 build/cooja/mtype87.a(mac.o)
 .data          0x0000000000035450        0x0 build/cooja/mtype87.a(framer-802154.o)
 .data          0x0000000000035450        0x2 build/cooja/mtype87.a(frame802154.o)
 .data          0x0000000000035452        0x0 build/cooja/mtype87.a(csma-security.o)
 .data          0x0000000000035452        0x0 build/cooja/mtype87.a(uipbuf.o)
 *fill*         0x0000000000035452        0x2 
 .data          0x0000000000035454       0x20 build/cooja/mtype87.a(uip-icmp6.o)
 .data          0x0000000000035474       0x10 build/cooja/mtype87.a(uip-sr.o)
 .data          0x0000000000035484        0xc build/cooja/mtype87.a(uip-packetqueue)
 .data          0x0000000000035490        0x0 build/cooja/mtype87.a(rpl-nbr-policy.)
 .data          0x0000000000035490       0x14 build/cooja/mtype87.a(rpl-neighbor.o)
                0x00000000000354a0                rpl_neighbors
 .data          0x00000000000354a4        0x0 build/cooja/mtype87.a(rpl-dag.o)
 .data          0x00000000000354a4        0x0 build/cooja/mtype87.a(rpl-timers.o)
 .data          0x00000000000354a4        0x0 build/cooja/mtype87.a(rpl-ext-header.)
 *fill*         0x00000000000354a4       0x1c 
 .data          0x00000000000354c0       0x24 build/cooja/mtype87.a(rpl-mrhof.o)
                0x00000000000354c0                rpl_mrhof
 .data          0x00000000000354e4        0x0 /usr/lib/gcc/i686-linux-gnu/5/libgcc.a(_udivdi3.o)
 .data          0x00000000000354e4        0x0 /usr/lib/gcc/i686-linux-gnu/5/crtendS.o
 .data          0x00000000000354e4        0x0 /usr/lib/gcc/i686-linux-gnu/5/../../../i386-linux-gnu/crtn.o

.tm_clone_table
                0x00000000000354e4        0x0
 .tm_clone_table
                0x00000000000354e4        0x0 /usr/lib/gcc/i686-linux-gnu/5/crtbeginS.o
 .tm_clone_table
                0x00000000000354e4        0x0 /usr/lib/gcc/i686-linux-gnu/5/crtendS.o

.data1
 *(.data1)
                0x00000000000354e4                _edata = .
                [!provide]                        PROVIDE (edata, .)
                0x00000000000354e4                . = .
                0x00000000000354e4                __bss_start = .

.bss            0x0000000000035500     0xf284
 *(.dynbss)
 .dynbss        0x0000000000035500        0x0 /usr/lib/gcc/i686-linux-gnu/5/../../../i386-linux-gnu/crti.o
 *(.bss .bss.* .gnu.linkonce.b.*)
 .bss           0x0000000000035500        0x0 /usr/lib/gcc/i686-linux-gnu/5/../../../i386-linux-gnu/crti.o
 .bss           0x0000000000035500        0x1 /usr/lib/gcc/i686-linux-gnu/5/crtbeginS.o
 *fill*         0x0000000000035501       0x1f 
 .bss           0x0000000000035520      0x14c air_quality_CoAP-server.o
 *fill*         0x000000000003566c       0x14 
 .bss           0x0000000000035680     0x2030 build/cooja/mtype87.o
 .bss           0x00000000000376b0        0x1 build/cooja/mtype87.a(simEnvChange.o)
                0x00000000000376b0                simDontFallAsleep
 *fill*         0x00000000000376b1        0x3 
 .bss           0x00000000000376b4        0x4 build/cooja/mtype87.a(cooja_mt.o)
 .bss           0x00000000000376b8        0x4 build/cooja/mtype87.a(cooja_mtarch.o)
 .bss           0x00000000000376bc        0x0 build/cooja/mtype87.a(rtimer-arch.o)
 .bss           0x00000000000376bc        0x0 build/cooja/mtype87.a(beep.o)
 .bss           0x00000000000376bc        0x1 build/cooja/mtype87.a(leds-arch.o)
                0x00000000000376bc                simLedsValue
 .bss           0x00000000000376bd        0x0 build/cooja/mtype87.a(moteid.o)
 .bss           0x00000000000376bd        0x1 build/cooja/mtype87.a(pir-sensor.o)
                0x00000000000376bd                simPirValue
 *fill*         0x00000000000376be        0x2 
 .bss           0x00000000000376c0        0x4 build/cooja/mtype87.a(rs232.o)
 .bss           0x00000000000376c4        0x1 build/cooja/mtype87.a(vib-sensor.o)
                0x00000000000376c4                simVibValue
 .bss           0x00000000000376c5        0x0 build/cooja/mtype87.a(clock.o)
 *fill*         0x00000000000376c5       0x1b 
 .bss           0x00000000000376e0     0x2020 build/cooja/mtype87.a(cooja-log.o)
 .bss           0x0000000000039700      0xfc0 build/cooja/mtype87.a(cfs-cooja.o)
                0x0000000000039700                simCFSData
                0x000000000003a6a0                simCFSSize
                0x000000000003a6a4                simCFSChanged
                0x000000000003a6a8                simCFSRead
                0x000000000003a6ac                simCFSWritten
 .bss           0x000000000003a6c0       0x24 build/cooja/mtype87.a(cooja-radio.o)
                0x000000000003a6c0                simReceiving
                0x000000000003a6c4                simInSize
                0x000000000003a6c8                simLastPacketTimestamp
                0x000000000003a6d0                simOutSize
 .bss           0x000000000003a6e4        0xc build/cooja/mtype87.a(eeprom.o)
                0x000000000003a6e4                simEEPROMChanged
                0x000000000003a6e8                simEEPROMRead
                0x000000000003a6ec                simEEPROMWritten
 .bss           0x000000000003a6f0        0x0 build/cooja/mtype87.a(random.o)
 .bss           0x000000000003a6f0        0xc build/cooja/mtype87.a(sensors.o)
 .bss           0x000000000003a6fc        0x0 build/cooja/mtype87.a(leds.o)
 .bss           0x000000000003a6fc       0x24 build/cooja/mtype87.a(gpio-hal-arch.o)
 .bss           0x000000000003a720        0x0 build/cooja/mtype87.a(buttons.o)
 .bss           0x000000000003a720        0x1 build/cooja/mtype87.a(res-ventilation)
                0x000000000003a720                ventilation_on
 .bss           0x000000000003a721        0x0 build/cooja/mtype87.a(res-co2_sensor.)
 .bss           0x000000000003a721        0x0 build/cooja/mtype87.a(coap-blocking-a)
 *fill*         0x000000000003a721       0x1f 
 .bss           0x000000000003a740      0x190 build/cooja/mtype87.a(coap-engine.o)
 .bss           0x000000000003a8d0        0x0 build/cooja/mtype87.a(coap-res-well-k)
 *fill*         0x000000000003a8d0       0x10 
 .bss           0x000000000003a8e0      0x120 build/cooja/mtype87.a(coap-observe.o)
 .bss           0x000000000003aa00       0x18 build/cooja/mtype87.a(coap-uip.o)
 .bss           0x000000000003aa18        0x5 build/cooja/mtype87.a(coap-timer.o)
 *fill*         0x000000000003aa1d        0x3 
 .bss           0x000000000003aa20      0x334 build/cooja/mtype87.a(coap-transactio)
 .bss           0x000000000003ad54        0x6 build/cooja/mtype87.a(coap.o)
                0x000000000003ad54                coap_status_code
 .bss           0x000000000003ad5a        0x0 build/cooja/mtype87.a(contiki-main.o)
 .bss           0x000000000003ad5a        0x0 build/cooja/mtype87.a(autostart.o)
 *fill*         0x000000000003ad5a        0x2 
 .bss           0x000000000003ad5c        0x5 build/cooja/mtype87.a(ctimer.o)
 *fill*         0x000000000003ad61        0x3 
 .bss           0x000000000003ad64       0x2c build/cooja/mtype87.a(log.o)
                0x000000000003ad64                curr_log_level_rpl
                0x000000000003ad68                curr_log_level_tcpip
                0x000000000003ad6c                curr_log_level_ipv6
                0x000000000003ad70                curr_log_level_6lowpan
                0x000000000003ad74                curr_log_level_nullnet
                0x000000000003ad78                curr_log_level_mac
                0x000000000003ad7c                curr_log_level_framer
                0x000000000003ad80                curr_log_level_6top
                0x000000000003ad84                curr_log_level_coap
                0x000000000003ad88                curr_log_level_snmp
                0x000000000003ad8c                curr_log_level_lwm2m
 .bss           0x000000000003ad90        0x0 build/cooja/mtype87.a(energest.o)
 .bss           0x000000000003ad90        0x8 build/cooja/mtype87.a(etimer.o)
 .bss           0x000000000003ad98        0x2 build/cooja/mtype87.a(node-id.o)
                0x000000000003ad98                node_id
 *fill*         0x000000000003ad9a        0x2 
 .bss           0x000000000003ad9c        0x4 build/cooja/mtype87.a(rtimer.o)
 .bss           0x000000000003ada0      0x1a1 build/cooja/mtype87.a(process.o)
                0x000000000003ada0                process_list
                0x000000000003ada4                process_current
 .bss           0x000000000003af41        0x0 build/cooja/mtype87.a(timer.o)
 .bss           0x000000000003af41        0x0 build/cooja/mtype87.a(list.o)
 .bss           0x000000000003af41        0x0 build/cooja/mtype87.a(memb.o)
 *fill*         0x000000000003af41        0x3 
 .bss           0x000000000003af44       0x10 build/cooja/mtype87.a(button-hal.o)
 *fill*         0x000000000003af54        0xc 
 .bss           0x000000000003af60      0x140 build/cooja/mtype87.a(serial-line.o)
 .bss           0x000000000003b0a0        0x4 build/cooja/mtype87.a(gpio-hal.o)
 *fill*         0x000000000003b0a4       0x1c 
 .bss           0x000000000003b0c0     0x2c80 build/cooja/mtype87.a(queuebuf.o)
 .bss           0x000000000003dd40       0xa0 build/cooja/mtype87.a(packetbuf.o)
 .bss           0x000000000003dde0        0x4 build/cooja/mtype87.a(netstack.o)
 .bss           0x000000000003dde4        0x0 build/cooja/mtype87.a(linkaddr.o)
 .bss           0x000000000003dde4        0x0 build/cooja/mtype87.a(csma.o)
 *fill*         0x000000000003dde4       0x1c 
 .bss           0x000000000003de00      0x726 build/cooja/mtype87.a(csma-output.o)
 *fill*         0x000000000003e526        0x2 
 .bss           0x000000000003e528       0x30 build/cooja/mtype87.a(uip-ds6.o)
 .bss           0x000000000003e558        0x0 build/cooja/mtype87.a(uip-udp-packet.)
 *fill*         0x000000000003e558        0x8 
 .bss           0x000000000003e560      0x2a4 build/cooja/mtype87.a(uip-ds6-route.o)
 .bss           0x000000000003e804       0x10 build/cooja/mtype87.a(tcpip.o)
 .bss           0x000000000003e814        0x8 build/cooja/mtype87.a(uip6.o)
                0x000000000003e814                uip_ext_bitmap
                0x000000000003e816                uip_ext_len
                0x000000000003e818                uip_last_proto
 *fill*         0x000000000003e81c        0x4 
 .bss           0x000000000003e820       0xf0 build/cooja/mtype87.a(uip-ds6-nbr.o)