Archive member included to satisfy reference by file (symbol)

build/cooja/mtype167.a(simEnvChange.o)
                              build/cooja/mtype167.o (simDontFallAsleep)
build/cooja/mtype167.a(cooja_mt.o)
                              build/cooja/mtype167.o (cooja_mt_start)
build/cooja/mtype167.a(cooja_mtarch.o)
                              build/cooja/mtype167.a(cooja_mt.o) (cooja_mtarch_start)
build/cooja/mtype167.a(rtimer-arch.o)
                              build/cooja/mtype167.o (rtimer_arch_check)
build/cooja/mtype167.a(beep.o)
                              build/cooja/mtype167.o (beep_interface)
build/cooja/mtype167.a(leds-arch.o)
                              build/cooja/mtype167.o (leds_interface)
build/cooja/mtype167.a(moteid.o)
                              build/cooja/mtype167.o (moteid_interface)
build/cooja/mtype167.a(pir-sensor.o)
                              build/cooja/mtype167.o (pir_interface)
build/cooja/mtype167.a(rs232.o)
                              build/cooja/mtype167.o (rs232_interface)
build/cooja/mtype167.a(vib-sensor.o)
                              build/cooja/mtype167.o (vib_interface)
build/cooja/mtype167.a(clock.o)
                              build/cooja/mtype167.o (clock_interface)
build/cooja/mtype167.a(cooja-log.o)
                              build/cooja/mtype167.o (simlog_interface)
build/cooja/mtype167.a(cfs-cooja.o)
                              build/cooja/mtype167.o (cfs_interface)
build/cooja/mtype167.a(cooja-radio.o)
                              build/cooja/mtype167.o (radio_interface)
build/cooja/mtype167.a(eeprom.o)
                              build/cooja/mtype167.o (eeprom_interface)
build/cooja/mtype167.a(random.o)
                              build/cooja/mtype167.a(moteid.o) (random_init)
build/cooja/mtype167.a(sensors.o)
                              build/cooja/mtype167.a(pir-sensor.o) (sensors_changed)
build/cooja/mtype167.a(leds.o)
                              build/cooja/mtype167.a(leds-arch.o) (leds_get)
build/cooja/mtype167.a(gpio-hal-arch.o)
                              build/cooja/mtype167.a(leds-arch.o) (gpio_hal_arch_register_pin_callback)
build/cooja/mtype167.a(buttons.o)
                              build/cooja/mtype167.o (button_interface)
build/cooja/mtype167.a(res-co2.o)
                              co2_CoAP-server.o (res_co2)
build/cooja/mtype167.a(coap-engine.o)
                              co2_CoAP-server.o (coap_activate_resource)
build/cooja/mtype167.a(coap-res-well-k)
                              build/cooja/mtype167.a(coap-engine.o) (res_well_known_core)
build/cooja/mtype167.a(coap-observe.o)
                              build/cooja/mtype167.a(coap-engine.o) (coap_remove_observer_by_mid)
build/cooja/mtype167.a(coap-uip.o)
                              build/cooja/mtype167.a(coap-observe.o) (coap_endpoint_copy)
build/cooja/mtype167.a(coap-timer.o)
                              build/cooja/mtype167.a(coap-engine.o) (coap_timer_set)
build/cooja/mtype167.a(coap-transactio)
                              build/cooja/mtype167.a(coap-engine.o) (coap_send_transaction)
build/cooja/mtype167.a(coap.o)
                              build/cooja/mtype167.a(coap-engine.o) (coap_status_code)
build/cooja/mtype167.a(contiki-main.o)
                              build/cooja/mtype167.o (main)
build/cooja/mtype167.a(autostart.o)
                              build/cooja/mtype167.a(contiki-main.o) (autostart_start)
build/cooja/mtype167.a(ctimer.o)
                              build/cooja/mtype167.a(contiki-main.o) (ctimer_init)
build/cooja/mtype167.a(log.o)
                              build/cooja/mtype167.a(contiki-main.o) (curr_log_level_main)
build/cooja/mtype167.a(energest.o)
                              build/cooja/mtype167.a(contiki-main.o) (energest_init)
build/cooja/mtype167.a(etimer.o)
                              build/cooja/mtype167.a(contiki-main.o) (etimer_process)
build/cooja/mtype167.a(node-id.o)
                              build/cooja/mtype167.a(contiki-main.o) (node_id)
build/cooja/mtype167.a(rtimer.o)
                              build/cooja/mtype167.a(contiki-main.o) (rtimer_init)
build/cooja/mtype167.a(process.o)
                              co2_CoAP-server.o (process_current)
build/cooja/mtype167.a(timer.o)
                              build/cooja/mtype167.a(etimer.o) (timer_set)
build/cooja/mtype167.a(list.o)
                              build/cooja/mtype167.a(coap-engine.o) (list_init)
build/cooja/mtype167.a(memb.o)
                              build/cooja/mtype167.a(coap-observe.o) (memb_alloc)
build/cooja/mtype167.a(button-hal.o)
                              build/cooja/mtype167.o (button_hal_init)
build/cooja/mtype167.a(serial-line.o)
                              build/cooja/mtype167.a(rs232.o) (serial_line_input_byte)
build/cooja/mtype167.a(gpio-hal.o)
                              build/cooja/mtype167.a(button-hal.o) (gpio_hal_register_handler)
build/cooja/mtype167.a(queuebuf.o)
[...]
Memory Configuration

Name             Origin             Length             Attributes
*default*        0x0000000000000000 0xffffffffffffffff

Linker script and memory map

LOAD /usr/lib/gcc/i686-linux-gnu/5/../../../i386-linux-gnu/crti.o
LOAD /usr/lib/gcc/i686-linux-gnu/5/crtbeginS.o
LOAD co2_CoAP-server.o
LOAD build/cooja/mtype167.o
LOAD build/cooja/mtype167.a
LOAD /usr/lib/gcc/i686-linux-gnu/5/libgcc.a
LOAD /usr/lib/gcc/i686-linux-gnu/5/libgcc_s.so
LOAD /usr/lib/gcc/i686-linux-gnu/5/../../../i386-linux-gnu/libc.so
START GROUP
LOAD /lib/i386-linux-gnu/libc.so.6
LOAD /usr/lib/i386-linux-gnu/libc_nonshared.a
LOAD /lib/i386-linux-gnu/ld-linux.so.2
END GROUP
LOAD /usr/lib/gcc/i686-linux-gnu/5/libgcc.a
LOAD /usr/lib/gcc/i686-linux-gnu/5/libgcc_s.so
LOAD /usr/lib/gcc/i686-linux-gnu/5/crtendS.o
LOAD /usr/lib/gcc/i686-linux-gnu/5/../../../i386-linux-gnu/crtn.o
                0x0000000000000114                . = (0x0 + SIZEOF_HEADERS)

.note.gnu.build-id
                0x0000000000000114       0x24
 *(.note.gnu.build-id)
 .note.gnu.build-id
                0x0000000000000114       0x24 /usr/lib/gcc/i686-linux-gnu/5/../../../i386-linux-gnu/crti.o

.hash
 *(.hash)

.gnu.hash       0x0000000000000138     0x1590
 *(.gnu.hash)
 .gnu.hash      0x0000000000000138     0x1590 /usr/lib/gcc/i686-linux-gnu/5/../../../i386-linux-gnu/crti.o

.dynsym         0x00000000000016c8     0x2ed0
 *(.dynsym)
 .dynsym        0x00000000000016c8     0x2ed0 /usr/lib/gcc/i686-linux-gnu/5/../../../i386-linux-gnu/crti.o

.dynstr         0x0000000000004598     0x367a
 *(.dynstr)
 .dynstr        0x0000000000004598     0x367a /usr/lib/gcc/i686-linux-gnu/5/../../../i386-linux-gnu/crti.o

.gnu.version    0x0000000000007c12      0x5da
 *(.gnu.version)
 .gnu.version   0x0000000000007c12      0x5da /usr/lib/gcc/i686-linux-gnu/5/../../../i386-linux-gnu/crti.o

.gnu.version_d  0x00000000000081ec        0x0
 *(.gnu.version_d)
 .gnu.version_d
                0x00000000000081ec        0x0 /usr/lib/gcc/i686-linux-gnu/5/../../../i386-linux-gnu/crti.o

.gnu.version_r  0x00000000000081ec       0x40
 *(.gnu.version_r)
 .gnu.version_r
                0x00000000000081ec       0x40 /usr/lib/gcc/i686-linux-gnu/5/../../../i386-linux-gnu/crti.o

.rel.dyn        0x000000000000822c     0x9358
 *(.rel.init)
 .rel.init      0x000000000000822c        0x0 /usr/lib/gcc/i686-linux-gnu/5/../../../i386-linux-gnu/crti.o
 *(.rel.text .rel.text.* .rel.gnu.linkonce.t.*)
 .rel.text      0x000000000000822c     0x8960 /usr/lib/gcc/i686-linux-gnu/5/../../../i386-linux-gnu/crti.o
 *(.rel.fini)
 .rel.fini      0x0000000000010b8c        0x0 /usr/lib/gcc/i686-linux-gnu/5/../../../i386-linux-gnu/crti.o
 *(.rel.rodata .rel.rodata.* .rel.gnu.linkonce.r.*)
 .rel.rodata    0x0000000000010b8c      0x588 /usr/lib/gcc/i686-linux-gnu/5/../../../i386-linux-gnu/crti.o
 *(.rel.data.rel.ro .rel.data.rel.ro.* .rel.gnu.linkonce.d.rel.ro.*)
 *(.rel.data .rel.data.* .rel.gnu.linkonce.d.*)
 .rel.data.rel.local
                0x0000000000011114        0x8 /usr/lib/gcc/i686-linux-gnu/5/../../../i386-linux-gnu/crti.o
 .rel.data      0x000000000001111c      0x430 /usr/lib/gcc/i686-linux-gnu/5/../../../i386-linux-gnu/crti.o
 *(.rel.tdata .rel.tdata.* .rel.gnu.linkonce.td.*)
 *(.rel.tbss .rel.tbss.* .rel.gnu.linkonce.tb.*)
 *(.rel.ctors)
 *(.rel.dtors)
 *(.rel.got)
 .rel.got       0x000000000001154c       0x28 /usr/lib/gcc/i686-linux-gnu/5/../../../i386-linux-gnu/crti.o
 *(.rel.bss .rel.bss.* .rel.gnu.linkonce.b.*)
 *(.rel.ifunc)
 .rel.ifunc     0x0000000000011574        0x0 /usr/lib/gcc/i686-linux-gnu/5/../../../i386-linux-gnu/crti.o
 .rel.fini_array
                0x0000000000011574        0x8 /usr/lib/gcc/i686-linux-gnu/5/../../../i386-linux-gnu/crti.o
 .rel.init_array
                0x000000000001157c        0x8 /usr/lib/gcc/i686-linux-gnu/5/../../../i386-linux-gnu/crti.o

.rel.plt        0x0000000000011584        0x0
 *(.rel.plt)
 .rel.plt       0x0000000000011584        0x0 /usr/lib/gcc/i686-linux-gnu/5/../../../i386-linux-gnu/crti.o
 *(.rel.iplt)

.init           0x0000000000011584       0x23
 *(SORT(.init))
 .init          0x0000000000011584       0x1e /usr/lib/gcc/i686-linux-gnu/5/../../../i386-linux-gnu/crti.o
                0x0000000000011584                _init
 .init          0x00000000000115a2        0x5 /usr/lib/gcc/i686-linux-gnu/5/../../../i386-linux-gnu/crtn.o

.plt            0x00000000000115b0       0x10
 *(.plt)
 .plt           0x00000000000115b0       0x10 /usr/lib/gcc/i686-linux-gnu/5/../../../i386-linux-gnu/crti.o
 *(.iplt)

.plt.got        0x00000000000115c0       0x10
 *(.plt.got)
 .plt.got       0x00000000000115c0       0x10 /usr/lib/gcc/i686-linux-gnu/5/../../../i386-linux-gnu/crti.o

.text           0x00000000000115d0    0x18a02
 *(.text.unlikely .text.*_unlikely .text.unlikely.*)
 .text.unlikely
                0x00000000000115d0        0x0 /usr/lib/gcc/i686-linux-gnu/5/crtbeginS.o
 .text.unlikely
                0x00000000000115d0        0x0 /usr/lib/gcc/i686-linux-gnu/5/libgcc.a(_udivdi3.o)
 *(.text.exit .text.exit.*)
 *(.text.startup .text.startup.*)
 *(.text.hot .text.hot.*)
 *(.text .stub .text.* .gnu.linkonce.t.*)
 .text          0x00000000000115d0        0x0 /usr/lib/gcc/i686-linux-gnu/5/../../../i386-linux-gnu/crti.o
 .gnu.linkonce.t.__x86.get_pc_thunk.bx
                0x00000000000115d0        0x4 /usr/lib/gcc/i686-linux-gnu/5/../../../i386-linux-gnu/crti.o
                0x00000000000115d0                __x86.get_pc_thunk.bx
 *fill*         0x00000000000115d4        0xc 
 .text          0x00000000000115e0      0x11c /usr/lib/gcc/i686-linux-gnu/5/crtbeginS.o
 .text.__x86.get_pc_thunk.dx
                0x00000000000116fc        0x4 /usr/lib/gcc/i686-linux-gnu/5/crtbeginS.o
                0x00000000000116fc                __x86.get_pc_thunk.dx
 .text          0x0000000000011700      0x224 co2_CoAP-server.o
 .text          0x0000000000011924      0x283 build/cooja/mtype167.o
                0x00000000000119b6                platform_init_stage_one
                0x00000000000119c9                platform_init_stage_two
                0x00000000000119dc                platform_init_stage_three
                0x00000000000119ef                platform_main_loop
                0x0000000000011a62                Java_org_contikios_cooja_corecomm_Lib2_init
                0x0000000000011a99                Java_org_contikios_cooja_corecomm_Lib2_getMemory
                0x0000000000011acc                Java_org_contikios_cooja_corecomm_Lib2_setMemory
                0x0000000000011b2c                Java_org_contikios_cooja_corecomm_Lib2_tick
                0x0000000000011b94                Java_org_contikios_cooja_corecomm_Lib2_setReferenceAddress
 .text          0x0000000000011ba7       0x65 build/cooja/mtype167.a(simEnvChange.o)
                0x0000000000011ba7                doActionsBeforeTick
                0x0000000000011bd9                doActionsAfterTick
 .text          0x0000000000011c0c       0x83 build/cooja/mtype167.a(cooja_mt.o)
                0x0000000000011c0c                cooja_mt_start
                0x0000000000011c36                cooja_mt_exec
                0x0000000000011c6c                cooja_mt_yield
 .text          0x0000000000011c8f       0xbe build/cooja/mtype167.a(cooja_mtarch.o)
                0x0000000000011c8f                cooja_mtarch_start
                0x0000000000011d02                cooja_sw
                0x0000000000011d25                cooja_mtarch_exec
                0x0000000000011d42                cooja_mtarch_yield
 .text          0x0000000000011d4d       0xc5 build/cooja/mtype167.a(rtimer-arch.o)
                0x0000000000011d4d                rtimer_arch_init
                0x0000000000011d71                rtimer_arch_schedule
                0x0000000000011da1                rtimer_arch_next
                0x0000000000011db1                rtimer_arch_pending
                0x0000000000011dbb                rtimer_arch_check
                0x0000000000011e02                rtimer_arch_now
 .text          0x0000000000011e12       0x81 build/cooja/mtype167.a(beep.o)
                0x0000000000011e12                beep_alarm
                0x0000000000011e1f                beep_beep
                0x0000000000011e2c                beep
                0x0000000000011e39                beep_down
                0x0000000000011e46                beep_on
                0x0000000000011e53                beep_off
                0x0000000000011e60                beep_spinup
                0x0000000000011e6d                beep_quick
                0x0000000000011e7a                beep_long
 .text          0x0000000000011e93       0x65 build/cooja/mtype167.a(leds-arch.o)
                0x0000000000011ea6                leds_arch_init
 .text          0x0000000000011ef8       0x35 build/cooja/mtype167.a(moteid.o)
 .text          0x0000000000011f2d       0xb7 build/cooja/mtype167.a(pir-sensor.o)
 .text          0x0000000000011fe4      0x148 build/cooja/mtype167.a(rs232.o)
                0x0000000000011fe4                rs232_init
                0x0000000000011fea                rs232_set_speed
                0x0000000000011ff9                rs232_set_input
                0x0000000000012007                rs232_send
                0x000000000001202b                rs232_print
                0x0000000000012047                slip_arch_writeb
 .text          0x000000000001212c       0xb7 build/cooja/mtype167.a(vib-sensor.o)
 .text          0x00000000000121e3       0x38 build/cooja/mtype167.a(clock.o)
                0x00000000000121e3                clock_init
                0x00000000000121e9                clock_time
                0x00000000000121f3                clock_seconds
                0x0000000000012209                clock_delay
 .text          0x000000000001221b      0x219 build/cooja/mtype167.a(cooja-log.o)
                0x000000000001221b                simlog_char
                0x000000000001225e                simlog
                0x00000000000122d4                log_message
                0x0000000000012305                log_set_putchar_with_slip
                0x0000000000012313                log_putchar
                0x000000000001238e                log_puts
                0x00000000000123b6                log_printf
 .text          0x0000000000012434      0x2b9 build/cooja/mtype167.a(cfs-cooja.o)
                0x0000000000012434                cfs_open
                0x000000000001249d                cfs_close
                0x00000000000124aa                cfs_read
                0x000000000001253f                cfs_write
                0x000000000001261b                cfs_seek
                0x00000000000126a3                cfs_remove
                0x00000000000126c7                cfs_opendir
                0x00000000000126d1                cfs_readdir
                0x00000000000126db                cfs_closedir
 .text          0x00000000000126ed      0x620 build/cooja/mtype167.a(cooja-radio.o)
                0x000000000001272f                radio_set_channel
                0x000000000001273d                radio_set_txpower
                0x0000000000012755                radio_signal_strength_last
                0x000000000001275f                radio_signal_strength_current
                0x0000000000012769                radio_LQI
 .text          0x0000000000012d0d       0xee build/cooja/mtype167.a(eeprom.o)
                0x0000000000012d0d                eeprom_init
                0x0000000000012d13                eeprom_read
                0x0000000000012d81                eeprom_write
 .text          0x0000000000012dfb       0x2d build/cooja/mtype167.a(random.o)
                0x0000000000012dfb                random_init
                0x0000000000012e1b                random_rand
 .text          0x0000000000012e28      0x29c build/cooja/mtype167.a(sensors.o)
                0x0000000000012e63                sensors_first
                0x0000000000012e6d                sensors_next
                0x0000000000012e87                sensors_changed
                0x0000000000012ebb                sensors_find
 .text          0x00000000000130c4      0x349 build/cooja/mtype167.a(leds.o)
                0x00000000000130c4                leds_init
                0x000000000001310b                leds_single_on
                0x000000000001316a                leds_single_off
                0x00000000000131c9                leds_single_toggle
                0x00000000000131fb                leds_on
                0x000000000001327d                leds_off
                0x00000000000132ff                leds_toggle
                0x0000000000013354                leds_set
                0x0000000000013380                leds_get
 .text          0x000000000001340d      0x343 build/cooja/mtype167.a(gpio-hal-arch.o)
                0x000000000001340d                gpio_hal_arch_register_pin_callback
                0x0000000000013479                gpio_hal_arch_init
                0x00000000000134be                gpio_hal_arch_no_port_interrupt_enable
                0x00000000000134ee                gpio_hal_arch_no_port_interrupt_disable
                0x000000000001351e                gpio_hal_arch_no_port_pin_cfg_set
                0x0000000000013543                gpio_hal_arch_no_port_pin_cfg_get
                0x0000000000013569                gpio_hal_arch_no_port_pin_set_input
                0x000000000001357b                gpio_hal_arch_no_port_pin_set_output
                0x000000000001358d                gpio_hal_arch_no_port_set_pin
                0x00000000000135ae                gpio_hal_arch_no_port_clear_pin
                0x00000000000135cf                gpio_hal_arch_no_port_read_pin
                0x00000000000135f5                gpio_hal_arch_no_port_write_pin
                0x000000000001361f                gpio_hal_arch_no_port_set_pins
                0x0000000000013666                gpio_hal_arch_no_port_clear_pins
                0x00000000000136ad                gpio_hal_arch_no_port_read_pins
                0x00000000000136f0                gpio_hal_arch_no_port_write_pins
 .text          0x0000000000013750       0x89 build/cooja/mtype167.a(buttons.o)
 .text          0x00000000000137d9      0x2bc build/cooja/mtype167.a(res-co2.o)
 .text          0x0000000000013a95      0xbea build/cooja/mtype167.a(coap-engine.o)
                0x0000000000013b2a                coap_add_handler
                0x0000000000013b47                coap_remove_handler
                0x0000000000013b64                coap_call_handlers
                0x0000000000013c6c                coap_receive
                0x0000000000014267                coap_engine_init
                0x00000000000142c5                coap_activate_resource
                0x0000000000014370                coap_get_first_resource
                0x0000000000014389                coap_get_next_resource
 .text          0x000000000001467f      0x2d9 build/cooja/mtype167.a(coap-res-well-k)
 .text          0x0000000000014958      0x96a build/cooja/mtype167.a(coap-observe.o)
                0x0000000000014a6d                coap_remove_observer
                0x0000000000014a9d                coap_remove_observer_by_client
                0x0000000000014b05                coap_remove_observer_by_token
                0x0000000000014b98                coap_remove_observer_by_uri
                0x0000000000014c3f                coap_remove_observer_by_mid
                0x0000000000014cbb                coap_notify_observers
                0x0000000000014cd4                coap_notify_observers_sub
                0x000000000001513e                coap_observe_handler
                0x0000000000015259                coap_has_observers
 .text          0x00000000000152c2      0x733 build/cooja/mtype167.a(coap-uip.o)
                0x00000000000152c2                coap_endpoint_log
                0x0000000000015348                coap_endpoint_print
                0x00000000000153ce                coap_endpoint_snprint
                0x0000000000015501                coap_endpoint_copy
                0x000000000001553e                coap_endpoint_cmp
                0x000000000001564c                coap_endpoint_parse
                0x0000000000015837                coap_endpoint_is_secure
                0x0000000000015846                coap_endpoint_is_connected
                0x000000000001587a                coap_endpoint_connect
                0x0000000000015896                coap_endpoint_disconnect
                0x000000000001589c                coap_databuf
                0x00000000000158a6                coap_transport_init
                0x00000000000158f6                coap_sendto
 .text          0x00000000000159f5      0x324 build/cooja/mtype167.a(coap-timer.o)
                0x0000000000015af2                coap_timer_stop
                0x0000000000015b1d                coap_timer_set
                0x0000000000015b60                coap_timer_reset
                0x0000000000015ba3                coap_timer_time_to_next_expiration
                0x0000000000015c0f                coap_timer_run
                0x0000000000015cdb                coap_timer_init
 .text          0x0000000000015d19      0x2c6 build/cooja/mtype167.a(coap-transactio)
                0x0000000000015d7f                coap_new_transaction
                0x0000000000015de5                coap_send_transaction
                0x0000000000015f46                coap_clear_transaction
                0x0000000000015f8e                coap_get_transaction_by_mid
 .text          0x0000000000015fdf     0x1c53 build/cooja/mtype167.a(coap.o)
                0x000000000001654c                coap_init_connection
                0x0000000000016560                coap_get_mid
                0x000000000001657c                coap_init_message
                0x00000000000165c5                coap_serialize_message
                0x0000000000016c47                coap_parse_message
                0x00000000000172ae                coap_get_query_variable
                0x00000000000172f0                coap_get_post_variable
                0x0000000000017334                coap_set_status_code
                0x0000000000017359                coap_set_token
                0x00000000000173a0                coap_get_header_content_format
                0x00000000000173d1                coap_set_header_content_format
                0x00000000000173f4                coap_get_header_accept
                0x0000000000017425                coap_set_header_accept
                0x0000000000017448                coap_get_header_max_age
                0x0000000000017479                coap_set_header_max_age
                0x0000000000017499                coap_get_header_etag
                0x00000000000174cb                coap_set_header_etag
                0x0000000000017522                coap_get_header_if_match
                0x0000000000017554                coap_set_header_if_match
                0x00000000000175ab                coap_get_header_if_none_match
                0x00000000000175c5                coap_set_header_if_none_match
                0x00000000000175dc                coap_get_header_proxy_uri
                0x000000000001760a                coap_set_header_proxy_uri
                0x0000000000017647                coap_get_header_uri_host
                0x0000000000017675                coap_set_header_uri_host
                0x00000000000176b2                coap_get_header_uri_path
                0x00000000000176e0                coap_set_header_uri_path
                0x000000000001772d                coap_get_header_uri_query
                0x0000000000017761                coap_set_header_uri_query
                0x00000000000177b7                coap_get_header_location_path
                0x00000000000177e5                coap_set_header_location_path
                0x000000000001787e                coap_get_header_location_query
                0x00000000000178ac                coap_set_header_location_query
                0x00000000000178f9                coap_get_header_observe
                0x0000000000017928                coap_set_header_observe
                0x0000000000017948                coap_get_header_block2
                0x00000000000179b4                coap_set_header_block2
                0x0000000000017a2b                coap_get_header_block1
                0x0000000000017aa0                coap_set_header_block1
                0x0000000000017b1b                coap_get_header_size2
                0x0000000000017b4b                coap_set_header_size2
                0x0000000000017b6e                coap_get_header_size1
                0x0000000000017b9e                coap_set_header_size1
                0x0000000000017bc1                coap_get_payload
                0x0000000000017bfb                coap_set_payload
 .text          0x0000000000017c32      0x332 build/cooja/mtype167.a(contiki-main.o)
                0x0000000000017c32                main
 .text          0x0000000000017f64       0x92 build/cooja/mtype167.a(autostart.o)
                0x0000000000017f64                autostart_start
                0x0000000000017fae                autostart_exit
 .text          0x0000000000017ff6      0x355 build/cooja/mtype167.a(ctimer.o)
                0x000000000001811e                ctimer_init
                0x0000000000018151                ctimer_set
                0x0000000000018177                ctimer_set_with_process
                0x00000000000181f4                ctimer_reset
                0x0000000000018248                ctimer_restart
                0x000000000001829c                ctimer_stop
                0x00000000000182ec                ctimer_expired
 .text          0x000000000001834b      0x394 build/cooja/mtype167.a(log.o)
                0x000000000001834b                log_6addr
                0x000000000001839e                log_6addr_compact_snprint
                0x000000000001843c                log_6addr_compact
                0x000000000001848f                log_lladdr
                0x0000000000018501                log_lladdr_compact
                0x0000000000018569                log_set_level
                0x0000000000018624                log_get_level
                0x000000000001869d                log_level_to_str
 .text          0x00000000000186df       0x1b build/cooja/mtype167.a(energest.o)
                0x00000000000186df                energest_init
                0x00000000000186e5                energest_flush
                0x00000000000186eb                energest_get_total_time
 .text          0x00000000000186fa      0x43f build/cooja/mtype167.a(etimer.o)
                0x000000000001891e                etimer_request_poll
                0x00000000000189a7                etimer_set
                0x00000000000189d0                etimer_reset_with_new_interval
                0x00000000000189ff                etimer_reset
                0x0000000000018a25                etimer_restart
                0x0000000000018a4b                etimer_adjust
                0x0000000000018a68                etimer_expired
                0x0000000000018a7b                etimer_expiration_time
                0x0000000000018a8d                etimer_start_time
                0x0000000000018a97                etimer_pending
                0x0000000000018aa9                etimer_next_expiration_time
                0x0000000000018ac3                etimer_stop
 .text          0x0000000000018b39       0x25 build/cooja/mtype167.a(node-id.o)
                0x0000000000018b39                node_id_init
 .text          0x0000000000018b5e       0xeb build/cooja/mtype167.a(rtimer.o)
                0x0000000000018b5e                rtimer_init
                0x0000000000018b6c                rtimer_set
                0x0000000000018be7                rtimer_run_next
 .text          0x0000000000018c49      0x4fb build/cooja/mtype167.a(process.o)
                0x0000000000018c49                process_alloc_event
                0x0000000000018c5e                process_start
                0x0000000000018e38                process_exit
                0x0000000000018e55                process_init
                0x0000000000018fea                process_run
                0x000000000001901d                process_nevents
                0x0000000000019038                process_post
                0x00000000000190cb                process_post_synch
                0x0000000000019100                process_poll
                0x0000000000019130                process_is_running
 .text          0x0000000000019144       0xb1 build/cooja/mtype167.a(timer.o)
                0x0000000000019144                timer_set
                0x0000000000019162                timer_reset
                0x000000000001918f                timer_restart
                0x00000000000191a4                timer_expired
                0x00000000000191d1                timer_remaining
 .text          0x00000000000191f5      0x28f build/cooja/mtype167.a(list.o)
                0x00000000000191f5                list_init
                0x0000000000019204                list_head
                0x000000000001920e                list_copy
                0x000000000001921e                list_tail
                0x0000000000019254                list_add
                0x00000000000192a0                list_push
                0x00000000000192cc                list_chop
                0x0000000000019336                list_pop
                0x000000000001935e                list_remove
                0x00000000000193c6                list_length
                0x00000000000193f4                list_insert
                0x0000000000019439                list_item_next
                0x0000000000019450                list_contains
 .text          0x0000000000019484      0x1b5 build/cooja/mtype167.a(memb.o)
                0x0000000000019484                memb_init
                0x00000000000194d9                memb_alloc
                0x000000000001953c                memb_free
                0x00000000000195b3                memb_inmemb
                0x00000000000195f2                memb_numfree
 .text          0x0000000000019639      0x41c build/cooja/mtype167.a(button-hal.o)
                0x00000000000197b2                button_hal_get_by_id
                0x00000000000197f0                button_hal_get_by_index
                0x000000000001981c                button_hal_get_state
                0x000000000001986e                button_hal_init
 .text          0x0000000000019a55      0x1f3 build/cooja/mtype167.a(serial-line.o)
                0x0000000000019a55                serial_line_input_byte
                0x0000000000019c13                serial_line_init
 .text          0x0000000000019c48      0x168 build/cooja/mtype167.a(gpio-hal.o)
                0x0000000000019c48                gpio_hal_register_handler
                0x0000000000019c65                gpio_hal_event_handler
                0x0000000000019cc1                gpio_hal_init
                0x0000000000019ce0                gpio_hal_arch_port_toggle_pin
                0x0000000000019d1c                gpio_hal_arch_port_toggle_pins
                0x0000000000019d4a                gpio_hal_arch_no_port_toggle_pin
                0x0000000000019d88                gpio_hal_arch_no_port_toggle_pins
 .text          0x0000000000019db0      0x2e7 build/cooja/mtype167.a(queuebuf.o)
                0x0000000000019dba                queuebuf_init
                0x0000000000019de3                queuebuf_numfree
                0x0000000000019dfb                queuebuf_new_from_packetbuf
                0x0000000000019e9a                queuebuf_update_attr_from_packetbuf
                0x0000000000019ecf                queuebuf_update_from_packetbuf
                0x0000000000019f1f                queuebuf_free
                0x0000000000019f68                queuebuf_to_packetbuf
                0x0000000000019fd4                queuebuf_dataptr
                0x000000000001a00e                queuebuf_datalen
                0x000000000001a031                queuebuf_addr
                0x000000000001a066                queuebuf_attr
                0x000000000001a091                queuebuf_debug_print
 .text          0x000000000001a097      0x407 build/cooja/mtype167.a(packetbuf.o)
                0x000000000001a097                packetbuf_clear
                0x000000000001a0c2                packetbuf_copyfrom
                0x000000000001a111                packetbuf_copyto
                0x000000000001a1a4                packetbuf_hdralloc
                0x000000000001a220                packetbuf_hdrreduce
                0x000000000001a266                packetbuf_set_datalen
                0x000000000001a280                packetbuf_dataptr
                0x000000000001a29d                packetbuf_hdrptr
                0x000000000001a2a7                packetbuf_datalen
                0x000000000001a2b3                packetbuf_hdrlen
                0x000000000001a2ca                packetbuf_totlen
                0x000000000001a2e0                packetbuf_remaininglen
                0x000000000001a2f3                packetbuf_attr_clear
                0x000000000001a33f                packetbuf_attr_copyto
                0x000000000001a397                packetbuf_attr_copyfrom
                0x000000000001a3ef                packetbuf_set_attr
                0x000000000001a419                packetbuf_attr
                0x000000000001a433                packetbuf_set_addr
                0x000000000001a464                packetbuf_addr
                0x000000000001a481                packetbuf_holds_broadcast
 .text          0x000000000001a49e       0xef build/cooja/mtype167.a(netstack.o)
                0x000000000001a49e                netstack_process_ip_callback
                0x000000000001a52f                netstack_ip_packet_processor_add
                0x000000000001a552                uip_ds6_ip_packet_processor_rm
                0x000000000001a56f                netstack_init
 .text          0x000000000001a58d       0x4f build/cooja/mtype167.a(linkaddr.o)
                0x000000000001a58d                linkaddr_copy
                0x000000000001a5a3                linkaddr_cmp
                0x000000000001a5c6                linkaddr_set_node_addr
 .text          0x000000000001a5dc      0x1f6 build/cooja/mtype167.a(csma.o)
 .text          0x000000000001a7d2      0x95d build/cooja/mtype167.a(csma-output.o)
                0x000000000001ae69                csma_output_packet
                0x000000000001b0f6                csma_output_init
 .text          0x000000000001b12f      0xc11 build/cooja/mtype167.a(uip-ds6.o)
                0x000000000001b12f                uip_ds6_default_prefix
                0x000000000001b139                uip_ds6_set_default_prefix
                0x000000000001b164                uip_ds6_init
                0x000000000001b3c6                uip_ds6_periodic
                0x000000000001b44d                uip_ds6_list_loop
                0x000000000001b50d                uip_ds6_prefix_add
                0x000000000001b5b9                uip_ds6_prefix_rm
                0x000000000001b5cc                uip_ds6_prefix_lookup
                0x000000000001b60b                uip_ds6_is_addr_onlink
                0x000000000001b67e                uip_ds6_addr_add
                0x000000000001b79e                uip_ds6_addr_rm
                0x000000000001b847                uip_ds6_addr_lookup
                0x000000000001b880                uip_ds6_get_link_local
                0x000000000001b901                uip_ds6_get_global
                0x000000000001b982                uip_ds6_maddr_add
                0x000000000001b9e2                uip_ds6_maddr_rm
                0x000000000001b9f5                uip_ds6_maddr_lookup
                0x000000000001ba2e                uip_ds6_aaddr_add
                0x000000000001ba8e                uip_ds6_aaddr_rm
                0x000000000001baa1                uip_ds6_aaddr_lookup
                0x000000000001bada                uip_ds6_select_src
                0x000000000001bc23                uip_ds6_set_addr_iid
                0x000000000001bc4e                uip_ds6_set_lladdr_from_iid
                0x000000000001bc77                get_match_length
                0x000000000001bd08                uip_ds6_compute_reachable_time
 .text          0x000000000001bd40      0x128 build/cooja/mtype167.a(uip-udp-packet.)
                0x000000000001bd40                uip_udp_packet_send
                0x000000000001bd9b                uip_udp_packet_sendto
 .text          0x000000000001be68      0xa3c build/cooja/mtype167.a(uip-ds6-route.o)
                0x000000000001bf52                uip_ds6_notification_add
                0x000000000001bf84                uip_ds6_notification_rm
                0x000000000001bfa1                uip_ds6_route_init
                0x000000000001c040                uip_ds6_route_nexthop
                0x000000000001c06f                uip_ds6_route_head
                0x000000000001c088                uip_ds6_route_next
                0x000000000001c0b1                uip_ds6_route_is_nexthop
                0x000000000001c0f3                uip_ds6_route_num_routes
                0x000000000001c0fd                uip_ds6_route_lookup
                0x000000000001c1d4                uip_ds6_route_add
                0x000000000001c414                uip_ds6_route_rm
                0x000000000001c5b2                uip_ds6_route_rm_by_nexthop
                0x000000000001c5f1                uip_ds6_defrt_head
                0x000000000001c60a                uip_ds6_defrt_add
                0x000000000001c6cb                uip_ds6_defrt_rm
                0x000000000001c74c                uip_ds6_defrt_lookup
                0x000000000001c7b3                uip_ds6_defrt_choose
                0x000000000001c829                uip_ds6_defrt_periodic
 .text          0x000000000001c8a4      0x6f7 build/cooja/mtype167.a(tcpip.o)
                0x000000000001c8be                tcpip_output
                0x000000000001c93d                udp_attach
                0x000000000001c955                udp_new
                0x000000000001c99f                udp_broadcast_new
                0x000000000001cb11                tcpip_input
                0x000000000001cca1                tcpip_ipv6_output
                0x000000000001ce95                tcpip_poll_udp
                0x000000000001ceb3                tcpip_uipcall
 .text          0x000000000001cf9b     0x1205 build/cooja/mtype167.a(uip6.o)
                0x000000000001d04a                uip_chksum
                0x000000000001d121                uip_icmp6chksum
                0x000000000001d136                uip_udpchksum
                0x000000000001d14b                uip_init
                0x000000000001d194                uip_remove_ext_hdr
                0x000000000001d26e                uip_udp_new
                0x000000000001d582                uip_process
                0x000000000001e07a                uip_htons
                0x000000000001e09c                uip_htonl
                0x000000000001e0da                uip_send
 .text          0x000000000001e1a0      0x369 build/cooja/mtype167.a(uip-ds6-nbr.o)
                0x000000000001e1a0                uip_ds6_neighbors_init
                0x000000000001e1c4                uip_ds6_nbr_add
                0x000000000001e24a                uip_ds6_nbr_rm
                0x000000000001e295                uip_ds6_nbr_update_ll
                0x000000000001e383                uip_ds6_nbr_get_ipaddr
                0x000000000001e398                uip_ds6_nbr_get_ll
                0x000000000001e3b4                uip_ds6_nbr_num
                0x000000000001e3fd                uip_ds6_nbr_head
                0x000000000001e416                uip_ds6_nbr_next
                0x000000000001e432                uip_ds6_nbr_lookup
                0x000000000001e48a                uip_ds6_nbr_ll_lookup
                0x000000000001e4a6                uip_ds6_nbr_ipaddr_from_lladdr
                0x000000000001e4cf                uip_ds6_nbr_lladdr_from_ipaddr
                0x000000000001e503                uip_ds6_link_callback
 .text          0x000000000001e509      0x6a7 build/cooja/mtype167.a(uip-nd6.o)
                0x000000000001eb97                uip_nd6_init
 .text          0x000000000001ebb0     0x2c17 build/cooja/mtype167.a(sicslowpan.o)
                0x000000000001f1b7                netstack_sniffer_add
                0x000000000001f1c5                netstack_sniffer_remove
                0x000000000002179b                sicslowpan_init
                0x00000000000217bd                sicslowpan_get_last_rssi
 .text          0x00000000000217c7      0x4d1 build/cooja/mtype167.a(uiplib.o)
                0x00000000000217c7                uiplib_ip6addrconv
                0x000000000002197f                uiplib_ip4addrconv
                0x0000000000021a42                uiplib_ipaddr_print
                0x0000000000021a95                uiplib_ipaddr_snprint
 .text          0x0000000000021c98      0x4c9 build/cooja/mtype167.a(rpl.o)
                0x0000000000021c98                rpl_lollipop_greater_than
                0x0000000000021cf2                rpl_get_global_address
                0x0000000000021dea                rpl_link_callback
                0x0000000000021e2e                rpl_has_joined
                0x0000000000021e53                rpl_is_reachable
                0x0000000000021ed4                rpl_reset_prefix
                0x0000000000021f3e                rpl_set_prefix_from_addr
                0x0000000000022023                rpl_set_prefix
                0x000000000002213d                rpl_set_leaf_only
                0x0000000000022155                rpl_get_leaf_only
 .text          0x0000000000022161     0x138c build/cooja/mtype167.a(rpl-icmp6.o)
                0x0000000000022286                rpl_icmp6_update_nbr_table
                0x000000000002230f                rpl_icmp6_dis_output
                0x0000000000022955                rpl_icmp6_dio_output
                0x0000000000023153                rpl_icmp6_dao_output
                0x0000000000023434                rpl_icmp6_dao_ack_output
                0x00000000000234a4                rpl_icmp6_init
 .text          0x00000000000234ed      0x264 build/cooja/mtype167.a(rpl-dag-root.o)
                0x00000000000234ed                rpl_dag_root_print_links
                0x0000000000023619                rpl_dag_root_set_prefix
                0x0000000000023645                rpl_dag_root_start
                0x0000000000023722                rpl_dag_root_is_root
 .text          0x0000000000023751       0x30 build/cooja/mtype167.a(watchdog.o)
                0x0000000000023751                watchdog_init
                0x0000000000023757                watchdog_start
                0x000000000002375d                watchdog_periodic
                0x0000000000023775                watchdog_stop
                0x000000000002377b                watchdog_reboot
 .text          0x0000000000023781       0x4a build/cooja/mtype167.a(int-master.o)
                0x0000000000023781                int_master_enable
                0x0000000000023791                int_master_read_and_disable
                0x00000000000237ae                int_master_status_set
                0x00000000000237bc                int_master_is_enabled
 .text          0x00000000000237cb      0x226 build/cooja/mtype167.a(coap-timer-defa)
 .text          0x00000000000239f1       0xc7 build/cooja/mtype167.a(stimer.o)
                0x00000000000239f1                stimer_set
                0x0000000000023a0f                stimer_reset
                0x0000000000023a3c                stimer_restart
                0x0000000000023a51                stimer_expired
                0x0000000000023a7c                stimer_remaining
                0x0000000000023aa0                stimer_elapsed
 .text          0x0000000000023ab8      0x156 build/cooja/mtype167.a(ringbuf.o)
                0x0000000000023ab8                ringbuf_init
                0x0000000000023aea                ringbuf_put
                0x0000000000023b68                ringbuf_get
                0x0000000000023bd5                ringbuf_size
                0x0000000000023be7                ringbuf_elements
 .text          0x0000000000023c0e       0x1f build/cooja/mtype167.a(assert.o)
                0x0000000000023c0e                _xassert
 .text          0x0000000000023c2d      0x79b build/cooja/mtype167.a(nbr-table.o)
                0x00000000000240a6                nbr_table_register
                0x0000000000024113                nbr_table_is_registered
                0x000000000002414e                nbr_table_head
                0x00000000000241a9                nbr_table_next
                0x000000000002420a                nbr_table_add_lladdr
                0x00000000000242e4                nbr_table_get_from_lladdr
                0x0000000000024330                nbr_table_remove
                0x0000000000024368                nbr_table_lock
                0x0000000000024382                nbr_table_unlock
                0x000000000002439c                nbr_table_get_lladdr
 .text          0x00000000000243c8      0x3a5 build/cooja/mtype167.a(link-stats.o)
                0x00000000000243c8                link_stats_from_lladdr
                0x00000000000243e4                link_stats_get_lladdr
                0x0000000000024400                link_stats_is_fresh
                0x000000000002443c                guess_etx_from_rssi
                0x00000000000244b8                link_stats_packet_sent
                0x00000000000245d8                link_stats_input_callback
                0x00000000000246e8                link_stats_reset
                0x0000000000024738                link_stats_init
 .text          0x000000000002476d      0x187 build/cooja/mtype167.a(mac-sequence.o)
                0x000000000002476d                mac_sequence_is_duplicate
                0x000000000002480d                mac_sequence_register_seqno
 .text          0x00000000000248f4       0x23 build/cooja/mtype167.a(mac.o)
                0x00000000000248f4                mac_call_sent_callback
 .text          0x0000000000024917      0x432 build/cooja/mtype167.a(framer-802154.o)
                0x0000000000024aa6                framer_802154_setup_params
 .text          0x0000000000024d49      0xb6f build/cooja/mtype167.a(frame802154.o)
                0x0000000000024d7a                frame802154_get_pan_id
                0x0000000000024d86                frame802154_set_pan_id
                0x0000000000024da0                frame802154_has_panid
                0x0000000000024f4f                frame802154_check_dest_panid
                0x0000000000024fd7                frame802154_is_broadcast_addr
                0x0000000000025024                frame802154_extract_linkaddr
                0x0000000000025289                frame802154_hdrlen
                0x00000000000252fc                frame802154_create_fcf
                0x00000000000253b4                frame802154_create
                0x0000000000025529                frame802154_parse_fcf
                0x000000000002560b                frame802154_parse
 .text          0x00000000000258b8       0x2d build/cooja/mtype167.a(csma-security.o)
                0x00000000000258b8                csma_security_create_frame
                0x00000000000258d6                csma_security_parse_frame
 .text          0x00000000000258e5      0x4e4 build/cooja/mtype167.a(uipbuf.o)
                0x00000000000258e5                uipbuf_clear
                0x000000000002590c                uipbuf_add_ext_hdr
                0x000000000002598c                uipbuf_set_len
                0x00000000000259b9                uipbuf_set_len_field
                0x00000000000259e5                uipbuf_get_len_field
                0x0000000000025a05                uipbuf_get_next_header
                0x0000000000025b37                uipbuf_get_last_header
                0x0000000000025bb0                uipbuf_search_header
                0x0000000000025c66                uipbuf_get_attr
                0x0000000000025c8d                uipbuf_set_attr
                0x0000000000025cc4                uipbuf_set_default_attr
                0x0000000000025cfb                uipbuf_clear_attr
                0x0000000000025d1f                uipbuf_set_attr_flag
                0x0000000000025d40                uipbuf_clr_attr_flag
                0x0000000000025d67                uipbuf_is_attr_flag
                0x0000000000025d8b                uipbuf_init
 .text          0x0000000000025dc9      0x73f build/cooja/mtype167.a(uip-icmp6.o)
                0x0000000000025e3e                uip_icmp6_input
                0x0000000000025e95                uip_icmp6_register_input_handler
                0x0000000000025fe8                uip_icmp6_error_output
                0x0000000000026299                uip_icmp6_send
                0x0000000000026490                uip_icmp6_echo_reply_callback_add
                0x00000000000264c2                uip_icmp6_echo_reply_callback_rm
                0x00000000000264df                uip_icmp6_init
 .text          0x0000000000026508      0x69b build/cooja/mtype167.a(uip-sr.o)
                0x0000000000026508                uip_sr_num_nodes
                0x0000000000026596                uip_sr_get_node
                0x00000000000265ed                uip_sr_is_addr_reachable
                0x000000000002669b                uip_sr_expire_parent
                0x00000000000266e4                uip_sr_update_node
                0x0000000000026814                uip_sr_init
                0x0000000000026848                uip_sr_node_head
                0x0000000000026861                uip_sr_node_next
                0x0000000000026877                uip_sr_periodic
                0x000000000002697d                uip_sr_free_all
                0x00000000000269ed                uip_sr_link_snprint
 .text          0x0000000000026ba3      0x146 build/cooja/mtype167.a(uip-packetqueue)
                0x0000000000026bd1                uip_packetqueue_new
                0x0000000000026be0                uip_packetqueue_alloc
                0x0000000000026c3b                uip_packetqueue_free
                0x0000000000026c82                uip_packetqueue_buf
                0x0000000000026c9f                uip_packetqueue_buflen
                0x0000000000026cc0                uip_packetqueue_set_buflen
 .text          0x0000000000026ce9      0x1b0 build/cooja/mtype167.a(rpl-nbr-policy.)
                0x0000000000026e56                rpl_nbr_policy_find_removable
 .text          0x0000000000026e99      0x915 build/cooja/mtype167.a(rpl-neighbor.o)
                0x0000000000026f15                rpl_neighbor_snprint
                0x00000000000271c8                rpl_neighbor_print_list
                0x000000000002727d                rpl_neighbor_count
                0x0000000000027324                rpl_neighbor_get_from_lladdr
                0x0000000000027340                rpl_neighbor_is_acceptable_parent
                0x0000000000027374                rpl_neighbor_get_link_metric
                0x00000000000273a8                rpl_neighbor_rank_via_nbr
                0x00000000000273dc                rpl_neighbor_get_lladdr
                0x00000000000273f8                rpl_neighbor_get_ipaddr
                0x000000000002741f                rpl_neighbor_get_link_stats
                0x0000000000027446                rpl_neighbor_is_fresh
                0x000000000002746d                rpl_neighbor_is_reachable
                0x00000000000274b8                rpl_neighbor_is_parent
                0x00000000000274e2                rpl_neighbor_set_preferred_parent
                0x0000000000027579                rpl_neighbor_remove_all
                0x00000000000275d5                rpl_neighbor_get_from_ipaddr
                0x00000000000276e3                rpl_neighbor_select_best
                0x000000000002778f                rpl_neighbor_init
 .text          0x00000000000277ae      0xe69 build/cooja/mtype167.a(rpl-dag.o)
                0x00000000000277ae                rpl_dag_state_to_str
                0x00000000000277ed                rpl_dag_get_root_ipaddr
                0x0000000000027835                rpl_dag_leave
                0x00000000000278be                rpl_dag_poison_and_leave
                0x00000000000278d6                rpl_dag_periodic
                0x000000000002795e                rpl_is_addr_in_our_dag
                0x00000000000279a2                rpl_get_default_instance
                0x00000000000279be                rpl_get_any_dag
                0x0000000000027a17                rpl_refresh_routes
                0x0000000000027a57                rpl_global_repair
                0x0000000000027af0                rpl_local_repair
                0x0000000000027b3a                rpl_dag_ready_to_advertise
                0x0000000000027b7d                rpl_dag_update_state
                0x00000000000282aa                rpl_process_dio
                0x0000000000028328                rpl_process_dis
                0x000000000002836d                rpl_process_dao
                0x00000000000283fc                rpl_process_dao_ack
                0x0000000000028493                rpl_process_hbh
                0x00000000000284e3                rpl_dag_init_root
                0x00000000000285f7                rpl_dag_init
 .text          0x0000000000028617      0x9e7 build/cooja/mtype167.a(rpl-timers.o)
                0x0000000000028617                rpl_timers_schedule_periodic_dis
                0x0000000000028765                rpl_timers_dio_reset
                0x0000000000028873                rpl_timers_schedule_unicast_dio
                0x00000000000289c7                rpl_timers_schedule_dao
                0x0000000000028a86                rpl_timers_schedule_dao_ack
                0x0000000000028b0c                rpl_timers_notify_dao_ack
                0x0000000000028b6a                get_probing_delay
                0x0000000000028b9e                get_probing_target
                0x0000000000028d88                rpl_schedule_probing
                0x0000000000028db6                rpl_schedule_probing_now
                0x0000000000028e20                rpl_timers_unschedule_leaving
                0x0000000000028e58                rpl_timers_schedule_leaving
                0x0000000000028e99                rpl_timers_init
                0x0000000000028f29                rpl_timers_stop_dag_timers
                0x0000000000028fa2                rpl_timers_unschedule_state_update
                0x0000000000028fc6                rpl_timers_schedule_state_update
 .text          0x0000000000028ffe      0xb8e build/cooja/mtype167.a(rpl-ext-header.)
                0x0000000000028ffe                rpl_ext_header_srh_get_next_hop
                0x00000000000290e5                rpl_ext_header_srh_update
                0x0000000000029651                rpl_ext_header_hbh_update
                0x0000000000029951                rpl_ext_header_update
                0x00000000000299da                rpl_ext_header_remove
 .text          0x0000000000029b8c      0x31b build/cooja/mtype167.a(rpl-mrhof.o)
 *fill*         0x0000000000029ea7        0x9 
 .text          0x0000000000029eb0      0x122 /usr/lib/gcc/i686-linux-gnu/5/libgcc.a(_udivdi3.o)
                0x0000000000029eb0                __udivdi3
 .text          0x0000000000029fd2        0x0 /usr/lib/gcc/i686-linux-gnu/5/crtendS.o
 .text          0x0000000000029fd2        0x0 /usr/lib/gcc/i686-linux-gnu/5/../../../i386-linux-gnu/crtn.o
 *(.gnu.warning)

.fini           0x0000000000029fd4       0x14
 *(SORT(.fini))
 .fini          0x0000000000029fd4        0xf /usr/lib/gcc/i686-linux-gnu/5/../../../i386-linux-gnu/crti.o
                0x0000000000029fd4                _fini
 .fini          0x0000000000029fe3        0x5 /usr/lib/gcc/i686-linux-gnu/5/../../../i386-linux-gnu/crtn.o
                [!provide]                        PROVIDE (__etext, .)
                [!provide]                        PROVIDE (_etext, .)
                [!provide]                        PROVIDE (etext, .)

.rodata         0x000000000002a000      0xb0b
 *(.rodata .rodata.* .gnu.linkonce.r.*)
 .rodata        0x000000000002a000       0x99 co2_CoAP-server.o
                0x000000000002a00c                autostart_processes
 *fill*         0x000000000002a099        0x3 
 .rodata        0x000000000002a09c        0x8 build/cooja/mtype167.a(beep.o)
                0x000000000002a09c                beep_interface
 .rodata        0x000000000002a0a4        0xe build/cooja/mtype167.a(leds-arch.o)
                0x000000000002a0a4                leds_interface
                0x000000000002a0ac                leds_arch_leds
 *fill*         0x000000000002a0b2        0x2 
 .rodata        0x000000000002a0b4        0x8 build/cooja/mtype167.a(moteid.o)
                0x000000000002a0b4                moteid_interface
 .rodata        0x000000000002a0bc       0x1c build/cooja/mtype167.a(pir-sensor.o)
                0x000000000002a0bc                pir_interface
                0x000000000002a0c8                pir_sensor
 .rodata        0x000000000002a0d8        0xe build/cooja/mtype167.a(rs232.o)
                0x000000000002a0d8                rs232_interface
 *fill*         0x000000000002a0e6        0x2 
 .rodata        0x000000000002a0e8       0x24 build/cooja/mtype167.a(vib-sensor.o)
                0x000000000002a0e8                vib_interface
                0x000000000002a0fc                vib_sensor
 .rodata        0x000000000002a10c        0x8 build/cooja/mtype167.a(clock.o)
                0x000000000002a10c                clock_interface
 .rodata        0x000000000002a114        0x8 build/cooja/mtype167.a(cooja-log.o)
                0x000000000002a114                simlog_interface
 .rodata        0x000000000002a11c       0x2f build/cooja/mtype167.a(cfs-cooja.o)
                0x000000000002a11c                cfs_interface
 *fill*         0x000000000002a14b       0x15 
 .rodata        0x000000000002a160       0xb8 build/cooja/mtype167.a(cooja-radio.o)
                0x000000000002a160                radio_interface
                0x000000000002a1e0                cooja_radio_driver
 .rodata        0x000000000002a218        0x8 build/cooja/mtype167.a(eeprom.o)
                0x000000000002a218                eeprom_interface
 .rodata        0x000000000002a220        0x8 build/cooja/mtype167.a(sensors.o)
 .rodata        0x000000000002a228       0x2c build/cooja/mtype167.a(buttons.o)
                0x000000000002a228                button_interface
                0x000000000002a23c                button_hal_button_count
                0x000000000002a244                button_sensor
 .rodata        0x000000000002a254       0x9f build/cooja/mtype167.a(res-co2.o)
 .rodata        0x000000000002a2f3       0x41 build/cooja/mtype167.a(coap-engine.o)
 .rodata        0x000000000002a334       0x19 build/cooja/mtype167.a(coap-res-well-k)
 .rodata        0x000000000002a34d       0x11 build/cooja/mtype167.a(coap-observe.o)
 .rodata        0x000000000002a35e       0x35 build/cooja/mtype167.a(coap-uip.o)
 *fill*         0x000000000002a393        0x1 
 .rodata        0x000000000002a394      0x1ac build/cooja/mtype167.a(coap.o)
 .rodata        0x000000000002a540       0xf8 build/cooja/mtype167.a(contiki-main.o)
 .rodata        0x000000000002a638        0xf build/cooja/mtype167.a(ctimer.o)
 *fill*         0x000000000002a647        0x1 
 .rodata        0x000000000002a648       0xc4 build/cooja/mtype167.a(log.o)
 .rodata        0x000000000002a70c        0xc build/cooja/mtype167.a(etimer.o)
 .rodata        0x000000000002a718       0x13 build/cooja/mtype167.a(button-hal.o)
 .rodata        0x000000000002a72b        0xe build/cooja/mtype167.a(serial-line.o)
 *fill*         0x000000000002a739        0x3 
 .rodata        0x000000000002a73c        0x8 build/cooja/mtype167.a(linkaddr.o)
                0x000000000002a73c                linkaddr_null
 .rodata        0x000000000002a744       0x24 build/cooja/mtype167.a(csma.o)
                0x000000000002a74c                csma_driver
 .rodata        0x000000000002a768       0x24 build/cooja/mtype167.a(csma-output.o)
 .rodata        0x000000000002a78c       0xb9 build/cooja/mtype167.a(uip-ds6-route.o)
 .rodata        0x000000000002a845        0xd build/cooja/mtype167.a(tcpip.o)
 *fill*         0x000000000002a852        0x2 
 .rodata        0x000000000002a854       0x30 build/cooja/mtype167.a(sicslowpan.o)
                0x000000000002a854                unc_llconf
                0x000000000002a858                unc_ctxconf
                0x000000000002a85c                unc_mxconf
                0x000000000002a860                llprefix
                0x000000000002a874                sicslowpan_driver
 .rodata        0x000000000002a884       0x2d build/cooja/mtype167.a(uiplib.o)
 *fill*         0x000000000002a8b1        0xf 
 .rodata        0x000000000002a8c0       0x74 build/cooja/mtype167.a(rpl.o)
                0x000000000002a8e0                rpl_lite_driver
 .rodata        0x000000000002a934       0x20 build/cooja/mtype167.a(coap-timer-defa)
                0x000000000002a948                coap_timer_default_driver
 .rodata        0x000000000002a954       0x25 build/cooja/mtype167.a(assert.o)
 *fill*         0x000000000002a979        0x3 
 .rodata        0x000000000002a97c        0xc build/cooja/mtype167.a(framer-802154.o)
                0x000000000002a97c                framer_802154
 .rodata        0x000000000002a988       0x44 build/cooja/mtype167.a(uip-sr.o)
 .rodata        0x000000000002a9cc       0x58 build/cooja/mtype167.a(rpl-neighbor.o)
 .rodata        0x000000000002aa24       0xdb build/cooja/mtype167.a(rpl-dag.o)
 .rodata        0x000000000002aaff        0xc build/cooja/mtype167.a(rpl-timers.o)

.rodata1
 *(.rodata1)

.eh_frame_hdr   0x000000000002ab0c     0x1a04
 *(.eh_frame_hdr)
 .eh_frame_hdr  0x000000000002ab0c     0x1a04 co2_CoAP-server.o
                0x000000000002ab0c                __GNU_EH_FRAME_HDR
 *(.eh_frame_entry .eh_frame_entry.*)

.eh_frame       0x000000000002c510     0x6984
 *(.eh_frame)
 .eh_frame      0x000000000002c510       0x3c /usr/lib/gcc/i686-linux-gnu/5/../../../i386-linux-gnu/crti.o
                                         0x40 (size before relaxing)
 .eh_frame      0x000000000002c54c       0x40 co2_CoAP-server.o
                                         0x58 (size before relaxing)
 .eh_frame      0x000000000002c58c      0x178 build/cooja/mtype167.o
                                        0x190 (size before relaxing)
 .eh_frame      0x000000000002c704       0x40 build/cooja/mtype167.a(simEnvChange.o)
                                         0x58 (size before relaxing)
 .eh_frame      0x000000000002c744       0x60 build/cooja/mtype167.a(cooja_mt.o)
                                         0x78 (size before relaxing)
 .eh_frame      0x000000000002c7a4       0x80 build/cooja/mtype167.a(cooja_mtarch.o)
                                         0x98 (size before relaxing)
 .eh_frame      0x000000000002c824       0xc8 build/cooja/mtype167.a(rtimer-arch.o)
                                         0xe0 (size before relaxing)
 .eh_frame      0x000000000002c8ec      0x160 build/cooja/mtype167.a(beep.o)
                                        0x178 (size before relaxing)
 .eh_frame      0x000000000002ca4c       0x80 build/cooja/mtype167.a(leds-arch.o)
                                         0x98 (size before relaxing)
 .eh_frame      0x000000000002cacc       0x40 build/cooja/mtype167.a(moteid.o)
                                         0x58 (size before relaxing)
 .eh_frame      0x000000000002cb0c       0xa0 build/cooja/mtype167.a(pir-sensor.o)
                                         0xb8 (size before relaxing)
 .eh_frame      0x000000000002cbac      0x100 build/cooja/mtype167.a(rs232.o)
                                        0x118 (size before relaxing)
 .eh_frame      0x000000000002ccac       0xa0 build/cooja/mtype167.a(vib-sensor.o)
                                         0xb8 (size before relaxing)
 .eh_frame      0x000000000002cd4c       0xc0 build/cooja/mtype167.a(clock.o)
                                         0xd8 (size before relaxing)
 .eh_frame      0x000000000002ce0c      0x120 build/cooja/mtype167.a(cooja-log.o)
                                        0x138 (size before relaxing)
 .eh_frame      0x000000000002cf2c      0x160 build/cooja/mtype167.a(cfs-cooja.o)
                                        0x178 (size before relaxing)
 .eh_frame      0x000000000002d08c      0x340 build/cooja/mtype167.a(cooja-radio.o)
                                        0x358 (size before relaxing)
 .eh_frame      0x000000000002d3cc       0xa0 build/cooja/mtype167.a(eeprom.o)
                                         0xb8 (size before relaxing)
 .eh_frame      0x000000000002d46c       0x40 build/cooja/mtype167.a(random.o)
                                         0x58 (size before relaxing)
 .eh_frame      0x000000000002d4ac       0xc0 build/cooja/mtype167.a(sensors.o)
                                         0xd8 (size before relaxing)
 .eh_frame      0x000000000002d56c      0x120 build/cooja/mtype167.a(leds.o)
                                        0x138 (size before relaxing)
 .eh_frame      0x000000000002d68c      0x220 build/cooja/mtype167.a(gpio-hal-arch.o)
                                        0x238 (size before relaxing)
 .eh_frame      0x000000000002d8ac       0xa0 build/cooja/mtype167.a(buttons.o)
                                         0xb8 (size before relaxing)
 .eh_frame      0x000000000002d94c       0x80 build/cooja/mtype167.a(res-co2.o)
                                         0x98 (size before relaxing)
 .eh_frame      0x000000000002d9cc      0x220 build/cooja/mtype167.a(coap-engine.o)
                                        0x238 (size before relaxing)
 .eh_frame      0x000000000002dbec       0x24 build/cooja/mtype167.a(coap-res-well-k)
                                         0x3c (size before relaxing)
 .eh_frame      0x000000000002dc10      0x188 build/cooja/mtype167.a(coap-observe.o)
                                        0x1a0 (size before relaxing)
 .eh_frame      0x000000000002dd98      0x250 build/cooja/mtype167.a(coap-uip.o)
                                        0x268 (size before relaxing)
 .eh_frame      0x000000000002dfe8      0x114 build/cooja/mtype167.a(coap-timer.o)
                                        0x12c (size before relaxing)
 .eh_frame      0x000000000002e0fc      0x100 build/cooja/mtype167.a(coap-transactio)
                                        0x118 (size before relaxing)
 .eh_frame      0x000000000002e1fc      0x6ec build/cooja/mtype167.a(coap.o)
                                        0x704 (size before relaxing)
 .eh_frame      0x000000000002e8e8       0x30 build/cooja/mtype167.a(contiki-main.o)
                                         0x48 (size before relaxing)
 .eh_frame      0x000000000002e918       0x40 build/cooja/mtype167.a(autostart.o)
                                         0x58 (size before relaxing)
 .eh_frame      0x000000000002e958      0x100 build/cooja/mtype167.a(ctimer.o)
                                        0x118 (size before relaxing)
 .eh_frame      0x000000000002ea58      0x100 build/cooja/mtype167.a(log.o)
                                        0x118 (size before relaxing)
 .eh_frame      0x000000000002eb58       0x60 build/cooja/mtype167.a(energest.o)
                                         0x78 (size before relaxing)
 .eh_frame      0x000000000002ebb8      0x1e0 build/cooja/mtype167.a(etimer.o)
                                        0x1f8 (size before relaxing)
 .eh_frame      0x000000000002ed98       0x20 build/cooja/mtype167.a(node-id.o)
                                         0x38 (size before relaxing)
 .eh_frame      0x000000000002edb8       0x60 build/cooja/mtype167.a(rtimer.o)
                                         0x78 (size before relaxing)
 .eh_frame      0x000000000002ee18      0x1c4 build/cooja/mtype167.a(process.o)
                                        0x1dc (size before relaxing)
 .eh_frame      0x000000000002efdc       0xa4 build/cooja/mtype167.a(timer.o)
                                         0xbc (size before relaxing)
 .eh_frame      0x000000000002f080      0x1a0 build/cooja/mtype167.a(list.o)
                                        0x1b8 (size before relaxing)
 .eh_frame      0x000000000002f220       0xa0 build/cooja/mtype167.a(memb.o)
                                         0xb8 (size before relaxing)
 .eh_frame      0x000000000002f2c0      0x144 build/cooja/mtype167.a(button-hal.o)
                                        0x15c (size before relaxing)
 .eh_frame      0x000000000002f404       0x60 build/cooja/mtype167.a(serial-line.o)
                                         0x78 (size before relaxing)
 .eh_frame      0x000000000002f464       0xe0 build/cooja/mtype167.a(gpio-hal.o)
                                         0xf8 (size before relaxing)
 .eh_frame      0x000000000002f544      0x1a0 build/cooja/mtype167.a(queuebuf.o)
                                        0x1b8 (size before relaxing)
 .eh_frame      0x000000000002f6e4      0x28c build/cooja/mtype167.a(packetbuf.o)
                                        0x2a4 (size before relaxing)
 .eh_frame      0x000000000002f970       0x80 build/cooja/mtype167.a(netstack.o)
                                         0x98 (size before relaxing)
 .eh_frame      0x000000000002f9f0       0x60 build/cooja/mtype167.a(linkaddr.o)
                                         0x78 (size before relaxing)
 .eh_frame      0x000000000002fa50       0xe0 build/cooja/mtype167.a(csma.o)
                                         0xf8 (size before relaxing)
 .eh_frame      0x000000000002fb30      0x1d0 build/cooja/mtype167.a(csma-output.o)
                                        0x1e8 (size before relaxing)
 .eh_frame      0x000000000002fd00      0x328 build/cooja/mtype167.a(uip-ds6.o)
                                        0x340 (size before relaxing)
 .eh_frame      0x0000000000030028       0x40 build/cooja/mtype167.a(uip-udp-packet.)
                                         0x58 (size before relaxing)
 .eh_frame      0x0000000000030068      0x2e0 build/cooja/mtype167.a(uip-ds6-route.o)
                                        0x2f8 (size before relaxing)
 .eh_frame      0x0000000000030348      0x244 build/cooja/mtype167.a(tcpip.o)
                                        0x25c (size before relaxing)
 .eh_frame      0x000000000003058c      0x1e8 build/cooja/mtype167.a(uip6.o)
                                        0x200 (size before relaxing)
 .eh_frame      0x0000000000030774      0x1c0 build/cooja/mtype167.a(uip-ds6-nbr.o)
                                        0x1d8 (size before relaxing)
 .eh_frame      0x0000000000030934       0x84 build/cooja/mtype167.a(uip-nd6.o)
                                         0x9c (size before relaxing)
 .eh_frame      0x00000000000309b8      0x2f8 build/cooja/mtype167.a(sicslowpan.o)
                                        0x310 (size before relaxing)
 .eh_frame      0x0000000000030cb0       0x88 build/cooja/mtype167.a(uiplib.o)
                                         0xa0 (size before relaxing)
 .eh_frame      0x0000000000030d38      0x1e0 build/cooja/mtype167.a(rpl.o)
                                        0x1f8 (size before relaxing)
 .eh_frame      0x0000000000030f18      0x1c4 build/cooja/mtype167.a(rpl-icmp6.o)
                                        0x1dc (size before relaxing)
 .eh_frame      0x00000000000310dc       0xa0 build/cooja/mtype167.a(rpl-dag-root.o)
                                         0xb8 (size before relaxing)
 .eh_frame      0x000000000003117c       0xa0 build/cooja/mtype167.a(watchdog.o)
                                         0xb8 (size before relaxing)
 .eh_frame      0x000000000003121c       0x80 build/cooja/mtype167.a(int-master.o)
                                         0x98 (size before relaxing)
 .eh_frame      0x000000000003129c       0xa4 build/cooja/mtype167.a(coap-timer-defa)
                                         0xbc (size before relaxing)
 .eh_frame      0x0000000000031340       0xc4 build/cooja/mtype167.a(stimer.o)
                                         0xdc (size before relaxing)
 .eh_frame      0x0000000000031404       0xa0 build/cooja/mtype167.a(ringbuf.o)
                                         0xb8 (size before relaxing)
 .eh_frame      0x00000000000314a4       0x20 build/cooja/mtype167.a(assert.o)
                                         0x38 (size before relaxing)
 .eh_frame      0x00000000000314c4      0x2ac build/cooja/mtype167.a(nbr-table.o)
                                        0x2c4 (size before relaxing)
 .eh_frame      0x0000000000031770      0x120 build/cooja/mtype167.a(link-stats.o)
                                        0x138 (size before relaxing)
 .eh_frame      0x0000000000031890       0x48 build/cooja/mtype167.a(mac-sequence.o)
                                         0x60 (size before relaxing)
 .eh_frame      0x00000000000318d8       0x20 build/cooja/mtype167.a(mac.o)
                                         0x38 (size before relaxing)
 .eh_frame      0x00000000000318f8       0xa4 build/cooja/mtype167.a(framer-802154.o)
                                         0xbc (size before relaxing)
 .eh_frame      0x000000000003199c      0x1a4 build/cooja/mtype167.a(frame802154.o)
                                        0x1bc (size before relaxing)
 .eh_frame      0x0000000000031b40       0x40 build/cooja/mtype167.a(csma-security.o)
                                         0x58 (size before relaxing)
 .eh_frame      0x0000000000031b80      0x200 build/cooja/mtype167.a(uipbuf.o)
                                        0x218 (size before relaxing)
 .eh_frame      0x0000000000031d80      0x150 build/cooja/mtype167.a(uip-icmp6.o)
                                        0x168 (size before relaxing)
 .eh_frame      0x0000000000031ed0      0x184 build/cooja/mtype167.a(uip-sr.o)
                                        0x19c (size before relaxing)
 .eh_frame      0x0000000000032054       0xe0 build/cooja/mtype167.a(uip-packetqueue)
                                         0xf8 (size before relaxing)
 .eh_frame      0x0000000000032134       0x80 build/cooja/mtype167.a(rpl-nbr-policy.)
                                         0x98 (size before relaxing)
 .eh_frame      0x00000000000321b4      0x2d4 build/cooja/mtype167.a(rpl-neighbor.o)
                                        0x2ec (size before relaxing)
 .eh_frame      0x0000000000032488      0x370 build/cooja/mtype167.a(rpl-dag.o)
                                        0x388 (size before relaxing)
 .eh_frame      0x00000000000327f8      0x3a8 build/cooja/mtype167.a(rpl-timers.o)
                                        0x3c0 (size before relaxing)
 .eh_frame      0x0000000000032ba0      0x124 build/cooja/mtype167.a(rpl-ext-header.)
                                        0x13c (size before relaxing)
 .eh_frame      0x0000000000032cc4      0x148 build/cooja/mtype167.a(rpl-mrhof.o)
                                        0x160 (size before relaxing)
 .eh_frame      0x0000000000032e0c       0x84 /usr/lib/gcc/i686-linux-gnu/5/libgcc.a(_udivdi3.o)
                                         0x9c (size before relaxing)
 .eh_frame      0x0000000000032e90        0x4 /usr/lib/gcc/i686-linux-gnu/5/crtendS.o
 *(.eh_frame.*)

.gcc_except_table
 *(.gcc_except_table .gcc_except_table.*)

.gnu_extab
 *(.gnu_extab*)

.exception_ranges
 *(.exception_ranges .exception_ranges*)
                0x0000000000033f10                . = DATA_SEGMENT_ALIGN (0x1000, 0x1000)

.eh_frame
 *(.eh_frame)
 *(.eh_frame.*)

.gnu_extab
 *(.gnu_extab)

.gcc_except_table
 *(.gcc_except_table .gcc_except_table.*)

.exception_ranges
 *(.exception_ranges .exception_ranges*)

.tdata
 *(.tdata .tdata.* .gnu.linkonce.td.*)

.tbss
 *(.tbss .tbss.* .gnu.linkonce.tb.*)
 *(.tcommon)

.preinit_array
 *(.preinit_array)

.init_array     0x0000000000033f10        0x4
 *(SORT(.init_array.*) SORT(.ctors.*))
 *(.init_array EXCLUDE_FILE(*crtend?.o *crtend.o *crtbegin?.o *crtbegin.o) .ctors)
 .init_array    0x0000000000033f10        0x4 /usr/lib/gcc/i686-linux-gnu/5/crtbeginS.o

.fini_array     0x0000000000033f14        0x4
 *(SORT(.fini_array.*) SORT(.dtors.*))
 *(.fini_array EXCLUDE_FILE(*crtend?.o *crtend.o *crtbegin?.o *crtbegin.o) .dtors)
 .fini_array    0x0000000000033f14        0x4 /usr/lib/gcc/i686-linux-gnu/5/crtbeginS.o

.ctors
 *crtbegin.o(.ctors)
 *crtbegin?.o(.ctors)
 *(EXCLUDE_FILE(*crtend?.o *crtend.o) .ctors)
 *(SORT(.ctors.*))
 *(.ctors)

.dtors
 *crtbegin.o(.dtors)
 *crtbegin?.o(.dtors)
 *(EXCLUDE_FILE(*crtend?.o *crtend.o) .dtors)
 *(SORT(.dtors.*))
 *(.dtors)

.jcr            0x0000000000033f18        0x4
 *(.jcr)
 .jcr           0x0000000000033f18        0x0 /usr/lib/gcc/i686-linux-gnu/5/crtbeginS.o
 .jcr           0x0000000000033f18        0x4 /usr/lib/gcc/i686-linux-gnu/5/crtendS.o

.data.rel.ro
 *(.data.rel.ro.local* .gnu.linkonce.d.rel.ro.local.*)
 *(.data.rel.ro .data.rel.ro.* .gnu.linkonce.d.rel.ro.*)

.dynamic        0x0000000000033f1c       0xd0
 *(.dynamic)
 .dynamic       0x0000000000033f1c       0xd0 /usr/lib/gcc/i686-linux-gnu/5/../../../i386-linux-gnu/crti.o
                0x0000000000033f1c                _DYNAMIC

.got            0x0000000000033fec       0x14
 *(.got)
 .got           0x0000000000033fec       0x14 /usr/lib/gcc/i686-linux-gnu/5/../../../i386-linux-gnu/crti.o
 *(.igot)
                0x0000000000034ff4                . = DATA_SEGMENT_RELRO_END (., (SIZEOF (.got.plt) >= 0xc)?0xc:0x0)

.got.plt        0x0000000000034000        0xc
 *(.got.plt)
 .got.plt       0x0000000000034000        0xc /usr/lib/gcc/i686-linux-gnu/5/../../../i386-linux-gnu/crti.o
                0x0000000000034000                _GLOBAL_OFFSET_TABLE_
 *(.igot.plt)

.data           0x0000000000034020      0x484
 *(.data .data.* .gnu.linkonce.d.*)
 .data          0x0000000000034020        0x0 /usr/lib/gcc/i686-linux-gnu/5/../../../i386-linux-gnu/crti.o
 .data          0x0000000000034020        0x0 /usr/lib/gcc/i686-linux-gnu/5/crtbeginS.o
 .data.rel.local
                0x0000000000034020        0x4 /usr/lib/gcc/i686-linux-gnu/5/crtbeginS.o
                0x0000000000034020                __dso_handle
 .data          0x0000000000034024       0x10 co2_CoAP-server.o
                0x0000000000034024                co2_server
 *fill*         0x0000000000034034        0xc 
 .data          0x0000000000034040       0x44 build/cooja/mtype167.o
                0x0000000000034040                simInterfaces
                0x0000000000034074                sensors
 .data          0x0000000000034084        0x0 build/cooja/mtype167.a(simEnvChange.o)
 .data          0x0000000000034084        0x0 build/cooja/mtype167.a(cooja_mt.o)
 .data          0x0000000000034084        0x0 build/cooja/mtype167.a(cooja_mtarch.o)
 .data          0x0000000000034084        0x0 build/cooja/mtype167.a(rtimer-arch.o)
 .data          0x0000000000034084        0x0 build/cooja/mtype167.a(beep.o)
 .data          0x0000000000034084        0x0 build/cooja/mtype167.a(leds-arch.o)
 .data          0x0000000000034084        0x0 build/cooja/mtype167.a(moteid.o)
 .data          0x0000000000034084        0x0 build/cooja/mtype167.a(pir-sensor.o)
 .data          0x0000000000034084        0x0 build/cooja/mtype167.a(rs232.o)
 .data          0x0000000000034084        0x0 build/cooja/mtype167.a(vib-sensor.o)
 .data          0x0000000000034084        0x0 build/cooja/mtype167.a(clock.o)
 .data          0x0000000000034084        0x0 build/cooja/mtype167.a(cooja-log.o)
 .data          0x0000000000034084        0x0 build/cooja/mtype167.a(cfs-cooja.o)
 .data          0x0000000000034084       0x2c build/cooja/mtype167.a(cooja-radio.o)
                0x0000000000034084                simRadioHWOn
                0x0000000000034088                simSignalStrength
                0x000000000003408c                simLastSignalStrength
                0x0000000000034090                simPower
                0x0000000000034094                simRadioChannel
                0x0000000000034098                simLQI
                0x00000000000340a0                cooja_radio_process
 .data          0x00000000000340b0        0x0 build/cooja/mtype167.a(eeprom.o)
 .data          0x00000000000340b0        0x0 build/cooja/mtype167.a(random.o)
 .data          0x00000000000340b0       0x10 build/cooja/mtype167.a(sensors.o)
                0x00000000000340b0                sensors_process
 .data          0x00000000000340c0        0x0 build/cooja/mtype167.a(leds.o)
 .data          0x00000000000340c0        0x0 build/cooja/mtype167.a(gpio-hal-arch.o)
 .data          0x00000000000340c0       0x78 build/cooja/mtype167.a(buttons.o)
                0x00000000000340c0                simButtonIsActive
                0x0000000000034130                button_hal_buttons
 *fill*         0x0000000000034138        0x8 
 .data          0x0000000000034140       0x2c build/cooja/mtype167.a(res-co2.o)
                0x0000000000034140                res_co2
 .data          0x000000000003416c        0x8 build/cooja/mtype167.a(coap-engine.o)
 *fill*         0x0000000000034174        0xc 
 .data          0x0000000000034180       0x24 build/cooja/mtype167.a(coap-res-well-k)
                0x0000000000034180                res_well_known_core
 .data          0x00000000000341a4       0x10 build/cooja/mtype167.a(coap-observe.o)
 .data          0x00000000000341b4       0x10 build/cooja/mtype167.a(coap-uip.o)
                0x00000000000341b4                coap_engine
 .data          0x00000000000341c4        0x4 build/cooja/mtype167.a(coap-timer.o)
 .data          0x00000000000341c8       0x10 build/cooja/mtype167.a(coap-transactio)
 .data          0x00000000000341d8        0x4 build/cooja/mtype167.a(coap.o)
                0x00000000000341d8                coap_error_message
 .data          0x00000000000341dc        0x0 build/cooja/mtype167.a(contiki-main.o)
 .data          0x00000000000341dc        0x0 build/cooja/mtype167.a(autostart.o)
 .data          0x00000000000341dc       0x14 build/cooja/mtype167.a(ctimer.o)
                0x00000000000341e0                ctimer_process
 *fill*         0x00000000000341f0       0x10 
 .data          0x0000000000034200       0xbc build/cooja/mtype167.a(log.o)
                0x0000000000034200                curr_log_level_main
                0x0000000000034220                all_modules
 .data          0x00000000000342bc        0x0 build/cooja/mtype167.a(energest.o)
 .data          0x00000000000342bc       0x10 build/cooja/mtype167.a(etimer.o)
                0x00000000000342bc                etimer_process
 .data          0x00000000000342cc        0x0 build/cooja/mtype167.a(node-id.o)
 .data          0x00000000000342cc        0x0 build/cooja/mtype167.a(rtimer.o)
 .data          0x00000000000342cc        0x0 build/cooja/mtype167.a(process.o)
 .data          0x00000000000342cc        0x0 build/cooja/mtype167.a(timer.o)
 .data          0x00000000000342cc        0x0 build/cooja/mtype167.a(list.o)
 .data          0x00000000000342cc        0x0 build/cooja/mtype167.a(memb.o)
 .data          0x00000000000342cc       0x10 build/cooja/mtype167.a(button-hal.o)
                0x00000000000342cc                button_hal_process
 .data          0x00000000000342dc       0x10 build/cooja/mtype167.a(serial-line.o)
                0x00000000000342dc                serial_line_process
 .data          0x00000000000342ec        0x4 build/cooja/mtype167.a(gpio-hal.o)
 .data          0x00000000000342f0       0x18 build/cooja/mtype167.a(queuebuf.o)
 .data          0x0000000000034308        0x4 build/cooja/mtype167.a(packetbuf.o)
 .data          0x000000000003430c        0x4 build/cooja/mtype167.a(netstack.o)
 .data          0x0000000000034310        0x0 build/cooja/mtype167.a(linkaddr.o)
 .data          0x0000000000034310        0x0 build/cooja/mtype167.a(csma.o)
 .data          0x0000000000034310       0x28 build/cooja/mtype167.a(csma-output.o)
 .data          0x0000000000034338        0x0 build/cooja/mtype167.a(uip-ds6.o)
 .data          0x0000000000034338        0x0 build/cooja/mtype167.a(uip-udp-packet.)
 .data          0x0000000000034338       0x44 build/cooja/mtype167.a(uip-ds6-route.o)
                0x0000000000034348                nbr_routes
 .data          0x000000000003437c       0x10 build/cooja/mtype167.a(tcpip.o)
                0x000000000003437c                tcpip_process
 .data          0x000000000003438c        0x0 build/cooja/mtype167.a(uip6.o)
 .data          0x000000000003438c       0x14 build/cooja/mtype167.a(uip-ds6-nbr.o)
 .data          0x00000000000343a0        0xc build/cooja/mtype167.a(uip-nd6.o)
 .data          0x00000000000343ac        0x0 build/cooja/mtype167.a(sicslowpan.o)
 .data          0x00000000000343ac        0x0 build/cooja/mtype167.a(uiplib.o)
 .data          0x00000000000343ac        0x0 build/cooja/mtype167.a(rpl.o)
 .data          0x00000000000343ac       0x30 build/cooja/mtype167.a(rpl-icmp6.o)
 .data          0x00000000000343dc        0x0 build/cooja/mtype167.a(rpl-dag-root.o)
 .data          0x00000000000343dc        0x0 build/cooja/mtype167.a(watchdog.o)
 .data          0x00000000000343dc        0x0 build/cooja/mtype167.a(int-master.o)
 .data          0x00000000000343dc       0x10 build/cooja/mtype167.a(coap-timer-defa)
                0x00000000000343dc                coap_timer_process
 .data          0x00000000000343ec        0x0 build/cooja/mtype167.a(stimer.o)
 .data          0x00000000000343ec        0x0 build/cooja/mtype167.a(ringbuf.o)
 .data          0x00000000000343ec        0x0 build/cooja/mtype167.a(assert.o)
 .data          0x00000000000343ec       0x10 build/cooja/mtype167.a(nbr-table.o)
 .data          0x00000000000343fc       0x14 build/cooja/mtype167.a(link-stats.o)
 .data          0x0000000000034410        0x0 build/cooja/mtype167.a(mac-sequence.o)
 .data          0x0000000000034410        0x0 build/cooja/mtype167.a(mac.o)
 .data          0x0000000000034410        0x0 build/cooja/mtype167.a(framer-802154.o)
 .data          0x0000000000034410        0x2 build/cooja/mtype167.a(frame802154.o)
 .data          0x0000000000034412        0x0 build/cooja/mtype167.a(csma-security.o)
 .data          0x0000000000034412        0x0 build/cooja/mtype167.a(uipbuf.o)
 *fill*         0x0000000000034412        0x2 
 .data          0x0000000000034414       0x20 build/cooja/mtype167.a(uip-icmp6.o)
 .data          0x0000000000034434       0x10 build/cooja/mtype167.a(uip-sr.o)
 .data          0x0000000000034444        0xc build/cooja/mtype167.a(uip-packetqueue)
 .data          0x0000000000034450        0x0 build/cooja/mtype167.a(rpl-nbr-policy.)
 .data          0x0000000000034450       0x14 build/cooja/mtype167.a(rpl-neighbor.o)
                0x0000000000034460                rpl_neighbors
 .data          0x0000000000034464        0x0 build/cooja/mtype167.a(rpl-dag.o)
 .data          0x0000000000034464        0x0 build/cooja/mtype167.a(rpl-timers.o)
 .data          0x0000000000034464        0x0 build/cooja/mtype167.a(rpl-ext-header.)
 *fill*         0x0000000000034464       0x1c 
 .data          0x0000000000034480       0x24 build/cooja/mtype167.a(rpl-mrhof.o)
                0x0000000000034480                rpl_mrhof
 .data          0x00000000000344a4        0x0 /usr/lib/gcc/i686-linux-gnu/5/libgcc.a(_udivdi3.o)
 .data          0x00000000000344a4        0x0 /usr/lib/gcc/i686-linux-gnu/5/crtendS.o
 .data          0x00000000000344a4        0x0 /usr/lib/gcc/i686-linux-gnu/5/../../../i386-linux-gnu/crtn.o

.tm_clone_table
                0x00000000000344a4        0x0
 .tm_clone_table
                0x00000000000344a4        0x0 /usr/lib/gcc/i686-linux-gnu/5/crtbeginS.o
 .tm_clone_table
                0x00000000000344a4        0x0 /usr/lib/gcc/i686-linux-gnu/5/crtendS.o

.data1
 *(.data1)
                0x00000000000344a4                _edata = .
                [!provide]                        PROVIDE (edata, .)
                0x00000000000344a4                . = .
                0x00000000000344a4                __bss_start = .

.bss            0x00000000000344c0     0xf144
 *(.dynbss)
 .dynbss        0x00000000000344c0        0x0 /usr/lib/gcc/i686-linux-gnu/5/../../../i386-linux-gnu/crti.o
 *(.bss .bss.* .gnu.linkonce.b.*)
 .bss           0x00000000000344c0        0x0 /usr/lib/gcc/i686-linux-gnu/5/../../../i386-linux-gnu/crti.o
 .bss           0x00000000000344c0        0x1 /usr/lib/gcc/i686-linux-gnu/5/crtbeginS.o
 *fill*         0x00000000000344c1        0x3 
 .bss           0x00000000000344c4       0x20 co2_CoAP-server.o
 *fill*         0x00000000000344e4       0x1c 
 .bss           0x0000000000034500     0x2030 build/cooja/mtype167.o
 .bss           0x0000000000036530        0x1 build/cooja/mtype167.a(simEnvChange.o)
                0x0000000000036530                simDontFallAsleep
 *fill*         0x0000000000036531        0x3 
 .bss           0x0000000000036534        0x4 build/cooja/mtype167.a(cooja_mt.o)
 .bss           0x0000000000036538        0x4 build/cooja/mtype167.a(cooja_mtarch.o)
 .bss           0x000000000003653c        0x0 build/cooja/mtype167.a(rtimer-arch.o)
 .bss           0x000000000003653c        0x0 build/cooja/mtype167.a(beep.o)
 .bss           0x000000000003653c        0x1 build/cooja/mtype167.a(leds-arch.o)
                0x000000000003653c                simLedsValue
 .bss           0x000000000003653d        0x0 build/cooja/mtype167.a(moteid.o)
 .bss           0x000000000003653d        0x1 build/cooja/mtype167.a(pir-sensor.o)
                0x000000000003653d                simPirValue
 *fill*         0x000000000003653e        0x2 
 .bss           0x0000000000036540        0x4 build/cooja/mtype167.a(rs232.o)
 .bss           0x0000000000036544        0x1 build/cooja/mtype167.a(vib-sensor.o)
                0x0000000000036544                simVibValue
 .bss           0x0000000000036545        0x0 build/cooja/mtype167.a(clock.o)
 *fill*         0x0000000000036545       0x1b 
 .bss           0x0000000000036560     0x2020 build/cooja/mtype167.a(cooja-log.o)
 .bss           0x0000000000038580      0xfc0 build/cooja/mtype167.a(cfs-cooja.o)
                0x0000000000038580                simCFSData
                0x0000000000039520                simCFSSize
                0x0000000000039524                simCFSChanged
                0x0000000000039528                simCFSRead
                0x000000000003952c                simCFSWritten
 .bss           0x0000000000039540       0x24 build/cooja/mtype167.a(cooja-radio.o)
                0x0000000000039540                simReceiving
                0x0000000000039544                simInSize
                0x0000000000039548                simLastPacketTimestamp
                0x0000000000039550                simOutSize
 .bss           0x0000000000039564        0xc build/cooja/mtype167.a(eeprom.o)
                0x0000000000039564                simEEPROMChanged
                0x0000000000039568                simEEPROMRead
                0x000000000003956c                simEEPROMWritten
 .bss           0x0000000000039570        0x0 build/cooja/mtype167.a(random.o)
 .bss           0x0000000000039570        0xc build/cooja/mtype167.a(sensors.o)
 .bss           0x000000000003957c        0x0 build/cooja/mtype167.a(leds.o)
 .bss           0x000000000003957c       0x24 build/cooja/mtype167.a(gpio-hal-arch.o)
 .bss           0x00000000000395a0        0x0 build/cooja/mtype167.a(buttons.o)
 .bss           0x00000000000395a0        0x1 build/cooja/mtype167.a(res-co2.o)
                0x00000000000395a0                ventilation_on
 *fill*         0x00000000000395a1       0x1f 
 .bss           0x00000000000395c0      0x190 build/cooja/mtype167.a(coap-engine.o)
 .bss           0x0000000000039750        0x0 build/cooja/mtype167.a(coap-res-well-k)
 *fill*         0x0000000000039750       0x10 
 .bss           0x0000000000039760      0x120 build/cooja/mtype167.a(coap-observe.o)
 .bss           0x0000000000039880       0x18 build/cooja/mtype167.a(coap-uip.o)
 .bss           0x0000000000039898        0x5 build/cooja/mtype167.a(coap-timer.o)
 *fill*         0x000000000003989d        0x3 
 .bss           0x00000000000398a0      0x334 build/cooja/mtype167.a(coap-transactio)
 .bss           0x0000000000039bd4        0x6 build/cooja/mtype167.a(coap.o)
                0x0000000000039bd4                coap_status_code
 .bss           0x0000000000039bda        0x0 build/cooja/mtype167.a(contiki-main.o)
 .bss           0x0000000000039bda        0x0 build/cooja/mtype167.a(autostart.o)
 *fill*         0x0000000000039bda        0x2 
 .bss           0x0000000000039bdc        0x5 build/cooja/mtype167.a(ctimer.o)
 *fill*         0x0000000000039be1        0x3 
 .bss           0x0000000000039be4       0x2c build/cooja/mtype167.a(log.o)
                0x0000000000039be4                curr_log_level_rpl
                0x0000000000039be8                curr_log_level_tcpip
                0x0000000000039bec                curr_log_level_ipv6
                0x0000000000039bf0                curr_log_level_6lowpan
                0x0000000000039bf4                curr_log_level_nullnet
                0x0000000000039bf8                curr_log_level_mac
                0x0000000000039bfc                curr_log_level_framer
                0x0000000000039c00                curr_log_level_6top
                0x0000000000039c04                curr_log_level_coap
                0x0000000000039c08                curr_log_level_snmp
                0x0000000000039c0c                curr_log_level_lwm2m
 .bss           0x0000000000039c10        0x0 build/cooja/mtype167.a(energest.o)
 .bss           0x0000000000039c10        0x8 build/cooja/mtype167.a(etimer.o)
 .bss           0x0000000000039c18        0x2 build/cooja/mtype167.a(node-id.o)
                0x0000000000039c18                node_id
 *fill*         0x0000000000039c1a        0x2 
 .bss           0x0000000000039c1c        0x4 build/cooja/mtype167.a(rtimer.o)
 .bss           0x0000000000039c20      0x1a1 build/cooja/mtype167.a(process.o)
                0x0000000000039c20                process_list
                0x0000000000039c24                process_current
 .bss           0x0000000000039dc1        0x0 build/cooja/mtype167.a(timer.o)
 .bss           0x0000000000039dc1        0x0 build/cooja/mtype167.a(list.o)
 .bss           0x0000000000039dc1        0x0 build/cooja/mtype167.a(memb.o)
 *fill*         0x0000000000039dc1        0x3 
 .bss           0x0000000000039dc4       0x10 build/cooja/mtype167.a(button-hal.o)
 *fill*         0x0000000000039dd4        0xc 
 .bss           0x0000000000039de0      0x140 build/cooja/mtype167.a(serial-line.o)
 .bss           0x0000000000039f20        0x4 build/cooja/mtype167.a(gpio-hal.o)
 *fill*         0x0000000000039f24       0x1c 
 .bss           0x0000000000039f40     0x2c80 build/cooja/mtype167.a(queuebuf.o)
 .bss           0x000000000003cbc0       0xa0 build/cooja/mtype167.a(packetbuf.o)
 .bss           0x000000000003cc60        0x4 build/cooja/mtype167.a(netstack.o)
 .bss           0x000000000003cc64        0x0 build/cooja/mtype167.a(linkaddr.o)
 .bss           0x000000000003cc64        0x0 build/cooja/mtype167.a(csma.o)
 *fill*         0x000000000003cc64       0x1c 
 .bss           0x000000000003cc80      0x726 build/cooja/mtype167.a(csma-output.o)
 *fill*         0x000000000003d3a6        0x2 
 .bss           0x000000000003d3a8       0x30 build/cooja/mtype167.a(uip-ds6.o)
 .bss           0x000000000003d3d8        0x0 build/cooja/mtype167.a(uip-udp-packet.)
 *fill*         0x000000000003d3d8        0x8 
 .bss           0x000000000003d3e0      0x2a4 build/cooja/mtype167.a(uip-ds6-route.o)
 .bss           0x000000000003d684       0x10 build/cooja/mtype167.a(tcpip.o)
 .bss           0x000000000003d694        0x8 build/cooja/mtype167.a(uip6.o)
                0x000000000003d694                uip_ext_bitmap
                0x000000000003d696                uip_ext_len
                0x000000000003d698                uip_last_proto
 *fill*         0x000000000003d69c        0x4 
 .bss           0x000000000003d6a0       0xf0 build/cooja/mtype167.a(uip-ds6-nbr.o)
 .bss           0x000000000003d790       0x10 build/cooja/mtype167.a(uip-nd6.o)
 .bss           0x000000000003d7a0      0x724 build/cooja/mtype167.a(sicslowpan.o)
 .bss           0x000000000003dec4        0x0 build/cooja/mtype167.a(uiplib.o)
 .bss           0x000000000003dec4        0x1 build/cooja/mtype167.a(rpl.o)
 .bss           0x000000000003dec5        0x0 build/cooja/mtype167.a(rpl-icmp6.o)
 *fill*         0x000000000003dec5        0x3 
 .bss           0x000000000003dec8       0x11 build/cooja/mtype167.a(rpl-dag-root.o)
 .bss           0x000000000003ded9        0x0 build/cooja/mtype167.a(watchdog.o)
 *fill*         0x000000000003ded9        0x3 
 .bss           0x000000000003dedc        0x4 build/cooja/mtype167.a(int-master.o)
 .bss           0x000000000003dee0       0x1c build/cooja/mtype167.a(coap-timer-defa)
 .bss           0x000000000003defc        0x0 build/cooja/mtype167.a(stimer.o)
 .bss           0x000000000003defc        0x0 build/cooja/mtype167.a(ringbuf.o)
 .bss           0x000000000003defc        0x0 build/cooja/mtype167.a(assert.o)