Archive member included to satisfy reference by file (symbol)

build/cooja/mtype354.a(simEnvChange.o)
                              build/cooja/mtype354.o (simDontFallAsleep)
build/cooja/mtype354.a(cooja_mt.o)
                              build/cooja/mtype354.o (cooja_mt_start)
build/cooja/mtype354.a(cooja_mtarch.o)
                              build/cooja/mtype354.a(cooja_mt.o) (cooja_mtarch_start)
build/cooja/mtype354.a(rtimer-arch.o)
                              build/cooja/mtype354.o (rtimer_arch_check)
build/cooja/mtype354.a(beep.o)
                              build/cooja/mtype354.o (beep_interface)
build/cooja/mtype354.a(leds-arch.o)
                              build/cooja/mtype354.o (leds_interface)
build/cooja/mtype354.a(moteid.o)
                              build/cooja/mtype354.o (moteid_interface)
build/cooja/mtype354.a(pir-sensor.o)
                              build/cooja/mtype354.o (pir_interface)
build/cooja/mtype354.a(rs232.o)
                              build/cooja/mtype354.o (rs232_interface)
build/cooja/mtype354.a(vib-sensor.o)
                              build/cooja/mtype354.o (vib_interface)
build/cooja/mtype354.a(clock.o)
                              build/cooja/mtype354.o (clock_interface)
build/cooja/mtype354.a(cooja-log.o)
                              build/cooja/mtype354.o (simlog_interface)
build/cooja/mtype354.a(cfs-cooja.o)
                              build/cooja/mtype354.o (cfs_interface)
build/cooja/mtype354.a(cooja-radio.o)
                              build/cooja/mtype354.o (radio_interface)
build/cooja/mtype354.a(eeprom.o)
                              build/cooja/mtype354.o (eeprom_interface)
build/cooja/mtype354.a(random.o)
                              build/cooja/mtype354.a(moteid.o) (random_init)
build/cooja/mtype354.a(sensors.o)
                              build/cooja/mtype354.a(pir-sensor.o) (sensors_changed)
build/cooja/mtype354.a(leds.o)
                              build/cooja/mtype354.a(leds-arch.o) (leds_get)
build/cooja/mtype354.a(gpio-hal-arch.o)
                              build/cooja/mtype354.a(leds-arch.o) (gpio_hal_arch_register_pin_callback)
build/cooja/mtype354.a(buttons.o)
                              build/cooja/mtype354.o (button_interface)
build/cooja/mtype354.a(res-co2.o)
                              co2_CoAP-server.o (res_co2)
build/cooja/mtype354.a(coap-engine.o)
                              co2_CoAP-server.o (coap_activate_resource)
build/cooja/mtype354.a(coap-res-well-k)
                              build/cooja/mtype354.a(coap-engine.o) (res_well_known_core)
build/cooja/mtype354.a(coap-observe.o)
                              build/cooja/mtype354.a(coap-engine.o) (coap_remove_observer_by_mid)
build/cooja/mtype354.a(coap-uip.o)
                              build/cooja/mtype354.a(coap-observe.o) (coap_endpoint_copy)
build/cooja/mtype354.a(coap-timer.o)
                              build/cooja/mtype354.a(coap-engine.o) (coap_timer_set)
build/cooja/mtype354.a(coap-transactio)
                              build/cooja/mtype354.a(coap-engine.o) (coap_send_transaction)
build/cooja/mtype354.a(coap.o)
                              build/cooja/mtype354.a(coap-engine.o) (coap_status_code)
build/cooja/mtype354.a(contiki-main.o)
                              build/cooja/mtype354.o (main)
build/cooja/mtype354.a(autostart.o)
                              build/cooja/mtype354.a(contiki-main.o) (autostart_start)
build/cooja/mtype354.a(ctimer.o)
                              build/cooja/mtype354.a(contiki-main.o) (ctimer_init)
build/cooja/mtype354.a(log.o)
                              build/cooja/mtype354.a(contiki-main.o) (curr_log_level_main)
build/cooja/mtype354.a(energest.o)
                              build/cooja/mtype354.a(contiki-main.o) (energest_init)
build/cooja/mtype354.a(etimer.o)
                              build/cooja/mtype354.a(contiki-main.o) (etimer_process)
build/cooja/mtype354.a(node-id.o)
                              build/cooja/mtype354.a(contiki-main.o) (node_id)
build/cooja/mtype354.a(rtimer.o)
                              build/cooja/mtype354.a(contiki-main.o) (rtimer_init)
build/cooja/mtype354.a(process.o)
                              co2_CoAP-server.o (process_current)
build/cooja/mtype354.a(timer.o)
                              build/cooja/mtype354.a(etimer.o) (timer_set)
build/cooja/mtype354.a(list.o)
                              build/cooja/mtype354.a(coap-engine.o) (list_init)
build/cooja/mtype354.a(memb.o)
                              build/cooja/mtype354.a(coap-observe.o) (memb_alloc)
build/cooja/mtype354.a(button-hal.o)
                              build/cooja/mtype354.o (button_hal_init)
build/cooja/mtype354.a(serial-line.o)
                              build/cooja/mtype354.a(rs232.o) (serial_line_input_byte)
build/cooja/mtype354.a(gpio-hal.o)
                              build/cooja/mtype354.a(button-hal.o) (gpio_hal_register_handler)
build/cooja/mtype354.a(queuebuf.o)
[...]
Memory Configuration

Name             Origin             Length             Attributes
*default*        0x0000000000000000 0xffffffffffffffff

Linker script and memory map

LOAD /usr/lib/gcc/i686-linux-gnu/5/../../../i386-linux-gnu/crti.o
LOAD /usr/lib/gcc/i686-linux-gnu/5/crtbeginS.o
LOAD co2_CoAP-server.o
LOAD build/cooja/mtype354.o
LOAD build/cooja/mtype354.a
LOAD /usr/lib/gcc/i686-linux-gnu/5/libgcc.a
LOAD /usr/lib/gcc/i686-linux-gnu/5/libgcc_s.so
LOAD /usr/lib/gcc/i686-linux-gnu/5/../../../i386-linux-gnu/libc.so
START GROUP
LOAD /lib/i386-linux-gnu/libc.so.6
LOAD /usr/lib/i386-linux-gnu/libc_nonshared.a
LOAD /lib/i386-linux-gnu/ld-linux.so.2
END GROUP
LOAD /usr/lib/gcc/i686-linux-gnu/5/libgcc.a
LOAD /usr/lib/gcc/i686-linux-gnu/5/libgcc_s.so
LOAD /usr/lib/gcc/i686-linux-gnu/5/crtendS.o
LOAD /usr/lib/gcc/i686-linux-gnu/5/../../../i386-linux-gnu/crtn.o
                0x0000000000000114                . = (0x0 + SIZEOF_HEADERS)

.note.gnu.build-id
                0x0000000000000114       0x24
 *(.note.gnu.build-id)
 .note.gnu.build-id
                0x0000000000000114       0x24 /usr/lib/gcc/i686-linux-gnu/5/../../../i386-linux-gnu/crti.o

.hash
 *(.hash)

.gnu.hash       0x0000000000000138     0x1590
 *(.gnu.hash)
 .gnu.hash      0x0000000000000138     0x1590 /usr/lib/gcc/i686-linux-gnu/5/../../../i386-linux-gnu/crti.o

.dynsym         0x00000000000016c8     0x2ed0
 *(.dynsym)
 .dynsym        0x00000000000016c8     0x2ed0 /usr/lib/gcc/i686-linux-gnu/5/../../../i386-linux-gnu/crti.o

.dynstr         0x0000000000004598     0x367a
 *(.dynstr)
 .dynstr        0x0000000000004598     0x367a /usr/lib/gcc/i686-linux-gnu/5/../../../i386-linux-gnu/crti.o

.gnu.version    0x0000000000007c12      0x5da
 *(.gnu.version)
 .gnu.version   0x0000000000007c12      0x5da /usr/lib/gcc/i686-linux-gnu/5/../../../i386-linux-gnu/crti.o

.gnu.version_d  0x00000000000081ec        0x0
 *(.gnu.version_d)
 .gnu.version_d
                0x00000000000081ec        0x0 /usr/lib/gcc/i686-linux-gnu/5/../../../i386-linux-gnu/crti.o

.gnu.version_r  0x00000000000081ec       0x40
 *(.gnu.version_r)
 .gnu.version_r
                0x00000000000081ec       0x40 /usr/lib/gcc/i686-linux-gnu/5/../../../i386-linux-gnu/crti.o

.rel.dyn        0x000000000000822c     0x9358
 *(.rel.init)
 .rel.init      0x000000000000822c        0x0 /usr/lib/gcc/i686-linux-gnu/5/../../../i386-linux-gnu/crti.o
 *(.rel.text .rel.text.* .rel.gnu.linkonce.t.*)
 .rel.text      0x000000000000822c     0x8960 /usr/lib/gcc/i686-linux-gnu/5/../../../i386-linux-gnu/crti.o
 *(.rel.fini)
 .rel.fini      0x0000000000010b8c        0x0 /usr/lib/gcc/i686-linux-gnu/5/../../../i386-linux-gnu/crti.o
 *(.rel.rodata .rel.rodata.* .rel.gnu.linkonce.r.*)
 .rel.rodata    0x0000000000010b8c      0x588 /usr/lib/gcc/i686-linux-gnu/5/../../../i386-linux-gnu/crti.o
 *(.rel.data.rel.ro .rel.data.rel.ro.* .rel.gnu.linkonce.d.rel.ro.*)
 *(.rel.data .rel.data.* .rel.gnu.linkonce.d.*)
 .rel.data.rel.local
                0x0000000000011114        0x8 /usr/lib/gcc/i686-linux-gnu/5/../../../i386-linux-gnu/crti.o
 .rel.data      0x000000000001111c      0x430 /usr/lib/gcc/i686-linux-gnu/5/../../../i386-linux-gnu/crti.o
 *(.rel.tdata .rel.tdata.* .rel.gnu.linkonce.td.*)
 *(.rel.tbss .rel.tbss.* .rel.gnu.linkonce.tb.*)
 *(.rel.ctors)
 *(.rel.dtors)
 *(.rel.got)
 .rel.got       0x000000000001154c       0x28 /usr/lib/gcc/i686-linux-gnu/5/../../../i386-linux-gnu/crti.o
 *(.rel.bss .rel.bss.* .rel.gnu.linkonce.b.*)
 *(.rel.ifunc)
 .rel.ifunc     0x0000000000011574        0x0 /usr/lib/gcc/i686-linux-gnu/5/../../../i386-linux-gnu/crti.o
 .rel.fini_array
                0x0000000000011574        0x8 /usr/lib/gcc/i686-linux-gnu/5/../../../i386-linux-gnu/crti.o
 .rel.init_array
                0x000000000001157c        0x8 /usr/lib/gcc/i686-linux-gnu/5/../../../i386-linux-gnu/crti.o

.rel.plt        0x0000000000011584        0x0
 *(.rel.plt)
 .rel.plt       0x0000000000011584        0x0 /usr/lib/gcc/i686-linux-gnu/5/../../../i386-linux-gnu/crti.o
 *(.rel.iplt)

.init           0x0000000000011584       0x23
 *(SORT(.init))
 .init          0x0000000000011584       0x1e /usr/lib/gcc/i686-linux-gnu/5/../../../i386-linux-gnu/crti.o
                0x0000000000011584                _init
 .init          0x00000000000115a2        0x5 /usr/lib/gcc/i686-linux-gnu/5/../../../i386-linux-gnu/crtn.o

.plt            0x00000000000115b0       0x10
 *(.plt)
 .plt           0x00000000000115b0       0x10 /usr/lib/gcc/i686-linux-gnu/5/../../../i386-linux-gnu/crti.o
 *(.iplt)

.plt.got        0x00000000000115c0       0x10
 *(.plt.got)
 .plt.got       0x00000000000115c0       0x10 /usr/lib/gcc/i686-linux-gnu/5/../../../i386-linux-gnu/crti.o

.text           0x00000000000115d0    0x18a12
 *(.text.unlikely .text.*_unlikely .text.unlikely.*)
 .text.unlikely
                0x00000000000115d0        0x0 /usr/lib/gcc/i686-linux-gnu/5/crtbeginS.o
 .text.unlikely
                0x00000000000115d0        0x0 /usr/lib/gcc/i686-linux-gnu/5/libgcc.a(_udivdi3.o)
 *(.text.exit .text.exit.*)
 *(.text.startup .text.startup.*)
 *(.text.hot .text.hot.*)
 *(.text .stub .text.* .gnu.linkonce.t.*)
 .text          0x00000000000115d0        0x0 /usr/lib/gcc/i686-linux-gnu/5/../../../i386-linux-gnu/crti.o
 .gnu.linkonce.t.__x86.get_pc_thunk.bx
                0x00000000000115d0        0x4 /usr/lib/gcc/i686-linux-gnu/5/../../../i386-linux-gnu/crti.o
                0x00000000000115d0                __x86.get_pc_thunk.bx
 *fill*         0x00000000000115d4        0xc 
 .text          0x00000000000115e0      0x11c /usr/lib/gcc/i686-linux-gnu/5/crtbeginS.o
 .text.__x86.get_pc_thunk.dx
                0x00000000000116fc        0x4 /usr/lib/gcc/i686-linux-gnu/5/crtbeginS.o
                0x00000000000116fc                __x86.get_pc_thunk.dx
 .text          0x0000000000011700      0x224 co2_CoAP-server.o
 .text          0x0000000000011924      0x283 build/cooja/mtype354.o
                0x00000000000119b6                platform_init_stage_one
                0x00000000000119c9                platform_init_stage_two
                0x00000000000119dc                platform_init_stage_three
                0x00000000000119ef                platform_main_loop
                0x0000000000011a62                Java_org_contikios_cooja_corecomm_Lib4_init
                0x0000000000011a99                Java_org_contikios_cooja_corecomm_Lib4_getMemory
                0x0000000000011acc                Java_org_contikios_cooja_corecomm_Lib4_setMemory
                0x0000000000011b2c                Java_org_contikios_cooja_corecomm_Lib4_tick
                0x0000000000011b94                Java_org_contikios_cooja_corecomm_Lib4_setReferenceAddress
 .text          0x0000000000011ba7       0x65 build/cooja/mtype354.a(simEnvChange.o)
                0x0000000000011ba7                doActionsBeforeTick
                0x0000000000011bd9                doActionsAfterTick
 .text          0x0000000000011c0c       0x83 build/cooja/mtype354.a(cooja_mt.o)
                0x0000000000011c0c                cooja_mt_start
                0x0000000000011c36                cooja_mt_exec
                0x0000000000011c6c                cooja_mt_yield
 .text          0x0000000000011c8f       0xbe build/cooja/mtype354.a(cooja_mtarch.o)
                0x0000000000011c8f                cooja_mtarch_start
                0x0000000000011d02                cooja_sw
                0x0000000000011d25                cooja_mtarch_exec
                0x0000000000011d42                cooja_mtarch_yield
 .text          0x0000000000011d4d       0xc5 build/cooja/mtype354.a(rtimer-arch.o)
                0x0000000000011d4d                rtimer_arch_init
                0x0000000000011d71                rtimer_arch_schedule
                0x0000000000011da1                rtimer_arch_next
                0x0000000000011db1                rtimer_arch_pending
                0x0000000000011dbb                rtimer_arch_check
                0x0000000000011e02                rtimer_arch_now
 .text          0x0000000000011e12       0x81 build/cooja/mtype354.a(beep.o)
                0x0000000000011e12                beep_alarm
                0x0000000000011e1f                beep_beep
                0x0000000000011e2c                beep
                0x0000000000011e39                beep_down
                0x0000000000011e46                beep_on
                0x0000000000011e53                beep_off
                0x0000000000011e60                beep_spinup
                0x0000000000011e6d                beep_quick
                0x0000000000011e7a                beep_long
 .text          0x0000000000011e93       0x65 build/cooja/mtype354.a(leds-arch.o)
                0x0000000000011ea6                leds_arch_init
 .text          0x0000000000011ef8       0x35 build/cooja/mtype354.a(moteid.o)
 .text          0x0000000000011f2d       0xb7 build/cooja/mtype354.a(pir-sensor.o)
 .text          0x0000000000011fe4      0x148 build/cooja/mtype354.a(rs232.o)
                0x0000000000011fe4                rs232_init
                0x0000000000011fea                rs232_set_speed
                0x0000000000011ff9                rs232_set_input
                0x0000000000012007                rs232_send
                0x000000000001202b                rs232_print
                0x0000000000012047                slip_arch_writeb
 .text          0x000000000001212c       0xb7 build/cooja/mtype354.a(vib-sensor.o)
 .text          0x00000000000121e3       0x38 build/cooja/mtype354.a(clock.o)
                0x00000000000121e3                clock_init
                0x00000000000121e9                clock_time
                0x00000000000121f3                clock_seconds
                0x0000000000012209                clock_delay
 .text          0x000000000001221b      0x219 build/cooja/mtype354.a(cooja-log.o)
                0x000000000001221b                simlog_char
                0x000000000001225e                simlog
                0x00000000000122d4                log_message
                0x0000000000012305                log_set_putchar_with_slip
                0x0000000000012313                log_putchar
                0x000000000001238e                log_puts
                0x00000000000123b6                log_printf
 .text          0x0000000000012434      0x2b9 build/cooja/mtype354.a(cfs-cooja.o)
                0x0000000000012434                cfs_open
                0x000000000001249d                cfs_close
                0x00000000000124aa                cfs_read
                0x000000000001253f                cfs_write
                0x000000000001261b                cfs_seek
                0x00000000000126a3                cfs_remove
                0x00000000000126c7                cfs_opendir
                0x00000000000126d1                cfs_readdir
                0x00000000000126db                cfs_closedir
 .text          0x00000000000126ed      0x620 build/cooja/mtype354.a(cooja-radio.o)
                0x000000000001272f                radio_set_channel
                0x000000000001273d                radio_set_txpower
                0x0000000000012755                radio_signal_strength_last
                0x000000000001275f                radio_signal_strength_current
                0x0000000000012769                radio_LQI
 .text          0x0000000000012d0d       0xee build/cooja/mtype354.a(eeprom.o)
                0x0000000000012d0d                eeprom_init
                0x0000000000012d13                eeprom_read
                0x0000000000012d81                eeprom_write
 .text          0x0000000000012dfb       0x2d build/cooja/mtype354.a(random.o)
                0x0000000000012dfb                random_init
                0x0000000000012e1b                random_rand
 .text          0x0000000000012e28      0x29c build/cooja/mtype354.a(sensors.o)
                0x0000000000012e63                sensors_first
                0x0000000000012e6d                sensors_next
                0x0000000000012e87                sensors_changed
                0x0000000000012ebb                sensors_find
 .text          0x00000000000130c4      0x349 build/cooja/mtype354.a(leds.o)
                0x00000000000130c4                leds_init
                0x000000000001310b                leds_single_on
                0x000000000001316a                leds_single_off
                0x00000000000131c9                leds_single_toggle
                0x00000000000131fb                leds_on
                0x000000000001327d                leds_off
                0x00000000000132ff                leds_toggle
                0x0000000000013354                leds_set
                0x0000000000013380                leds_get
 .text          0x000000000001340d      0x343 build/cooja/mtype354.a(gpio-hal-arch.o)
                0x000000000001340d                gpio_hal_arch_register_pin_callback
                0x0000000000013479                gpio_hal_arch_init
                0x00000000000134be                gpio_hal_arch_no_port_interrupt_enable
                0x00000000000134ee                gpio_hal_arch_no_port_interrupt_disable
                0x000000000001351e                gpio_hal_arch_no_port_pin_cfg_set
                0x0000000000013543                gpio_hal_arch_no_port_pin_cfg_get
                0x0000000000013569                gpio_hal_arch_no_port_pin_set_input
                0x000000000001357b                gpio_hal_arch_no_port_pin_set_output
                0x000000000001358d                gpio_hal_arch_no_port_set_pin
                0x00000000000135ae                gpio_hal_arch_no_port_clear_pin
                0x00000000000135cf                gpio_hal_arch_no_port_read_pin
                0x00000000000135f5                gpio_hal_arch_no_port_write_pin
                0x000000000001361f                gpio_hal_arch_no_port_set_pins
                0x0000000000013666                gpio_hal_arch_no_port_clear_pins
                0x00000000000136ad                gpio_hal_arch_no_port_read_pins
                0x00000000000136f0                gpio_hal_arch_no_port_write_pins
 .text          0x0000000000013750       0x89 build/cooja/mtype354.a(buttons.o)
 .text          0x00000000000137d9      0x2cb build/cooja/mtype354.a(res-co2.o)
 .text          0x0000000000013aa4      0xbea build/cooja/mtype354.a(coap-engine.o)
                0x0000000000013b39                coap_add_handler
                0x0000000000013b56                coap_remove_handler
                0x0000000000013b73                coap_call_handlers
                0x0000000000013c7b                coap_receive
                0x0000000000014276                coap_engine_init
                0x00000000000142d4                coap_activate_resource
                0x000000000001437f                coap_get_first_resource
                0x0000000000014398                coap_get_next_resource
 .text          0x000000000001468e      0x2d9 build/cooja/mtype354.a(coap-res-well-k)
 .text          0x0000000000014967      0x96a build/cooja/mtype354.a(coap-observe.o)
                0x0000000000014a7c                coap_remove_observer
                0x0000000000014aac                coap_remove_observer_by_client
                0x0000000000014b14                coap_remove_observer_by_token
                0x0000000000014ba7                coap_remove_observer_by_uri
                0x0000000000014c4e                coap_remove_observer_by_mid
                0x0000000000014cca                coap_notify_observers
                0x0000000000014ce3                coap_notify_observers_sub
                0x000000000001514d                coap_observe_handler
                0x0000000000015268                coap_has_observers
 .text          0x00000000000152d1      0x733 build/cooja/mtype354.a(coap-uip.o)
                0x00000000000152d1                coap_endpoint_log
                0x0000000000015357                coap_endpoint_print
                0x00000000000153dd                coap_endpoint_snprint
                0x0000000000015510                coap_endpoint_copy
                0x000000000001554d                coap_endpoint_cmp
                0x000000000001565b                coap_endpoint_parse
                0x0000000000015846                coap_endpoint_is_secure
                0x0000000000015855                coap_endpoint_is_connected
                0x0000000000015889                coap_endpoint_connect
                0x00000000000158a5                coap_endpoint_disconnect
                0x00000000000158ab                coap_databuf
                0x00000000000158b5                coap_transport_init
                0x0000000000015905                coap_sendto
 .text          0x0000000000015a04      0x324 build/cooja/mtype354.a(coap-timer.o)
                0x0000000000015b01                coap_timer_stop
                0x0000000000015b2c                coap_timer_set
                0x0000000000015b6f                coap_timer_reset
                0x0000000000015bb2                coap_timer_time_to_next_expiration
                0x0000000000015c1e                coap_timer_run
                0x0000000000015cea                coap_timer_init
 .text          0x0000000000015d28      0x2c6 build/cooja/mtype354.a(coap-transactio)
                0x0000000000015d8e                coap_new_transaction
                0x0000000000015df4                coap_send_transaction
                0x0000000000015f55                coap_clear_transaction
                0x0000000000015f9d                coap_get_transaction_by_mid
 .text          0x0000000000015fee     0x1c53 build/cooja/mtype354.a(coap.o)
                0x000000000001655b                coap_init_connection
                0x000000000001656f                coap_get_mid
                0x000000000001658b                coap_init_message
                0x00000000000165d4                coap_serialize_message
                0x0000000000016c56                coap_parse_message
                0x00000000000172bd                coap_get_query_variable
                0x00000000000172ff                coap_get_post_variable
                0x0000000000017343                coap_set_status_code
                0x0000000000017368                coap_set_token
                0x00000000000173af                coap_get_header_content_format
                0x00000000000173e0                coap_set_header_content_format
                0x0000000000017403                coap_get_header_accept
                0x0000000000017434                coap_set_header_accept
                0x0000000000017457                coap_get_header_max_age
                0x0000000000017488                coap_set_header_max_age
                0x00000000000174a8                coap_get_header_etag
                0x00000000000174da                coap_set_header_etag
                0x0000000000017531                coap_get_header_if_match
                0x0000000000017563                coap_set_header_if_match
                0x00000000000175ba                coap_get_header_if_none_match
                0x00000000000175d4                coap_set_header_if_none_match
                0x00000000000175eb                coap_get_header_proxy_uri
                0x0000000000017619                coap_set_header_proxy_uri
                0x0000000000017656                coap_get_header_uri_host
                0x0000000000017684                coap_set_header_uri_host
                0x00000000000176c1                coap_get_header_uri_path
                0x00000000000176ef                coap_set_header_uri_path
                0x000000000001773c                coap_get_header_uri_query
                0x0000000000017770                coap_set_header_uri_query
                0x00000000000177c6                coap_get_header_location_path
                0x00000000000177f4                coap_set_header_location_path
                0x000000000001788d                coap_get_header_location_query
                0x00000000000178bb                coap_set_header_location_query
                0x0000000000017908                coap_get_header_observe
                0x0000000000017937                coap_set_header_observe
                0x0000000000017957                coap_get_header_block2
                0x00000000000179c3                coap_set_header_block2
                0x0000000000017a3a                coap_get_header_block1
                0x0000000000017aaf                coap_set_header_block1
                0x0000000000017b2a                coap_get_header_size2
                0x0000000000017b5a                coap_set_header_size2
                0x0000000000017b7d                coap_get_header_size1
                0x0000000000017bad                coap_set_header_size1
                0x0000000000017bd0                coap_get_payload
                0x0000000000017c0a                coap_set_payload
 .text          0x0000000000017c41      0x332 build/cooja/mtype354.a(contiki-main.o)
                0x0000000000017c41                main
 .text          0x0000000000017f73       0x92 build/cooja/mtype354.a(autostart.o)
                0x0000000000017f73                autostart_start
                0x0000000000017fbd                autostart_exit
 .text          0x0000000000018005      0x355 build/cooja/mtype354.a(ctimer.o)
                0x000000000001812d                ctimer_init
                0x0000000000018160                ctimer_set
                0x0000000000018186                ctimer_set_with_process
                0x0000000000018203                ctimer_reset
                0x0000000000018257                ctimer_restart
                0x00000000000182ab                ctimer_stop
                0x00000000000182fb                ctimer_expired
 .text          0x000000000001835a      0x394 build/cooja/mtype354.a(log.o)
                0x000000000001835a                log_6addr
                0x00000000000183ad                log_6addr_compact_snprint
                0x000000000001844b                log_6addr_compact
                0x000000000001849e                log_lladdr
                0x0000000000018510                log_lladdr_compact
                0x0000000000018578                log_set_level
                0x0000000000018633                log_get_level
                0x00000000000186ac                log_level_to_str
 .text          0x00000000000186ee       0x1b build/cooja/mtype354.a(energest.o)
                0x00000000000186ee                energest_init
                0x00000000000186f4                energest_flush
                0x00000000000186fa                energest_get_total_time
 .text          0x0000000000018709      0x43f build/cooja/mtype354.a(etimer.o)
                0x000000000001892d                etimer_request_poll
                0x00000000000189b6                etimer_set
                0x00000000000189df                etimer_reset_with_new_interval
                0x0000000000018a0e                etimer_reset
                0x0000000000018a34                etimer_restart
                0x0000000000018a5a                etimer_adjust
                0x0000000000018a77                etimer_expired
                0x0000000000018a8a                etimer_expiration_time
                0x0000000000018a9c                etimer_start_time
                0x0000000000018aa6                etimer_pending
                0x0000000000018ab8                etimer_next_expiration_time
                0x0000000000018ad2                etimer_stop
 .text          0x0000000000018b48       0x25 build/cooja/mtype354.a(node-id.o)
                0x0000000000018b48                node_id_init
 .text          0x0000000000018b6d       0xeb build/cooja/mtype354.a(rtimer.o)
                0x0000000000018b6d                rtimer_init
                0x0000000000018b7b                rtimer_set
                0x0000000000018bf6                rtimer_run_next
 .text          0x0000000000018c58      0x4fb build/cooja/mtype354.a(process.o)
                0x0000000000018c58                process_alloc_event
                0x0000000000018c6d                process_start
                0x0000000000018e47                process_exit
                0x0000000000018e64                process_init
                0x0000000000018ff9                process_run
                0x000000000001902c                process_nevents
                0x0000000000019047                process_post
                0x00000000000190da                process_post_synch
                0x000000000001910f                process_poll
                0x000000000001913f                process_is_running
 .text          0x0000000000019153       0xb1 build/cooja/mtype354.a(timer.o)
                0x0000000000019153                timer_set
                0x0000000000019171                timer_reset
                0x000000000001919e                timer_restart
                0x00000000000191b3                timer_expired
                0x00000000000191e0                timer_remaining
 .text          0x0000000000019204      0x28f build/cooja/mtype354.a(list.o)
                0x0000000000019204                list_init
                0x0000000000019213                list_head
                0x000000000001921d                list_copy
                0x000000000001922d                list_tail
                0x0000000000019263                list_add
                0x00000000000192af                list_push
                0x00000000000192db                list_chop
                0x0000000000019345                list_pop
                0x000000000001936d                list_remove
                0x00000000000193d5                list_length
                0x0000000000019403                list_insert
                0x0000000000019448                list_item_next
                0x000000000001945f                list_contains
 .text          0x0000000000019493      0x1b5 build/cooja/mtype354.a(memb.o)
                0x0000000000019493                memb_init
                0x00000000000194e8                memb_alloc
                0x000000000001954b                memb_free
                0x00000000000195c2                memb_inmemb
                0x0000000000019601                memb_numfree
 .text          0x0000000000019648      0x41c build/cooja/mtype354.a(button-hal.o)
                0x00000000000197c1                button_hal_get_by_id
                0x00000000000197ff                button_hal_get_by_index
                0x000000000001982b                button_hal_get_state
                0x000000000001987d                button_hal_init
 .text          0x0000000000019a64      0x1f3 build/cooja/mtype354.a(serial-line.o)
                0x0000000000019a64                serial_line_input_byte
                0x0000000000019c22                serial_line_init
 .text          0x0000000000019c57      0x168 build/cooja/mtype354.a(gpio-hal.o)
                0x0000000000019c57                gpio_hal_register_handler
                0x0000000000019c74                gpio_hal_event_handler
                0x0000000000019cd0                gpio_hal_init
                0x0000000000019cef                gpio_hal_arch_port_toggle_pin
                0x0000000000019d2b                gpio_hal_arch_port_toggle_pins
                0x0000000000019d59                gpio_hal_arch_no_port_toggle_pin
                0x0000000000019d97                gpio_hal_arch_no_port_toggle_pins
 .text          0x0000000000019dbf      0x2e7 build/cooja/mtype354.a(queuebuf.o)
                0x0000000000019dc9                queuebuf_init
                0x0000000000019df2                queuebuf_numfree
                0x0000000000019e0a                queuebuf_new_from_packetbuf
                0x0000000000019ea9                queuebuf_update_attr_from_packetbuf
                0x0000000000019ede                queuebuf_update_from_packetbuf
                0x0000000000019f2e                queuebuf_free
                0x0000000000019f77                queuebuf_to_packetbuf
                0x0000000000019fe3                queuebuf_dataptr
                0x000000000001a01d                queuebuf_datalen
                0x000000000001a040                queuebuf_addr
                0x000000000001a075                queuebuf_attr
                0x000000000001a0a0                queuebuf_debug_print
 .text          0x000000000001a0a6      0x407 build/cooja/mtype354.a(packetbuf.o)
                0x000000000001a0a6                packetbuf_clear
                0x000000000001a0d1                packetbuf_copyfrom
                0x000000000001a120                packetbuf_copyto
                0x000000000001a1b3                packetbuf_hdralloc
                0x000000000001a22f                packetbuf_hdrreduce
                0x000000000001a275                packetbuf_set_datalen
                0x000000000001a28f                packetbuf_dataptr
                0x000000000001a2ac                packetbuf_hdrptr
                0x000000000001a2b6                packetbuf_datalen
                0x000000000001a2c2                packetbuf_hdrlen
                0x000000000001a2d9                packetbuf_totlen
                0x000000000001a2ef                packetbuf_remaininglen
                0x000000000001a302                packetbuf_attr_clear
                0x000000000001a34e                packetbuf_attr_copyto
                0x000000000001a3a6                packetbuf_attr_copyfrom
                0x000000000001a3fe                packetbuf_set_attr
                0x000000000001a428                packetbuf_attr
                0x000000000001a442                packetbuf_set_addr
                0x000000000001a473                packetbuf_addr
                0x000000000001a490                packetbuf_holds_broadcast
 .text          0x000000000001a4ad       0xef build/cooja/mtype354.a(netstack.o)
                0x000000000001a4ad                netstack_process_ip_callback
                0x000000000001a53e                netstack_ip_packet_processor_add
                0x000000000001a561                uip_ds6_ip_packet_processor_rm
                0x000000000001a57e                netstack_init
 .text          0x000000000001a59c       0x4f build/cooja/mtype354.a(linkaddr.o)
                0x000000000001a59c                linkaddr_copy
                0x000000000001a5b2                linkaddr_cmp
                0x000000000001a5d5                linkaddr_set_node_addr
 .text          0x000000000001a5eb      0x1f6 build/cooja/mtype354.a(csma.o)
 .text          0x000000000001a7e1      0x95d build/cooja/mtype354.a(csma-output.o)
                0x000000000001ae78                csma_output_packet
                0x000000000001b105                csma_output_init
 .text          0x000000000001b13e      0xc11 build/cooja/mtype354.a(uip-ds6.o)
                0x000000000001b13e                uip_ds6_default_prefix
                0x000000000001b148                uip_ds6_set_default_prefix
                0x000000000001b173                uip_ds6_init
                0x000000000001b3d5                uip_ds6_periodic
                0x000000000001b45c                uip_ds6_list_loop
                0x000000000001b51c                uip_ds6_prefix_add
                0x000000000001b5c8                uip_ds6_prefix_rm
                0x000000000001b5db                uip_ds6_prefix_lookup
                0x000000000001b61a                uip_ds6_is_addr_onlink
                0x000000000001b68d                uip_ds6_addr_add
                0x000000000001b7ad                uip_ds6_addr_rm
                0x000000000001b856                uip_ds6_addr_lookup
                0x000000000001b88f                uip_ds6_get_link_local
                0x000000000001b910                uip_ds6_get_global
                0x000000000001b991                uip_ds6_maddr_add
                0x000000000001b9f1                uip_ds6_maddr_rm
                0x000000000001ba04                uip_ds6_maddr_lookup
                0x000000000001ba3d                uip_ds6_aaddr_add
                0x000000000001ba9d                uip_ds6_aaddr_rm
                0x000000000001bab0                uip_ds6_aaddr_lookup
                0x000000000001bae9                uip_ds6_select_src
                0x000000000001bc32                uip_ds6_set_addr_iid
                0x000000000001bc5d                uip_ds6_set_lladdr_from_iid
                0x000000000001bc86                get_match_length
                0x000000000001bd17                uip_ds6_compute_reachable_time
 .text          0x000000000001bd4f      0x128 build/cooja/mtype354.a(uip-udp-packet.)
                0x000000000001bd4f                uip_udp_packet_send
                0x000000000001bdaa                uip_udp_packet_sendto
 .text          0x000000000001be77      0xa3c build/cooja/mtype354.a(uip-ds6-route.o)
                0x000000000001bf61                uip_ds6_notification_add
                0x000000000001bf93                uip_ds6_notification_rm
                0x000000000001bfb0                uip_ds6_route_init
                0x000000000001c04f                uip_ds6_route_nexthop
                0x000000000001c07e                uip_ds6_route_head
                0x000000000001c097                uip_ds6_route_next
                0x000000000001c0c0                uip_ds6_route_is_nexthop
                0x000000000001c102                uip_ds6_route_num_routes
                0x000000000001c10c                uip_ds6_route_lookup
                0x000000000001c1e3                uip_ds6_route_add
                0x000000000001c423                uip_ds6_route_rm
                0x000000000001c5c1                uip_ds6_route_rm_by_nexthop
                0x000000000001c600                uip_ds6_defrt_head
                0x000000000001c619                uip_ds6_defrt_add
                0x000000000001c6da                uip_ds6_defrt_rm
                0x000000000001c75b                uip_ds6_defrt_lookup
                0x000000000001c7c2                uip_ds6_defrt_choose
                0x000000000001c838                uip_ds6_defrt_periodic
 .text          0x000000000001c8b3      0x6f7 build/cooja/mtype354.a(tcpip.o)
                0x000000000001c8cd                tcpip_output
                0x000000000001c94c                udp_attach
                0x000000000001c964                udp_new
                0x000000000001c9ae                udp_broadcast_new
                0x000000000001cb20                tcpip_input
                0x000000000001ccb0                tcpip_ipv6_output
                0x000000000001cea4                tcpip_poll_udp
                0x000000000001cec2                tcpip_uipcall
 .text          0x000000000001cfaa     0x1205 build/cooja/mtype354.a(uip6.o)
                0x000000000001d059                uip_chksum
                0x000000000001d130                uip_icmp6chksum
                0x000000000001d145                uip_udpchksum
                0x000000000001d15a                uip_init
                0x000000000001d1a3                uip_remove_ext_hdr
                0x000000000001d27d                uip_udp_new
                0x000000000001d591                uip_process
                0x000000000001e089                uip_htons
                0x000000000001e0ab                uip_htonl
                0x000000000001e0e9                uip_send
 .text          0x000000000001e1af      0x369 build/cooja/mtype354.a(uip-ds6-nbr.o)
                0x000000000001e1af                uip_ds6_neighbors_init
                0x000000000001e1d3                uip_ds6_nbr_add
                0x000000000001e259                uip_ds6_nbr_rm
                0x000000000001e2a4                uip_ds6_nbr_update_ll
                0x000000000001e392                uip_ds6_nbr_get_ipaddr
                0x000000000001e3a7                uip_ds6_nbr_get_ll
                0x000000000001e3c3                uip_ds6_nbr_num
                0x000000000001e40c                uip_ds6_nbr_head
                0x000000000001e425                uip_ds6_nbr_next
                0x000000000001e441                uip_ds6_nbr_lookup
                0x000000000001e499                uip_ds6_nbr_ll_lookup
                0x000000000001e4b5                uip_ds6_nbr_ipaddr_from_lladdr
                0x000000000001e4de                uip_ds6_nbr_lladdr_from_ipaddr
                0x000000000001e512                uip_ds6_link_callback
 .text          0x000000000001e518      0x6a7 build/cooja/mtype354.a(uip-nd6.o)
                0x000000000001eba6                uip_nd6_init
 .text          0x000000000001ebbf     0x2c17 build/cooja/mtype354.a(sicslowpan.o)
                0x000000000001f1c6                netstack_sniffer_add
                0x000000000001f1d4                netstack_sniffer_remove
                0x00000000000217aa                sicslowpan_init
                0x00000000000217cc                sicslowpan_get_last_rssi
 .text          0x00000000000217d6      0x4d1 build/cooja/mtype354.a(uiplib.o)
                0x00000000000217d6                uiplib_ip6addrconv
                0x000000000002198e                uiplib_ip4addrconv
                0x0000000000021a51                uiplib_ipaddr_print
                0x0000000000021aa4                uiplib_ipaddr_snprint
 .text          0x0000000000021ca7      0x4c9 build/cooja/mtype354.a(rpl.o)
                0x0000000000021ca7                rpl_lollipop_greater_than
                0x0000000000021d01                rpl_get_global_address
                0x0000000000021df9                rpl_link_callback
                0x0000000000021e3d                rpl_has_joined
                0x0000000000021e62                rpl_is_reachable
                0x0000000000021ee3                rpl_reset_prefix
                0x0000000000021f4d                rpl_set_prefix_from_addr
                0x0000000000022032                rpl_set_prefix
                0x000000000002214c                rpl_set_leaf_only
                0x0000000000022164                rpl_get_leaf_only
 .text          0x0000000000022170     0x138c build/cooja/mtype354.a(rpl-icmp6.o)
                0x0000000000022295                rpl_icmp6_update_nbr_table
                0x000000000002231e                rpl_icmp6_dis_output
                0x0000000000022964                rpl_icmp6_dio_output
                0x0000000000023162                rpl_icmp6_dao_output
                0x0000000000023443                rpl_icmp6_dao_ack_output
                0x00000000000234b3                rpl_icmp6_init
 .text          0x00000000000234fc      0x264 build/cooja/mtype354.a(rpl-dag-root.o)
                0x00000000000234fc                rpl_dag_root_print_links
                0x0000000000023628                rpl_dag_root_set_prefix
                0x0000000000023654                rpl_dag_root_start
                0x0000000000023731                rpl_dag_root_is_root
 .text          0x0000000000023760       0x30 build/cooja/mtype354.a(watchdog.o)
                0x0000000000023760                watchdog_init
                0x0000000000023766                watchdog_start
                0x000000000002376c                watchdog_periodic
                0x0000000000023784                watchdog_stop
                0x000000000002378a                watchdog_reboot
 .text          0x0000000000023790       0x4a build/cooja/mtype354.a(int-master.o)
                0x0000000000023790                int_master_enable
                0x00000000000237a0                int_master_read_and_disable
                0x00000000000237bd                int_master_status_set
                0x00000000000237cb                int_master_is_enabled
 .text          0x00000000000237da      0x226 build/cooja/mtype354.a(coap-timer-defa)
 .text          0x0000000000023a00       0xc7 build/cooja/mtype354.a(stimer.o)
                0x0000000000023a00                stimer_set
                0x0000000000023a1e                stimer_reset
                0x0000000000023a4b                stimer_restart
                0x0000000000023a60                stimer_expired
                0x0000000000023a8b                stimer_remaining
                0x0000000000023aaf                stimer_elapsed
 .text          0x0000000000023ac7      0x156 build/cooja/mtype354.a(ringbuf.o)
                0x0000000000023ac7                ringbuf_init
                0x0000000000023af9                ringbuf_put
                0x0000000000023b77                ringbuf_get
                0x0000000000023be4                ringbuf_size
                0x0000000000023bf6                ringbuf_elements
 .text          0x0000000000023c1d       0x1f build/cooja/mtype354.a(assert.o)
                0x0000000000023c1d                _xassert
 .text          0x0000000000023c3c      0x79b build/cooja/mtype354.a(nbr-table.o)
                0x00000000000240b5                nbr_table_register
                0x0000000000024122                nbr_table_is_registered
                0x000000000002415d                nbr_table_head
                0x00000000000241b8                nbr_table_next
                0x0000000000024219                nbr_table_add_lladdr
                0x00000000000242f3                nbr_table_get_from_lladdr
                0x000000000002433f                nbr_table_remove
                0x0000000000024377                nbr_table_lock
                0x0000000000024391                nbr_table_unlock
                0x00000000000243ab                nbr_table_get_lladdr
 .text          0x00000000000243d7      0x3a5 build/cooja/mtype354.a(link-stats.o)
                0x00000000000243d7                link_stats_from_lladdr
                0x00000000000243f3                link_stats_get_lladdr
                0x000000000002440f                link_stats_is_fresh
                0x000000000002444b                guess_etx_from_rssi
                0x00000000000244c7                link_stats_packet_sent
                0x00000000000245e7                link_stats_input_callback
                0x00000000000246f7                link_stats_reset
                0x0000000000024747                link_stats_init
 .text          0x000000000002477c      0x187 build/cooja/mtype354.a(mac-sequence.o)
                0x000000000002477c                mac_sequence_is_duplicate
                0x000000000002481c                mac_sequence_register_seqno
 .text          0x0000000000024903       0x23 build/cooja/mtype354.a(mac.o)
                0x0000000000024903                mac_call_sent_callback
 .text          0x0000000000024926      0x432 build/cooja/mtype354.a(framer-802154.o)
                0x0000000000024ab5                framer_802154_setup_params
 .text          0x0000000000024d58      0xb6f build/cooja/mtype354.a(frame802154.o)
                0x0000000000024d89                frame802154_get_pan_id
                0x0000000000024d95                frame802154_set_pan_id
                0x0000000000024daf                frame802154_has_panid
                0x0000000000024f5e                frame802154_check_dest_panid
                0x0000000000024fe6                frame802154_is_broadcast_addr
                0x0000000000025033                frame802154_extract_linkaddr
                0x0000000000025298                frame802154_hdrlen
                0x000000000002530b                frame802154_create_fcf
                0x00000000000253c3                frame802154_create
                0x0000000000025538                frame802154_parse_fcf
                0x000000000002561a                frame802154_parse
 .text          0x00000000000258c7       0x2d build/cooja/mtype354.a(csma-security.o)
                0x00000000000258c7                csma_security_create_frame
                0x00000000000258e5                csma_security_parse_frame
 .text          0x00000000000258f4      0x4e4 build/cooja/mtype354.a(uipbuf.o)
                0x00000000000258f4                uipbuf_clear
                0x000000000002591b                uipbuf_add_ext_hdr
                0x000000000002599b                uipbuf_set_len
                0x00000000000259c8                uipbuf_set_len_field
                0x00000000000259f4                uipbuf_get_len_field
                0x0000000000025a14                uipbuf_get_next_header
                0x0000000000025b46                uipbuf_get_last_header
                0x0000000000025bbf                uipbuf_search_header
                0x0000000000025c75                uipbuf_get_attr
                0x0000000000025c9c                uipbuf_set_attr
                0x0000000000025cd3                uipbuf_set_default_attr
                0x0000000000025d0a                uipbuf_clear_attr
                0x0000000000025d2e                uipbuf_set_attr_flag
                0x0000000000025d4f                uipbuf_clr_attr_flag
                0x0000000000025d76                uipbuf_is_attr_flag
                0x0000000000025d9a                uipbuf_init
 .text          0x0000000000025dd8      0x73f build/cooja/mtype354.a(uip-icmp6.o)
                0x0000000000025e4d                uip_icmp6_input
                0x0000000000025ea4                uip_icmp6_register_input_handler
                0x0000000000025ff7                uip_icmp6_error_output
                0x00000000000262a8                uip_icmp6_send
                0x000000000002649f                uip_icmp6_echo_reply_callback_add
                0x00000000000264d1                uip_icmp6_echo_reply_callback_rm
                0x00000000000264ee                uip_icmp6_init
 .text          0x0000000000026517      0x69b build/cooja/mtype354.a(uip-sr.o)
                0x0000000000026517                uip_sr_num_nodes
                0x00000000000265a5                uip_sr_get_node
                0x00000000000265fc                uip_sr_is_addr_reachable
                0x00000000000266aa                uip_sr_expire_parent
                0x00000000000266f3                uip_sr_update_node
                0x0000000000026823                uip_sr_init
                0x0000000000026857                uip_sr_node_head
                0x0000000000026870                uip_sr_node_next
                0x0000000000026886                uip_sr_periodic
                0x000000000002698c                uip_sr_free_all
                0x00000000000269fc                uip_sr_link_snprint
 .text          0x0000000000026bb2      0x146 build/cooja/mtype354.a(uip-packetqueue)
                0x0000000000026be0                uip_packetqueue_new
                0x0000000000026bef                uip_packetqueue_alloc
                0x0000000000026c4a                uip_packetqueue_free
                0x0000000000026c91                uip_packetqueue_buf
                0x0000000000026cae                uip_packetqueue_buflen
                0x0000000000026ccf                uip_packetqueue_set_buflen
 .text          0x0000000000026cf8      0x1b0 build/cooja/mtype354.a(rpl-nbr-policy.)
                0x0000000000026e65                rpl_nbr_policy_find_removable
 .text          0x0000000000026ea8      0x915 build/cooja/mtype354.a(rpl-neighbor.o)
                0x0000000000026f24                rpl_neighbor_snprint
                0x00000000000271d7                rpl_neighbor_print_list
                0x000000000002728c                rpl_neighbor_count
                0x0000000000027333                rpl_neighbor_get_from_lladdr
                0x000000000002734f                rpl_neighbor_is_acceptable_parent
                0x0000000000027383                rpl_neighbor_get_link_metric
                0x00000000000273b7                rpl_neighbor_rank_via_nbr
                0x00000000000273eb                rpl_neighbor_get_lladdr
                0x0000000000027407                rpl_neighbor_get_ipaddr
                0x000000000002742e                rpl_neighbor_get_link_stats
                0x0000000000027455                rpl_neighbor_is_fresh
                0x000000000002747c                rpl_neighbor_is_reachable
                0x00000000000274c7                rpl_neighbor_is_parent
                0x00000000000274f1                rpl_neighbor_set_preferred_parent
                0x0000000000027588                rpl_neighbor_remove_all
                0x00000000000275e4                rpl_neighbor_get_from_ipaddr
                0x00000000000276f2                rpl_neighbor_select_best
                0x000000000002779e                rpl_neighbor_init
 .text          0x00000000000277bd      0xe69 build/cooja/mtype354.a(rpl-dag.o)
                0x00000000000277bd                rpl_dag_state_to_str
                0x00000000000277fc                rpl_dag_get_root_ipaddr
                0x0000000000027844                rpl_dag_leave
                0x00000000000278cd                rpl_dag_poison_and_leave
                0x00000000000278e5                rpl_dag_periodic
                0x000000000002796d                rpl_is_addr_in_our_dag
                0x00000000000279b1                rpl_get_default_instance
                0x00000000000279cd                rpl_get_any_dag
                0x0000000000027a26                rpl_refresh_routes
                0x0000000000027a66                rpl_global_repair
                0x0000000000027aff                rpl_local_repair
                0x0000000000027b49                rpl_dag_ready_to_advertise
                0x0000000000027b8c                rpl_dag_update_state
                0x00000000000282b9                rpl_process_dio
                0x0000000000028337                rpl_process_dis
                0x000000000002837c                rpl_process_dao
                0x000000000002840b                rpl_process_dao_ack
                0x00000000000284a2                rpl_process_hbh
                0x00000000000284f2                rpl_dag_init_root
                0x0000000000028606                rpl_dag_init
 .text          0x0000000000028626      0x9e7 build/cooja/mtype354.a(rpl-timers.o)
                0x0000000000028626                rpl_timers_schedule_periodic_dis
                0x0000000000028774                rpl_timers_dio_reset
                0x0000000000028882                rpl_timers_schedule_unicast_dio
                0x00000000000289d6                rpl_timers_schedule_dao
                0x0000000000028a95                rpl_timers_schedule_dao_ack
                0x0000000000028b1b                rpl_timers_notify_dao_ack
                0x0000000000028b79                get_probing_delay
                0x0000000000028bad                get_probing_target
                0x0000000000028d97                rpl_schedule_probing
                0x0000000000028dc5                rpl_schedule_probing_now
                0x0000000000028e2f                rpl_timers_unschedule_leaving
                0x0000000000028e67                rpl_timers_schedule_leaving
                0x0000000000028ea8                rpl_timers_init
                0x0000000000028f38                rpl_timers_stop_dag_timers
                0x0000000000028fb1                rpl_timers_unschedule_state_update
                0x0000000000028fd5                rpl_timers_schedule_state_update
 .text          0x000000000002900d      0xb8e build/cooja/mtype354.a(rpl-ext-header.)
                0x000000000002900d                rpl_ext_header_srh_get_next_hop
                0x00000000000290f4                rpl_ext_header_srh_update
                0x0000000000029660                rpl_ext_header_hbh_update
                0x0000000000029960                rpl_ext_header_update
                0x00000000000299e9                rpl_ext_header_remove
 .text          0x0000000000029b9b      0x31b build/cooja/mtype354.a(rpl-mrhof.o)
 *fill*         0x0000000000029eb6        0xa 
 .text          0x0000000000029ec0      0x122 /usr/lib/gcc/i686-linux-gnu/5/libgcc.a(_udivdi3.o)
                0x0000000000029ec0                __udivdi3
 .text          0x0000000000029fe2        0x0 /usr/lib/gcc/i686-linux-gnu/5/crtendS.o
 .text          0x0000000000029fe2        0x0 /usr/lib/gcc/i686-linux-gnu/5/../../../i386-linux-gnu/crtn.o
 *(.gnu.warning)

.fini           0x0000000000029fe4       0x14
 *(SORT(.fini))
 .fini          0x0000000000029fe4        0xf /usr/lib/gcc/i686-linux-gnu/5/../../../i386-linux-gnu/crti.o
                0x0000000000029fe4                _fini
 .fini          0x0000000000029ff3        0x5 /usr/lib/gcc/i686-linux-gnu/5/../../../i386-linux-gnu/crtn.o
                [!provide]                        PROVIDE (__etext, .)
                [!provide]                        PROVIDE (_etext, .)
                [!provide]                        PROVIDE (etext, .)

.rodata         0x000000000002a000      0xb0b
 *(.rodata .rodata.* .gnu.linkonce.r.*)
 .rodata        0x000000000002a000       0x99 co2_CoAP-server.o
                0x000000000002a00c                autostart_processes
 *fill*         0x000000000002a099        0x3 
 .rodata        0x000000000002a09c        0x8 build/cooja/mtype354.a(beep.o)
                0x000000000002a09c                beep_interface
 .rodata        0x000000000002a0a4        0xe build/cooja/mtype354.a(leds-arch.o)
                0x000000000002a0a4                leds_interface
                0x000000000002a0ac                leds_arch_leds
 *fill*         0x000000000002a0b2        0x2 
 .rodata        0x000000000002a0b4        0x8 build/cooja/mtype354.a(moteid.o)
                0x000000000002a0b4                moteid_interface
 .rodata        0x000000000002a0bc       0x1c build/cooja/mtype354.a(pir-sensor.o)
                0x000000000002a0bc                pir_interface
                0x000000000002a0c8                pir_sensor
 .rodata        0x000000000002a0d8        0xe build/cooja/mtype354.a(rs232.o)
                0x000000000002a0d8                rs232_interface
 *fill*         0x000000000002a0e6        0x2 
 .rodata        0x000000000002a0e8       0x24 build/cooja/mtype354.a(vib-sensor.o)
                0x000000000002a0e8                vib_interface
                0x000000000002a0fc                vib_sensor
 .rodata        0x000000000002a10c        0x8 build/cooja/mtype354.a(clock.o)
                0x000000000002a10c                clock_interface
 .rodata        0x000000000002a114        0x8 build/cooja/mtype354.a(cooja-log.o)
                0x000000000002a114                simlog_interface
 .rodata        0x000000000002a11c       0x2f build/cooja/mtype354.a(cfs-cooja.o)
                0x000000000002a11c                cfs_interface
 *fill*         0x000000000002a14b       0x15 
 .rodata        0x000000000002a160       0xb8 build/cooja/mtype354.a(cooja-radio.o)
                0x000000000002a160                radio_interface
                0x000000000002a1e0                cooja_radio_driver
 .rodata        0x000000000002a218        0x8 build/cooja/mtype354.a(eeprom.o)
                0x000000000002a218                eeprom_interface
 .rodata        0x000000000002a220        0x8 build/cooja/mtype354.a(sensors.o)
 .rodata        0x000000000002a228       0x2c build/cooja/mtype354.a(buttons.o)
                0x000000000002a228                button_interface
                0x000000000002a23c                button_hal_button_count
                0x000000000002a244                button_sensor
 .rodata        0x000000000002a254       0x9f build/cooja/mtype354.a(res-co2.o)
 .rodata        0x000000000002a2f3       0x41 build/cooja/mtype354.a(coap-engine.o)
 .rodata        0x000000000002a334       0x19 build/cooja/mtype354.a(coap-res-well-k)
 .rodata        0x000000000002a34d       0x11 build/cooja/mtype354.a(coap-observe.o)
 .rodata        0x000000000002a35e       0x35 build/cooja/mtype354.a(coap-uip.o)
 *fill*         0x000000000002a393        0x1 
 .rodata        0x000000000002a394      0x1ac build/cooja/mtype354.a(coap.o)
 .rodata        0x000000000002a540       0xf8 build/cooja/mtype354.a(contiki-main.o)
 .rodata        0x000000000002a638        0xf build/cooja/mtype354.a(ctimer.o)
 *fill*         0x000000000002a647        0x1 
 .rodata        0x000000000002a648       0xc4 build/cooja/mtype354.a(log.o)
 .rodata        0x000000000002a70c        0xc build/cooja/mtype354.a(etimer.o)
 .rodata        0x000000000002a718       0x13 build/cooja/mtype354.a(button-hal.o)
 .rodata        0x000000000002a72b        0xe build/cooja/mtype354.a(serial-line.o)
 *fill*         0x000000000002a739        0x3 
 .rodata        0x000000000002a73c        0x8 build/cooja/mtype354.a(linkaddr.o)
                0x000000000002a73c                linkaddr_null
 .rodata        0x000000000002a744       0x24 build/cooja/mtype354.a(csma.o)
                0x000000000002a74c                csma_driver
 .rodata        0x000000000002a768       0x24 build/cooja/mtype354.a(csma-output.o)
 .rodata        0x000000000002a78c       0xb9 build/cooja/mtype354.a(uip-ds6-route.o)
 .rodata        0x000000000002a845        0xd build/cooja/mtype354.a(tcpip.o)
 *fill*         0x000000000002a852        0x2 
 .rodata        0x000000000002a854       0x30 build/cooja/mtype354.a(sicslowpan.o)
                0x000000000002a854                unc_llconf
                0x000000000002a858                unc_ctxconf
                0x000000000002a85c                unc_mxconf
                0x000000000002a860                llprefix
                0x000000000002a874                sicslowpan_driver
 .rodata        0x000000000002a884       0x2d build/cooja/mtype354.a(uiplib.o)
 *fill*         0x000000000002a8b1        0xf 
 .rodata        0x000000000002a8c0       0x74 build/cooja/mtype354.a(rpl.o)
                0x000000000002a8e0                rpl_lite_driver
 .rodata        0x000000000002a934       0x20 build/cooja/mtype354.a(coap-timer-defa)
                0x000000000002a948                coap_timer_default_driver
 .rodata        0x000000000002a954       0x25 build/cooja/mtype354.a(assert.o)
 *fill*         0x000000000002a979        0x3 
 .rodata        0x000000000002a97c        0xc build/cooja/mtype354.a(framer-802154.o)
                0x000000000002a97c                framer_802154
 .rodata        0x000000000002a988       0x44 build/cooja/mtype354.a(uip-sr.o)
 .rodata        0x000000000002a9cc       0x58 build/cooja/mtype354.a(rpl-neighbor.o)
 .rodata        0x000000000002aa24       0xdb build/cooja/mtype354.a(rpl-dag.o)
 .rodata        0x000000000002aaff        0xc build/cooja/mtype354.a(rpl-timers.o)

.rodata1
 *(.rodata1)

.eh_frame_hdr   0x000000000002ab0c     0x1a04
 *(.eh_frame_hdr)
 .eh_frame_hdr  0x000000000002ab0c     0x1a04 co2_CoAP-server.o
                0x000000000002ab0c                __GNU_EH_FRAME_HDR
 *(.eh_frame_entry .eh_frame_entry.*)

.eh_frame       0x000000000002c510     0x6984
 *(.eh_frame)
 .eh_frame      0x000000000002c510       0x3c /usr/lib/gcc/i686-linux-gnu/5/../../../i386-linux-gnu/crti.o
                                         0x40 (size before relaxing)
 .eh_frame      0x000000000002c54c       0x40 co2_CoAP-server.o
                                         0x58 (size before relaxing)
 .eh_frame      0x000000000002c58c      0x178 build/cooja/mtype354.o
                                        0x190 (size before relaxing)
 .eh_frame      0x000000000002c704       0x40 build/cooja/mtype354.a(simEnvChange.o)
                                         0x58 (size before relaxing)
 .eh_frame      0x000000000002c744       0x60 build/cooja/mtype354.a(cooja_mt.o)
                                         0x78 (size before relaxing)
 .eh_frame      0x000000000002c7a4       0x80 build/cooja/mtype354.a(cooja_mtarch.o)
                                         0x98 (size before relaxing)
 .eh_frame      0x000000000002c824       0xc8 build/cooja/mtype354.a(rtimer-arch.o)
                                         0xe0 (size before relaxing)
 .eh_frame      0x000000000002c8ec      0x160 build/cooja/mtype354.a(beep.o)
                                        0x178 (size before relaxing)
 .eh_frame      0x000000000002ca4c       0x80 build/cooja/mtype354.a(leds-arch.o)
                                         0x98 (size before relaxing)
 .eh_frame      0x000000000002cacc       0x40 build/cooja/mtype354.a(moteid.o)
                                         0x58 (size before relaxing)
 .eh_frame      0x000000000002cb0c       0xa0 build/cooja/mtype354.a(pir-sensor.o)
                                         0xb8 (size before relaxing)
 .eh_frame      0x000000000002cbac      0x100 build/cooja/mtype354.a(rs232.o)
                                        0x118 (size before relaxing)
 .eh_frame      0x000000000002ccac       0xa0 build/cooja/mtype354.a(vib-sensor.o)
                                         0xb8 (size before relaxing)
 .eh_frame      0x000000000002cd4c       0xc0 build/cooja/mtype354.a(clock.o)
                                         0xd8 (size before relaxing)
 .eh_frame      0x000000000002ce0c      0x120 build/cooja/mtype354.a(cooja-log.o)
                                        0x138 (size before relaxing)
 .eh_frame      0x000000000002cf2c      0x160 build/cooja/mtype354.a(cfs-cooja.o)
                                        0x178 (size before relaxing)
 .eh_frame      0x000000000002d08c      0x340 build/cooja/mtype354.a(cooja-radio.o)
                                        0x358 (size before relaxing)
 .eh_frame      0x000000000002d3cc       0xa0 build/cooja/mtype354.a(eeprom.o)
                                         0xb8 (size before relaxing)
 .eh_frame      0x000000000002d46c       0x40 build/cooja/mtype354.a(random.o)
                                         0x58 (size before relaxing)
 .eh_frame      0x000000000002d4ac       0xc0 build/cooja/mtype354.a(sensors.o)
                                         0xd8 (size before relaxing)
 .eh_frame      0x000000000002d56c      0x120 build/cooja/mtype354.a(leds.o)
                                        0x138 (size before relaxing)
 .eh_frame      0x000000000002d68c      0x220 build/cooja/mtype354.a(gpio-hal-arch.o)
                                        0x238 (size before relaxing)
 .eh_frame      0x000000000002d8ac       0xa0 build/cooja/mtype354.a(buttons.o)
                                         0xb8 (size before relaxing)
 .eh_frame      0x000000000002d94c       0x80 build/cooja/mtype354.a(res-co2.o)
                                         0x98 (size before relaxing)
 .eh_frame      0x000000000002d9cc      0x220 build/cooja/mtype354.a(coap-engine.o)
                                        0x238 (size before relaxing)
 .eh_frame      0x000000000002dbec       0x24 build/cooja/mtype354.a(coap-res-well-k)
                                         0x3c (size before relaxing)
 .eh_frame      0x000000000002dc10      0x188 build/cooja/mtype354.a(coap-observe.o)
                                        0x1a0 (size before relaxing)
 .eh_frame      0x000000000002dd98      0x250 build/cooja/mtype354.a(coap-uip.o)
                                        0x268 (size before relaxing)
 .eh_frame      0x000000000002dfe8      0x114 build/cooja/mtype354.a(coap-timer.o)
                                        0x12c (size before relaxing)
 .eh_frame      0x000000000002e0fc      0x100 build/cooja/mtype354.a(coap-transactio)
                                        0x118 (size before relaxing)
 .eh_frame      0x000000000002e1fc      0x6ec build/cooja/mtype354.a(coap.o)
                                        0x704 (size before relaxing)
 .eh_frame      0x000000000002e8e8       0x30 build/cooja/mtype354.a(contiki-main.o)
                                         0x48 (size before relaxing)
 .eh_frame      0x000000000002e918       0x40 build/cooja/mtype354.a(autostart.o)
                                         0x58 (size before relaxing)
 .eh_frame      0x000000000002e958      0x100 build/cooja/mtype354.a(ctimer.o)
                                        0x118 (size before relaxing)
 .eh_frame      0x000000000002ea58      0x100 build/cooja/mtype354.a(log.o)
                                        0x118 (size before relaxing)
 .eh_frame      0x000000000002eb58       0x60 build/cooja/mtype354.a(energest.o)
                                         0x78 (size before relaxing)
 .eh_frame      0x000000000002ebb8      0x1e0 build/cooja/mtype354.a(etimer.o)
                                        0x1f8 (size before relaxing)
 .eh_frame      0x000000000002ed98       0x20 build/cooja/mtype354.a(node-id.o)
                                         0x38 (size before relaxing)
 .eh_frame      0x000000000002edb8       0x60 build/cooja/mtype354.a(rtimer.o)
                                         0x78 (size before relaxing)
 .eh_frame      0x000000000002ee18      0x1c4 build/cooja/mtype354.a(process.o)
                                        0x1dc (size before relaxing)
 .eh_frame      0x000000000002efdc       0xa4 build/cooja/mtype354.a(timer.o)
                                         0xbc (size before relaxing)
 .eh_frame      0x000000000002f080      0x1a0 build/cooja/mtype354.a(list.o)
                                        0x1b8 (size before relaxing)
 .eh_frame      0x000000000002f220       0xa0 build/cooja/mtype354.a(memb.o)
                                         0xb8 (size before relaxing)
 .eh_frame      0x000000000002f2c0      0x144 build/cooja/mtype354.a(button-hal.o)
                                        0x15c (size before relaxing)
 .eh_frame      0x000000000002f404       0x60 build/cooja/mtype354.a(serial-line.o)
                                         0x78 (size before relaxing)
 .eh_frame      0x000000000002f464       0xe0 build/cooja/mtype354.a(gpio-hal.o)
                                         0xf8 (size before relaxing)
 .eh_frame      0x000000000002f544      0x1a0 build/cooja/mtype354.a(queuebuf.o)
                                        0x1b8 (size before relaxing)
 .eh_frame      0x000000000002f6e4      0x28c build/cooja/mtype354.a(packetbuf.o)
                                        0x2a4 (size before relaxing)
 .eh_frame      0x000000000002f970       0x80 build/cooja/mtype354.a(netstack.o)
                                         0x98 (size before relaxing)
 .eh_frame      0x000000000002f9f0       0x60 build/cooja/mtype354.a(linkaddr.o)
                                         0x78 (size before relaxing)
 .eh_frame      0x000000000002fa50       0xe0 build/cooja/mtype354.a(csma.o)
                                         0xf8 (size before relaxing)
 .eh_frame      0x000000000002fb30      0x1d0 build/cooja/mtype354.a(csma-output.o)
                                        0x1e8 (size before relaxing)
 .eh_frame      0x000000000002fd00      0x328 build/cooja/mtype354.a(uip-ds6.o)
                                        0x340 (size before relaxing)
 .eh_frame      0x0000000000030028       0x40 build/cooja/mtype354.a(uip-udp-packet.)
                                         0x58 (size before relaxing)
 .eh_frame      0x0000000000030068      0x2e0 build/cooja/mtype354.a(uip-ds6-route.o)
                                        0x2f8 (size before relaxing)
 .eh_frame      0x0000000000030348      0x244 build/cooja/mtype354.a(tcpip.o)
                                        0x25c (size before relaxing)
 .eh_frame      0x000000000003058c      0x1e8 build/cooja/mtype354.a(uip6.o)
                                        0x200 (size before relaxing)
 .eh_frame      0x0000000000030774      0x1c0 build/cooja/mtype354.a(uip-ds6-nbr.o)
                                        0x1d8 (size before relaxing)
 .eh_frame      0x0000000000030934       0x84 build/cooja/mtype354.a(uip-nd6.o)
                                         0x9c (size before relaxing)
 .eh_frame      0x00000000000309b8      0x2f8 build/cooja/mtype354.a(sicslowpan.o)
                                        0x310 (size before relaxing)
 .eh_frame      0x0000000000030cb0       0x88 build/cooja/mtype354.a(uiplib.o)
                                         0xa0 (size before relaxing)
 .eh_frame      0x0000000000030d38      0x1e0 build/cooja/mtype354.a(rpl.o)
                                        0x1f8 (size before relaxing)
 .eh_frame      0x0000000000030f18      0x1c4 build/cooja/mtype354.a(rpl-icmp6.o)
                                        0x1dc (size before relaxing)
 .eh_frame      0x00000000000310dc       0xa0 build/cooja/mtype354.a(rpl-dag-root.o)
                                         0xb8 (size before relaxing)
 .eh_frame      0x000000000003117c       0xa0 build/cooja/mtype354.a(watchdog.o)
                                         0xb8 (size before relaxing)
 .eh_frame      0x000000000003121c       0x80 build/cooja/mtype354.a(int-master.o)
                                         0x98 (size before relaxing)
 .eh_frame      0x000000000003129c       0xa4 build/cooja/mtype354.a(coap-timer-defa)
                                         0xbc (size before relaxing)
 .eh_frame      0x0000000000031340       0xc4 build/cooja/mtype354.a(stimer.o)
                                         0xdc (size before relaxing)
 .eh_frame      0x0000000000031404       0xa0 build/cooja/mtype354.a(ringbuf.o)
                                         0xb8 (size before relaxing)
 .eh_frame      0x00000000000314a4       0x20 build/cooja/mtype354.a(assert.o)
                                         0x38 (size before relaxing)
 .eh_frame      0x00000000000314c4      0x2ac build/cooja/mtype354.a(nbr-table.o)
                                        0x2c4 (size before relaxing)
 .eh_frame      0x0000000000031770      0x120 build/cooja/mtype354.a(link-stats.o)
                                        0x138 (size before relaxing)
 .eh_frame      0x0000000000031890       0x48 build/cooja/mtype354.a(mac-sequence.o)
                                         0x60 (size before relaxing)
 .eh_frame      0x00000000000318d8       0x20 build/cooja/mtype354.a(mac.o)
                                         0x38 (size before relaxing)
 .eh_frame      0x00000000000318f8       0xa4 build/cooja/mtype354.a(framer-802154.o)
                                         0xbc (size before relaxing)
 .eh_frame      0x000000000003199c      0x1a4 build/cooja/mtype354.a(frame802154.o)
                                        0x1bc (size before relaxing)
 .eh_frame      0x0000000000031b40       0x40 build/cooja/mtype354.a(csma-security.o)
                                         0x58 (size before relaxing)
 .eh_frame      0x0000000000031b80      0x200 build/cooja/mtype354.a(uipbuf.o)
                                        0x218 (size before relaxing)
 .eh_frame      0x0000000000031d80      0x150 build/cooja/mtype354.a(uip-icmp6.o)
                                        0x168 (size before relaxing)
 .eh_frame      0x0000000000031ed0      0x184 build/cooja/mtype354.a(uip-sr.o)
                                        0x19c (size before relaxing)
 .eh_frame      0x0000000000032054       0xe0 build/cooja/mtype354.a(uip-packetqueue)
                                         0xf8 (size before relaxing)
 .eh_frame      0x0000000000032134       0x80 build/cooja/mtype354.a(rpl-nbr-policy.)
                                         0x98 (size before relaxing)
 .eh_frame      0x00000000000321b4      0x2d4 build/cooja/mtype354.a(rpl-neighbor.o)
                                        0x2ec (size before relaxing)
 .eh_frame      0x0000000000032488      0x370 build/cooja/mtype354.a(rpl-dag.o)
                                        0x388 (size before relaxing)
 .eh_frame      0x00000000000327f8      0x3a8 build/cooja/mtype354.a(rpl-timers.o)
                                        0x3c0 (size before relaxing)
 .eh_frame      0x0000000000032ba0      0x124 build/cooja/mtype354.a(rpl-ext-header.)
                                        0x13c (size before relaxing)
 .eh_frame      0x0000000000032cc4      0x148 build/cooja/mtype354.a(rpl-mrhof.o)
                                        0x160 (size before relaxing)
 .eh_frame      0x0000000000032e0c       0x84 /usr/lib/gcc/i686-linux-gnu/5/libgcc.a(_udivdi3.o)
                                         0x9c (size before relaxing)
 .eh_frame      0x0000000000032e90        0x4 /usr/lib/gcc/i686-linux-gnu/5/crtendS.o
 *(.eh_frame.*)

.gcc_except_table
 *(.gcc_except_table .gcc_except_table.*)

.gnu_extab
 *(.gnu_extab*)

.exception_ranges
 *(.exception_ranges .exception_ranges*)
                0x0000000000033f10                . = DATA_SEGMENT_ALIGN (0x1000, 0x1000)

.eh_frame
 *(.eh_frame)
 *(.eh_frame.*)

.gnu_extab
 *(.gnu_extab)

.gcc_except_table
 *(.gcc_except_table .gcc_except_table.*)

.exception_ranges
 *(.exception_ranges .exception_ranges*)

.tdata
 *(.tdata .tdata.* .gnu.linkonce.td.*)

.tbss
 *(.tbss .tbss.* .gnu.linkonce.tb.*)
 *(.tcommon)

.preinit_array
 *(.preinit_array)

.init_array     0x0000000000033f10        0x4
 *(SORT(.init_array.*) SORT(.ctors.*))
 *(.init_array EXCLUDE_FILE(*crtend?.o *crtend.o *crtbegin?.o *crtbegin.o) .ctors)
 .init_array    0x0000000000033f10        0x4 /usr/lib/gcc/i686-linux-gnu/5/crtbeginS.o

.fini_array     0x0000000000033f14        0x4
 *(SORT(.fini_array.*) SORT(.dtors.*))
 *(.fini_array EXCLUDE_FILE(*crtend?.o *crtend.o *crtbegin?.o *crtbegin.o) .dtors)
 .fini_array    0x0000000000033f14        0x4 /usr/lib/gcc/i686-linux-gnu/5/crtbeginS.o

.ctors
 *crtbegin.o(.ctors)
 *crtbegin?.o(.ctors)
 *(EXCLUDE_FILE(*crtend?.o *crtend.o) .ctors)
 *(SORT(.ctors.*))
 *(.ctors)

.dtors
 *crtbegin.o(.dtors)
 *crtbegin?.o(.dtors)
 *(EXCLUDE_FILE(*crtend?.o *crtend.o) .dtors)
 *(SORT(.dtors.*))
 *(.dtors)

.jcr            0x0000000000033f18        0x4
 *(.jcr)
 .jcr           0x0000000000033f18        0x0 /usr/lib/gcc/i686-linux-gnu/5/crtbeginS.o
 .jcr           0x0000000000033f18        0x4 /usr/lib/gcc/i686-linux-gnu/5/crtendS.o

.data.rel.ro
 *(.data.rel.ro.local* .gnu.linkonce.d.rel.ro.local.*)
 *(.data.rel.ro .data.rel.ro.* .gnu.linkonce.d.rel.ro.*)

.dynamic        0x0000000000033f1c       0xd0
 *(.dynamic)
 .dynamic       0x0000000000033f1c       0xd0 /usr/lib/gcc/i686-linux-gnu/5/../../../i386-linux-gnu/crti.o
                0x0000000000033f1c                _DYNAMIC

.got            0x0000000000033fec       0x14
 *(.got)
 .got           0x0000000000033fec       0x14 /usr/lib/gcc/i686-linux-gnu/5/../../../i386-linux-gnu/crti.o
 *(.igot)
                0x0000000000034ff4                . = DATA_SEGMENT_RELRO_END (., (SIZEOF (.got.plt) >= 0xc)?0xc:0x0)

.got.plt        0x0000000000034000        0xc
 *(.got.plt)
 .got.plt       0x0000000000034000        0xc /usr/lib/gcc/i686-linux-gnu/5/../../../i386-linux-gnu/crti.o
                0x0000000000034000                _GLOBAL_OFFSET_TABLE_
 *(.igot.plt)

.data           0x0000000000034020      0x484
 *(.data .data.* .gnu.linkonce.d.*)
 .data          0x0000000000034020        0x0 /usr/lib/gcc/i686-linux-gnu/5/../../../i386-linux-gnu/crti.o
 .data          0x0000000000034020        0x0 /usr/lib/gcc/i686-linux-gnu/5/crtbeginS.o
 .data.rel.local
                0x0000000000034020        0x4 /usr/lib/gcc/i686-linux-gnu/5/crtbeginS.o
                0x0000000000034020                __dso_handle
 .data          0x0000000000034024       0x10 co2_CoAP-server.o
                0x0000000000034024                co2_server
 *fill*         0x0000000000034034        0xc 
 .data          0x0000000000034040       0x44 build/cooja/mtype354.o
                0x0000000000034040                simInterfaces
                0x0000000000034074                sensors
 .data          0x0000000000034084        0x0 build/cooja/mtype354.a(simEnvChange.o)
 .data          0x0000000000034084        0x0 build/cooja/mtype354.a(cooja_mt.o)
 .data          0x0000000000034084        0x0 build/cooja/mtype354.a(cooja_mtarch.o)
 .data          0x0000000000034084        0x0 build/cooja/mtype354.a(rtimer-arch.o)
 .data          0x0000000000034084        0x0 build/cooja/mtype354.a(beep.o)
 .data          0x0000000000034084        0x0 build/cooja/mtype354.a(leds-arch.o)
 .data          0x0000000000034084        0x0 build/cooja/mtype354.a(moteid.o)
 .data          0x0000000000034084        0x0 build/cooja/mtype354.a(pir-sensor.o)
 .data          0x0000000000034084        0x0 build/cooja/mtype354.a(rs232.o)
 .data          0x0000000000034084        0x0 build/cooja/mtype354.a(vib-sensor.o)
 .data          0x0000000000034084        0x0 build/cooja/mtype354.a(clock.o)
 .data          0x0000000000034084        0x0 build/cooja/mtype354.a(cooja-log.o)
 .data          0x0000000000034084        0x0 build/cooja/mtype354.a(cfs-cooja.o)
 .data          0x0000000000034084       0x2c build/cooja/mtype354.a(cooja-radio.o)
                0x0000000000034084                simRadioHWOn
                0x0000000000034088                simSignalStrength
                0x000000000003408c                simLastSignalStrength
                0x0000000000034090                simPower
                0x0000000000034094                simRadioChannel
                0x0000000000034098                simLQI
                0x00000000000340a0                cooja_radio_process
 .data          0x00000000000340b0        0x0 build/cooja/mtype354.a(eeprom.o)
 .data          0x00000000000340b0        0x0 build/cooja/mtype354.a(random.o)
 .data          0x00000000000340b0       0x10 build/cooja/mtype354.a(sensors.o)
                0x00000000000340b0                sensors_process
 .data          0x00000000000340c0        0x0 build/cooja/mtype354.a(leds.o)
 .data          0x00000000000340c0        0x0 build/cooja/mtype354.a(gpio-hal-arch.o)
 .data          0x00000000000340c0       0x78 build/cooja/mtype354.a(buttons.o)
                0x00000000000340c0                simButtonIsActive
                0x0000000000034130                button_hal_buttons
 *fill*         0x0000000000034138        0x8 
 .data          0x0000000000034140       0x2c build/cooja/mtype354.a(res-co2.o)
                0x0000000000034140                res_co2
 .data          0x000000000003416c        0x8 build/cooja/mtype354.a(coap-engine.o)
 *fill*         0x0000000000034174        0xc 
 .data          0x0000000000034180       0x24 build/cooja/mtype354.a(coap-res-well-k)
                0x0000000000034180                res_well_known_core
 .data          0x00000000000341a4       0x10 build/cooja/mtype354.a(coap-observe.o)
 .data          0x00000000000341b4       0x10 build/cooja/mtype354.a(coap-uip.o)
                0x00000000000341b4                coap_engine
 .data          0x00000000000341c4        0x4 build/cooja/mtype354.a(coap-timer.o)
 .data          0x00000000000341c8       0x10 build/cooja/mtype354.a(coap-transactio)
 .data          0x00000000000341d8        0x4 build/cooja/mtype354.a(coap.o)
                0x00000000000341d8                coap_error_message
 .data          0x00000000000341dc        0x0 build/cooja/mtype354.a(contiki-main.o)
 .data          0x00000000000341dc        0x0 build/cooja/mtype354.a(autostart.o)
 .data          0x00000000000341dc       0x14 build/cooja/mtype354.a(ctimer.o)
                0x00000000000341e0                ctimer_process
 *fill*         0x00000000000341f0       0x10 
 .data          0x0000000000034200       0xbc build/cooja/mtype354.a(log.o)
                0x0000000000034200                curr_log_level_main
                0x0000000000034220                all_modules
 .data          0x00000000000342bc        0x0 build/cooja/mtype354.a(energest.o)
 .data          0x00000000000342bc       0x10 build/cooja/mtype354.a(etimer.o)
                0x00000000000342bc                etimer_process
 .data          0x00000000000342cc        0x0 build/cooja/mtype354.a(node-id.o)
 .data          0x00000000000342cc        0x0 build/cooja/mtype354.a(rtimer.o)
 .data          0x00000000000342cc        0x0 build/cooja/mtype354.a(process.o)
 .data          0x00000000000342cc        0x0 build/cooja/mtype354.a(timer.o)
 .data          0x00000000000342cc        0x0 build/cooja/mtype354.a(list.o)
 .data          0x00000000000342cc        0x0 build/cooja/mtype354.a(memb.o)
 .data          0x00000000000342cc       0x10 build/cooja/mtype354.a(button-hal.o)
                0x00000000000342cc                button_hal_process
 .data          0x00000000000342dc       0x10 build/cooja/mtype354.a(serial-line.o)
                0x00000000000342dc                serial_line_process
 .data          0x00000000000342ec        0x4 build/cooja/mtype354.a(gpio-hal.o)
 .data          0x00000000000342f0       0x18 build/cooja/mtype354.a(queuebuf.o)
 .data          0x0000000000034308        0x4 build/cooja/mtype354.a(packetbuf.o)
 .data          0x000000000003430c        0x4 build/cooja/mtype354.a(netstack.o)
 .data          0x0000000000034310        0x0 build/cooja/mtype354.a(linkaddr.o)
 .data          0x0000000000034310        0x0 build/cooja/mtype354.a(csma.o)
 .data          0x0000000000034310       0x28 build/cooja/mtype354.a(csma-output.o)
 .data          0x0000000000034338        0x0 build/cooja/mtype354.a(uip-ds6.o)
 .data          0x0000000000034338        0x0 build/cooja/mtype354.a(uip-udp-packet.)
 .data          0x0000000000034338       0x44 build/cooja/mtype354.a(uip-ds6-route.o)
                0x0000000000034348                nbr_routes
 .data          0x000000000003437c       0x10 build/cooja/mtype354.a(tcpip.o)
                0x000000000003437c                tcpip_process
 .data          0x000000000003438c        0x0 build/cooja/mtype354.a(uip6.o)
 .data          0x000000000003438c       0x14 build/cooja/mtype354.a(uip-ds6-nbr.o)
 .data          0x00000000000343a0        0xc build/cooja/mtype354.a(uip-nd6.o)
 .data          0x00000000000343ac        0x0 build/cooja/mtype354.a(sicslowpan.o)
 .data          0x00000000000343ac        0x0 build/cooja/mtype354.a(uiplib.o)
 .data          0x00000000000343ac        0x0 build/cooja/mtype354.a(rpl.o)
 .data          0x00000000000343ac       0x30 build/cooja/mtype354.a(rpl-icmp6.o)
 .data          0x00000000000343dc        0x0 build/cooja/mtype354.a(rpl-dag-root.o)
 .data          0x00000000000343dc        0x0 build/cooja/mtype354.a(watchdog.o)
 .data          0x00000000000343dc        0x0 build/cooja/mtype354.a(int-master.o)
 .data          0x00000000000343dc       0x10 build/cooja/mtype354.a(coap-timer-defa)
                0x00000000000343dc                coap_timer_process
 .data          0x00000000000343ec        0x0 build/cooja/mtype354.a(stimer.o)
 .data          0x00000000000343ec        0x0 build/cooja/mtype354.a(ringbuf.o)
 .data          0x00000000000343ec        0x0 build/cooja/mtype354.a(assert.o)
 .data          0x00000000000343ec       0x10 build/cooja/mtype354.a(nbr-table.o)
 .data          0x00000000000343fc       0x14 build/cooja/mtype354.a(link-stats.o)
 .data          0x0000000000034410        0x0 build/cooja/mtype354.a(mac-sequence.o)
 .data          0x0000000000034410        0x0 build/cooja/mtype354.a(mac.o)
 .data          0x0000000000034410        0x0 build/cooja/mtype354.a(framer-802154.o)
 .data          0x0000000000034410        0x2 build/cooja/mtype354.a(frame802154.o)
 .data          0x0000000000034412        0x0 build/cooja/mtype354.a(csma-security.o)
 .data          0x0000000000034412        0x0 build/cooja/mtype354.a(uipbuf.o)
 *fill*         0x0000000000034412        0x2 
 .data          0x0000000000034414       0x20 build/cooja/mtype354.a(uip-icmp6.o)
 .data          0x0000000000034434       0x10 build/cooja/mtype354.a(uip-sr.o)
 .data          0x0000000000034444        0xc build/cooja/mtype354.a(uip-packetqueue)
 .data          0x0000000000034450        0x0 build/cooja/mtype354.a(rpl-nbr-policy.)
 .data          0x0000000000034450       0x14 build/cooja/mtype354.a(rpl-neighbor.o)
                0x0000000000034460                rpl_neighbors
 .data          0x0000000000034464        0x0 build/cooja/mtype354.a(rpl-dag.o)
 .data          0x0000000000034464        0x0 build/cooja/mtype354.a(rpl-timers.o)
 .data          0x0000000000034464        0x0 build/cooja/mtype354.a(rpl-ext-header.)
 *fill*         0x0000000000034464       0x1c 
 .data          0x0000000000034480       0x24 build/cooja/mtype354.a(rpl-mrhof.o)
                0x0000000000034480                rpl_mrhof
 .data          0x00000000000344a4        0x0 /usr/lib/gcc/i686-linux-gnu/5/libgcc.a(_udivdi3.o)
 .data          0x00000000000344a4        0x0 /usr/lib/gcc/i686-linux-gnu/5/crtendS.o
 .data          0x00000000000344a4        0x0 /usr/lib/gcc/i686-linux-gnu/5/../../../i386-linux-gnu/crtn.o

.tm_clone_table
                0x00000000000344a4        0x0
 .tm_clone_table
                0x00000000000344a4        0x0 /usr/lib/gcc/i686-linux-gnu/5/crtbeginS.o
 .tm_clone_table
                0x00000000000344a4        0x0 /usr/lib/gcc/i686-linux-gnu/5/crtendS.o

.data1
 *(.data1)
                0x00000000000344a4                _edata = .
                [!provide]                        PROVIDE (edata, .)
                0x00000000000344a4                . = .
                0x00000000000344a4                __bss_start = .

.bss            0x00000000000344c0     0xf144
 *(.dynbss)
 .dynbss        0x00000000000344c0        0x0 /usr/lib/gcc/i686-linux-gnu/5/../../../i386-linux-gnu/crti.o
 *(.bss .bss.* .gnu.linkonce.b.*)
 .bss           0x00000000000344c0        0x0 /usr/lib/gcc/i686-linux-gnu/5/../../../i386-linux-gnu/crti.o
 .bss           0x00000000000344c0        0x1 /usr/lib/gcc/i686-linux-gnu/5/crtbeginS.o
 *fill*         0x00000000000344c1        0x3 
 .bss           0x00000000000344c4       0x20 co2_CoAP-server.o
 *fill*         0x00000000000344e4       0x1c 
 .bss           0x0000000000034500     0x2030 build/cooja/mtype354.o
 .bss           0x0000000000036530        0x1 build/cooja/mtype354.a(simEnvChange.o)
                0x0000000000036530                simDontFallAsleep
 *fill*         0x0000000000036531        0x3 
 .bss           0x0000000000036534        0x4 build/cooja/mtype354.a(cooja_mt.o)
 .bss           0x0000000000036538        0x4 build/cooja/mtype354.a(cooja_mtarch.o)
 .bss           0x000000000003653c        0x0 build/cooja/mtype354.a(rtimer-arch.o)
 .bss           0x000000000003653c        0x0 build/cooja/mtype354.a(beep.o)
 .bss           0x000000000003653c        0x1 build/cooja/mtype354.a(leds-arch.o)
                0x000000000003653c                simLedsValue
 .bss           0x000000000003653d        0x0 build/cooja/mtype354.a(moteid.o)
 .bss           0x000000000003653d        0x1 build/cooja/mtype354.a(pir-sensor.o)
                0x000000000003653d                simPirValue
 *fill*         0x000000000003653e        0x2 
 .bss           0x0000000000036540        0x4 build/cooja/mtype354.a(rs232.o)
 .bss           0x0000000000036544        0x1 build/cooja/mtype354.a(vib-sensor.o)
                0x0000000000036544                simVibValue
 .bss           0x0000000000036545        0x0 build/cooja/mtype354.a(clock.o)
 *fill*         0x0000000000036545       0x1b 
 .bss           0x0000000000036560     0x2020 build/cooja/mtype354.a(cooja-log.o)
 .bss           0x0000000000038580      0xfc0 build/cooja/mtype354.a(cfs-cooja.o)
                0x0000000000038580                simCFSData
                0x0000000000039520                simCFSSize
                0x0000000000039524                simCFSChanged
                0x0000000000039528                simCFSRead
                0x000000000003952c                simCFSWritten
 .bss           0x0000000000039540       0x24 build/cooja/mtype354.a(cooja-radio.o)
                0x0000000000039540                simReceiving
                0x0000000000039544                simInSize
                0x0000000000039548                simLastPacketTimestamp
                0x0000000000039550                simOutSize
 .bss           0x0000000000039564        0xc build/cooja/mtype354.a(eeprom.o)
                0x0000000000039564                simEEPROMChanged
                0x0000000000039568                simEEPROMRead
                0x000000000003956c                simEEPROMWritten
 .bss           0x0000000000039570        0x0 build/cooja/mtype354.a(random.o)
 .bss           0x0000000000039570        0xc build/cooja/mtype354.a(sensors.o)
 .bss           0x000000000003957c        0x0 build/cooja/mtype354.a(leds.o)
 .bss           0x000000000003957c       0x24 build/cooja/mtype354.a(gpio-hal-arch.o)
 .bss           0x00000000000395a0        0x0 build/cooja/mtype354.a(buttons.o)
 .bss           0x00000000000395a0        0x1 build/cooja/mtype354.a(res-co2.o)
                0x00000000000395a0                ventilation_on
 *fill*         0x00000000000395a1       0x1f 
 .bss           0x00000000000395c0      0x190 build/cooja/mtype354.a(coap-engine.o)
 .bss           0x0000000000039750        0x0 build/cooja/mtype354.a(coap-res-well-k)
 *fill*         0x0000000000039750       0x10 
 .bss           0x0000000000039760      0x120 build/cooja/mtype354.a(coap-observe.o)
 .bss           0x0000000000039880       0x18 build/cooja/mtype354.a(coap-uip.o)
 .bss           0x0000000000039898        0x5 build/cooja/mtype354.a(coap-timer.o)
 *fill*         0x000000000003989d        0x3 
 .bss           0x00000000000398a0      0x334 build/cooja/mtype354.a(coap-transactio)
 .bss           0x0000000000039bd4        0x6 build/cooja/mtype354.a(coap.o)
                0x0000000000039bd4                coap_status_code
 .bss           0x0000000000039bda        0x0 build/cooja/mtype354.a(contiki-main.o)
 .bss           0x0000000000039bda        0x0 build/cooja/mtype354.a(autostart.o)
 *fill*         0x0000000000039bda        0x2 
 .bss           0x0000000000039bdc        0x5 build/cooja/mtype354.a(ctimer.o)
 *fill*         0x0000000000039be1        0x3 
 .bss           0x0000000000039be4       0x2c build/cooja/mtype354.a(log.o)
                0x0000000000039be4                curr_log_level_rpl
                0x0000000000039be8                curr_log_level_tcpip
                0x0000000000039bec                curr_log_level_ipv6
                0x0000000000039bf0                curr_log_level_6lowpan
                0x0000000000039bf4                curr_log_level_nullnet
                0x0000000000039bf8                curr_log_level_mac
                0x0000000000039bfc                curr_log_level_framer
                0x0000000000039c00                curr_log_level_6top
                0x0000000000039c04                curr_log_level_coap
                0x0000000000039c08                curr_log_level_snmp
                0x0000000000039c0c                curr_log_level_lwm2m
 .bss           0x0000000000039c10        0x0 build/cooja/mtype354.a(energest.o)
 .bss           0x0000000000039c10        0x8 build/cooja/mtype354.a(etimer.o)
 .bss           0x0000000000039c18        0x2 build/cooja/mtype354.a(node-id.o)
                0x0000000000039c18                node_id
 *fill*         0x0000000000039c1a        0x2 
 .bss           0x0000000000039c1c        0x4 build/cooja/mtype354.a(rtimer.o)
 .bss           0x0000000000039c20      0x1a1 build/cooja/mtype354.a(process.o)
                0x0000000000039c20                process_list
                0x0000000000039c24                process_current
 .bss           0x0000000000039dc1        0x0 build/cooja/mtype354.a(timer.o)
 .bss           0x0000000000039dc1        0x0 build/cooja/mtype354.a(list.o)
 .bss           0x0000000000039dc1        0x0 build/cooja/mtype354.a(memb.o)
 *fill*         0x0000000000039dc1        0x3 
 .bss           0x0000000000039dc4       0x10 build/cooja/mtype354.a(button-hal.o)
 *fill*         0x0000000000039dd4        0xc 
 .bss           0x0000000000039de0      0x140 build/cooja/mtype354.a(serial-line.o)
 .bss           0x0000000000039f20        0x4 build/cooja/mtype354.a(gpio-hal.o)
 *fill*         0x0000000000039f24       0x1c 
 .bss           0x0000000000039f40     0x2c80 build/cooja/mtype354.a(queuebuf.o)
 .bss           0x000000000003cbc0       0xa0 build/cooja/mtype354.a(packetbuf.o)
 .bss           0x000000000003cc60        0x4 build/cooja/mtype354.a(netstack.o)
 .bss           0x000000000003cc64        0x0 build/cooja/mtype354.a(linkaddr.o)
 .bss           0x000000000003cc64        0x0 build/cooja/mtype354.a(csma.o)
 *fill*         0x000000000003cc64       0x1c 
 .bss           0x000000000003cc80      0x726 build/cooja/mtype354.a(csma-output.o)
 *fill*         0x000000000003d3a6        0x2 
 .bss           0x000000000003d3a8       0x30 build/cooja/mtype354.a(uip-ds6.o)
 .bss           0x000000000003d3d8        0x0 build/cooja/mtype354.a(uip-udp-packet.)
 *fill*         0x000000000003d3d8        0x8 
 .bss           0x000000000003d3e0      0x2a4 build/cooja/mtype354.a(uip-ds6-route.o)
 .bss           0x000000000003d684       0x10 build/cooja/mtype354.a(tcpip.o)
 .bss           0x000000000003d694        0x8 build/cooja/mtype354.a(uip6.o)
                0x000000000003d694                uip_ext_bitmap
                0x000000000003d696                uip_ext_len
                0x000000000003d698                uip_last_proto
 *fill*         0x000000000003d69c        0x4 
 .bss           0x000000000003d6a0       0xf0 build/cooja/mtype354.a(uip-ds6-nbr.o)
 .bss           0x000000000003d790       0x10 build/cooja/mtype354.a(uip-nd6.o)
 .bss           0x000000000003d7a0      0x724 build/cooja/mtype354.a(sicslowpan.o)
 .bss           0x000000000003dec4        0x0 build/cooja/mtype354.a(uiplib.o)
 .bss           0x000000000003dec4        0x1 build/cooja/mtype354.a(rpl.o)
 .bss           0x000000000003dec5        0x0 build/cooja/mtype354.a(rpl-icmp6.o)
 *fill*         0x000000000003dec5        0x3 
 .bss           0x000000000003dec8       0x11 build/cooja/mtype354.a(rpl-dag-root.o)
 .bss           0x000000000003ded9        0x0 build/cooja/mtype354.a(watchdog.o)
 *fill*         0x000000000003ded9        0x3 
 .bss           0x000000000003dedc        0x4 build/cooja/mtype354.a(int-master.o)
 .bss           0x000000000003dee0       0x1c build/cooja/mtype354.a(coap-timer-defa)
 .bss           0x000000000003defc        0x0 build/cooja/mtype354.a(stimer.o)
 .bss           0x000000000003defc        0x0 build/cooja/mtype354.a(ringbuf.o)
 .bss           0x000000000003defc        0x0 build/cooja/mtype354.a(assert.o)