Archive member included to satisfy reference by file (symbol)

build/cooja/mtype537.a(simEnvChange.o)
                              build/cooja/mtype537.o (simDontFallAsleep)
build/cooja/mtype537.a(cooja_mt.o)
                              build/cooja/mtype537.o (cooja_mt_start)
build/cooja/mtype537.a(cooja_mtarch.o)
                              build/cooja/mtype537.a(cooja_mt.o) (cooja_mtarch_start)
build/cooja/mtype537.a(rtimer-arch.o)
                              build/cooja/mtype537.o (rtimer_arch_check)
build/cooja/mtype537.a(beep.o)
                              build/cooja/mtype537.o (beep_interface)
build/cooja/mtype537.a(leds-arch.o)
                              build/cooja/mtype537.o (leds_interface)
build/cooja/mtype537.a(moteid.o)
                              build/cooja/mtype537.o (moteid_interface)
build/cooja/mtype537.a(pir-sensor.o)
                              build/cooja/mtype537.o (pir_interface)
build/cooja/mtype537.a(rs232.o)
                              build/cooja/mtype537.o (rs232_interface)
build/cooja/mtype537.a(vib-sensor.o)
                              build/cooja/mtype537.o (vib_interface)
build/cooja/mtype537.a(clock.o)
                              build/cooja/mtype537.o (clock_interface)
build/cooja/mtype537.a(cooja-log.o)
                              build/cooja/mtype537.o (simlog_interface)
build/cooja/mtype537.a(cfs-cooja.o)
                              build/cooja/mtype537.o (cfs_interface)
build/cooja/mtype537.a(cooja-radio.o)
                              build/cooja/mtype537.o (radio_interface)
build/cooja/mtype537.a(eeprom.o)
                              build/cooja/mtype537.o (eeprom_interface)
build/cooja/mtype537.a(random.o)
                              build/cooja/mtype537.a(moteid.o) (random_init)
build/cooja/mtype537.a(sensors.o)
                              build/cooja/mtype537.a(pir-sensor.o) (sensors_changed)
build/cooja/mtype537.a(leds.o)
                              air_quality_CoAP-server.o (leds_set)
build/cooja/mtype537.a(gpio-hal-arch.o)
                              build/cooja/mtype537.a(leds-arch.o) (gpio_hal_arch_register_pin_callback)
build/cooja/mtype537.a(buttons.o)
                              build/cooja/mtype537.o (button_interface)
build/cooja/mtype537.a(res-ventilation)
                              air_quality_CoAP-server.o (res_ventilation_system)
build/cooja/mtype537.a(res-co2_sensor.)
                              air_quality_CoAP-server.o (res_co2_sensor)
build/cooja/mtype537.a(coap-engine.o)
                              air_quality_CoAP-server.o (coap_activate_resource)
build/cooja/mtype537.a(coap-res-well-k)
                              build/cooja/mtype537.a(coap-engine.o) (res_well_known_core)
build/cooja/mtype537.a(coap-observe.o)
                              build/cooja/mtype537.a(coap-engine.o) (coap_remove_observer_by_mid)
build/cooja/mtype537.a(coap-uip.o)
                              build/cooja/mtype537.a(coap-observe.o) (coap_endpoint_copy)
build/cooja/mtype537.a(coap-timer.o)
                              build/cooja/mtype537.a(coap-engine.o) (coap_timer_set)
build/cooja/mtype537.a(coap-transactio)
                              build/cooja/mtype537.a(coap-engine.o) (coap_send_transaction)
build/cooja/mtype537.a(coap.o)
                              build/cooja/mtype537.a(coap-engine.o) (coap_status_code)
build/cooja/mtype537.a(contiki-main.o)
                              build/cooja/mtype537.o (main)
build/cooja/mtype537.a(autostart.o)
                              build/cooja/mtype537.a(contiki-main.o) (autostart_start)
build/cooja/mtype537.a(ctimer.o)
                              build/cooja/mtype537.a(contiki-main.o) (ctimer_init)
build/cooja/mtype537.a(log.o)
                              build/cooja/mtype537.a(contiki-main.o) (curr_log_level_main)
build/cooja/mtype537.a(energest.o)
                              build/cooja/mtype537.a(contiki-main.o) (energest_init)
build/cooja/mtype537.a(etimer.o)
                              build/cooja/mtype537.a(contiki-main.o) (etimer_process)
build/cooja/mtype537.a(node-id.o)
                              build/cooja/mtype537.a(contiki-main.o) (node_id)
build/cooja/mtype537.a(rtimer.o)
                              build/cooja/mtype537.a(contiki-main.o) (rtimer_init)
build/cooja/mtype537.a(process.o)
                              air_quality_CoAP-server.o (process_current)
build/cooja/mtype537.a(timer.o)
                              build/cooja/mtype537.a(etimer.o) (timer_set)
build/cooja/mtype537.a(list.o)
                              build/cooja/mtype537.a(coap-engine.o) (list_init)
build/cooja/mtype537.a(memb.o)
                              build/cooja/mtype537.a(coap-observe.o) (memb_alloc)
build/cooja/mtype537.a(button-hal.o)
                              build/cooja/mtype537.o (button_hal_init)
build/cooja/mtype537.a(serial-line.o)
                              build/cooja/mtype537.a(rs232.o) (serial_line_input_byte)
[...]
Memory Configuration

Name             Origin             Length             Attributes
*default*        0x0000000000000000 0xffffffffffffffff

Linker script and memory map

LOAD /usr/lib/gcc/i686-linux-gnu/5/../../../i386-linux-gnu/crti.o
LOAD /usr/lib/gcc/i686-linux-gnu/5/crtbeginS.o
LOAD air_quality_CoAP-server.o
LOAD build/cooja/mtype537.o
LOAD build/cooja/mtype537.a
LOAD /usr/lib/gcc/i686-linux-gnu/5/libgcc.a
LOAD /usr/lib/gcc/i686-linux-gnu/5/libgcc_s.so
LOAD /usr/lib/gcc/i686-linux-gnu/5/../../../i386-linux-gnu/libc.so
START GROUP
LOAD /lib/i386-linux-gnu/libc.so.6
LOAD /usr/lib/i386-linux-gnu/libc_nonshared.a
LOAD /lib/i386-linux-gnu/ld-linux.so.2
END GROUP
LOAD /usr/lib/gcc/i686-linux-gnu/5/libgcc.a
LOAD /usr/lib/gcc/i686-linux-gnu/5/libgcc_s.so
LOAD /usr/lib/gcc/i686-linux-gnu/5/crtendS.o
LOAD /usr/lib/gcc/i686-linux-gnu/5/../../../i386-linux-gnu/crtn.o
                0x0000000000000114                . = (0x0 + SIZEOF_HEADERS)

.note.gnu.build-id
                0x0000000000000114       0x24
 *(.note.gnu.build-id)
 .note.gnu.build-id
                0x0000000000000114       0x24 /usr/lib/gcc/i686-linux-gnu/5/../../../i386-linux-gnu/crti.o

.hash
 *(.hash)

.gnu.hash       0x0000000000000138     0x1594
 *(.gnu.hash)
 .gnu.hash      0x0000000000000138     0x1594 /usr/lib/gcc/i686-linux-gnu/5/../../../i386-linux-gnu/crti.o

.dynsym         0x00000000000016cc     0x2ee0
 *(.dynsym)
 .dynsym        0x00000000000016cc     0x2ee0 /usr/lib/gcc/i686-linux-gnu/5/../../../i386-linux-gnu/crti.o

.dynstr         0x00000000000045ac     0x36a0
 *(.dynstr)
 .dynstr        0x00000000000045ac     0x36a0 /usr/lib/gcc/i686-linux-gnu/5/../../../i386-linux-gnu/crti.o

.gnu.version    0x0000000000007c4c      0x5dc
 *(.gnu.version)
 .gnu.version   0x0000000000007c4c      0x5dc /usr/lib/gcc/i686-linux-gnu/5/../../../i386-linux-gnu/crti.o

.gnu.version_d  0x0000000000008228        0x0
 *(.gnu.version_d)
 .gnu.version_d
                0x0000000000008228        0x0 /usr/lib/gcc/i686-linux-gnu/5/../../../i386-linux-gnu/crti.o

.gnu.version_r  0x0000000000008228       0x40
 *(.gnu.version_r)
 .gnu.version_r
                0x0000000000008228       0x40 /usr/lib/gcc/i686-linux-gnu/5/../../../i386-linux-gnu/crti.o

.rel.dyn        0x0000000000008268     0x9388
 *(.rel.init)
 .rel.init      0x0000000000008268        0x0 /usr/lib/gcc/i686-linux-gnu/5/../../../i386-linux-gnu/crti.o
 *(.rel.text .rel.text.* .rel.gnu.linkonce.t.*)
 .rel.text      0x0000000000008268     0x8988 /usr/lib/gcc/i686-linux-gnu/5/../../../i386-linux-gnu/crti.o
 *(.rel.fini)
 .rel.fini      0x0000000000010bf0        0x0 /usr/lib/gcc/i686-linux-gnu/5/../../../i386-linux-gnu/crti.o
 *(.rel.rodata .rel.rodata.* .rel.gnu.linkonce.r.*)
 .rel.rodata    0x0000000000010bf0      0x588 /usr/lib/gcc/i686-linux-gnu/5/../../../i386-linux-gnu/crti.o
 *(.rel.data.rel.ro .rel.data.rel.ro.* .rel.gnu.linkonce.d.rel.ro.*)
 *(.rel.data .rel.data.* .rel.gnu.linkonce.d.*)
 .rel.data.rel.local
                0x0000000000011178        0x8 /usr/lib/gcc/i686-linux-gnu/5/../../../i386-linux-gnu/crti.o
 .rel.data      0x0000000000011180      0x438 /usr/lib/gcc/i686-linux-gnu/5/../../../i386-linux-gnu/crti.o
 *(.rel.tdata .rel.tdata.* .rel.gnu.linkonce.td.*)
 *(.rel.tbss .rel.tbss.* .rel.gnu.linkonce.tb.*)
 *(.rel.ctors)
 *(.rel.dtors)
 *(.rel.got)
 .rel.got       0x00000000000115b8       0x28 /usr/lib/gcc/i686-linux-gnu/5/../../../i386-linux-gnu/crti.o
 *(.rel.bss .rel.bss.* .rel.gnu.linkonce.b.*)
 *(.rel.ifunc)
 .rel.ifunc     0x00000000000115e0        0x0 /usr/lib/gcc/i686-linux-gnu/5/../../../i386-linux-gnu/crti.o
 .rel.fini_array
                0x00000000000115e0        0x8 /usr/lib/gcc/i686-linux-gnu/5/../../../i386-linux-gnu/crti.o
 .rel.init_array
                0x00000000000115e8        0x8 /usr/lib/gcc/i686-linux-gnu/5/../../../i386-linux-gnu/crti.o

.rel.plt        0x00000000000115f0        0x0
 *(.rel.plt)
 .rel.plt       0x00000000000115f0        0x0 /usr/lib/gcc/i686-linux-gnu/5/../../../i386-linux-gnu/crti.o
 *(.rel.iplt)

.init           0x00000000000115f0       0x23
 *(SORT(.init))
 .init          0x00000000000115f0       0x1e /usr/lib/gcc/i686-linux-gnu/5/../../../i386-linux-gnu/crti.o
                0x00000000000115f0                _init
 .init          0x000000000001160e        0x5 /usr/lib/gcc/i686-linux-gnu/5/../../../i386-linux-gnu/crtn.o

.plt            0x0000000000011620       0x10
 *(.plt)
 .plt           0x0000000000011620       0x10 /usr/lib/gcc/i686-linux-gnu/5/../../../i386-linux-gnu/crti.o
 *(.iplt)

.plt.got        0x0000000000011630       0x10
 *(.plt.got)
 .plt.got       0x0000000000011630       0x10 /usr/lib/gcc/i686-linux-gnu/5/../../../i386-linux-gnu/crti.o

.text           0x0000000000011640    0x18a52
 *(.text.unlikely .text.*_unlikely .text.unlikely.*)
 .text.unlikely
                0x0000000000011640        0x0 /usr/lib/gcc/i686-linux-gnu/5/crtbeginS.o
 .text.unlikely
                0x0000000000011640        0x0 /usr/lib/gcc/i686-linux-gnu/5/libgcc.a(_udivdi3.o)
 *(.text.exit .text.exit.*)
 *(.text.startup .text.startup.*)
 *(.text.hot .text.hot.*)
 *(.text .stub .text.* .gnu.linkonce.t.*)
 .text          0x0000000000011640        0x0 /usr/lib/gcc/i686-linux-gnu/5/../../../i386-linux-gnu/crti.o
 .gnu.linkonce.t.__x86.get_pc_thunk.bx
                0x0000000000011640        0x4 /usr/lib/gcc/i686-linux-gnu/5/../../../i386-linux-gnu/crti.o
                0x0000000000011640                __x86.get_pc_thunk.bx
 *fill*         0x0000000000011644        0xc 
 .text          0x0000000000011650      0x11c /usr/lib/gcc/i686-linux-gnu/5/crtbeginS.o
 .text.__x86.get_pc_thunk.dx
                0x000000000001176c        0x4 /usr/lib/gcc/i686-linux-gnu/5/crtbeginS.o
                0x000000000001176c                __x86.get_pc_thunk.dx
 .text          0x0000000000011770      0x246 air_quality_CoAP-server.o
 .text          0x00000000000119b6      0x283 build/cooja/mtype537.o
                0x0000000000011a48                platform_init_stage_one
                0x0000000000011a5b                platform_init_stage_two
                0x0000000000011a6e                platform_init_stage_three
                0x0000000000011a81                platform_main_loop
                0x0000000000011af4                Java_org_contikios_cooja_corecomm_Lib18_init
                0x0000000000011b2b                Java_org_contikios_cooja_corecomm_Lib18_getMemory
                0x0000000000011b5e                Java_org_contikios_cooja_corecomm_Lib18_setMemory
                0x0000000000011bbe                Java_org_contikios_cooja_corecomm_Lib18_tick
                0x0000000000011c26                Java_org_contikios_cooja_corecomm_Lib18_setReferenceAddress
 .text          0x0000000000011c39       0x65 build/cooja/mtype537.a(simEnvChange.o)
                0x0000000000011c39                doActionsBeforeTick
                0x0000000000011c6b                doActionsAfterTick
 .text          0x0000000000011c9e       0x83 build/cooja/mtype537.a(cooja_mt.o)
                0x0000000000011c9e                cooja_mt_start
                0x0000000000011cc8                cooja_mt_exec
                0x0000000000011cfe                cooja_mt_yield
 .text          0x0000000000011d21       0xbe build/cooja/mtype537.a(cooja_mtarch.o)
                0x0000000000011d21                cooja_mtarch_start
                0x0000000000011d94                cooja_sw
                0x0000000000011db7                cooja_mtarch_exec
                0x0000000000011dd4                cooja_mtarch_yield
 .text          0x0000000000011ddf       0xc5 build/cooja/mtype537.a(rtimer-arch.o)
                0x0000000000011ddf                rtimer_arch_init
                0x0000000000011e03                rtimer_arch_schedule
                0x0000000000011e33                rtimer_arch_next
                0x0000000000011e43                rtimer_arch_pending
                0x0000000000011e4d                rtimer_arch_check
                0x0000000000011e94                rtimer_arch_now
 .text          0x0000000000011ea4       0x81 build/cooja/mtype537.a(beep.o)
                0x0000000000011ea4                beep_alarm
                0x0000000000011eb1                beep_beep
                0x0000000000011ebe                beep
                0x0000000000011ecb                beep_down
                0x0000000000011ed8                beep_on
                0x0000000000011ee5                beep_off
                0x0000000000011ef2                beep_spinup
                0x0000000000011eff                beep_quick
                0x0000000000011f0c                beep_long
 .text          0x0000000000011f25       0x65 build/cooja/mtype537.a(leds-arch.o)
                0x0000000000011f38                leds_arch_init
 .text          0x0000000000011f8a       0x35 build/cooja/mtype537.a(moteid.o)
 .text          0x0000000000011fbf       0xb7 build/cooja/mtype537.a(pir-sensor.o)
 .text          0x0000000000012076      0x148 build/cooja/mtype537.a(rs232.o)
                0x0000000000012076                rs232_init
                0x000000000001207c                rs232_set_speed
                0x000000000001208b                rs232_set_input
                0x0000000000012099                rs232_send
                0x00000000000120bd                rs232_print
                0x00000000000120d9                slip_arch_writeb
 .text          0x00000000000121be       0xb7 build/cooja/mtype537.a(vib-sensor.o)
 .text          0x0000000000012275       0x38 build/cooja/mtype537.a(clock.o)
                0x0000000000012275                clock_init
                0x000000000001227b                clock_time
                0x0000000000012285                clock_seconds
                0x000000000001229b                clock_delay
 .text          0x00000000000122ad      0x219 build/cooja/mtype537.a(cooja-log.o)
                0x00000000000122ad                simlog_char
                0x00000000000122f0                simlog
                0x0000000000012366                log_message
                0x0000000000012397                log_set_putchar_with_slip
                0x00000000000123a5                log_putchar
                0x0000000000012420                log_puts
                0x0000000000012448                log_printf
 .text          0x00000000000124c6      0x2b9 build/cooja/mtype537.a(cfs-cooja.o)
                0x00000000000124c6                cfs_open
                0x000000000001252f                cfs_close
                0x000000000001253c                cfs_read
                0x00000000000125d1                cfs_write
                0x00000000000126ad                cfs_seek
                0x0000000000012735                cfs_remove
                0x0000000000012759                cfs_opendir
                0x0000000000012763                cfs_readdir
                0x000000000001276d                cfs_closedir
 .text          0x000000000001277f      0x620 build/cooja/mtype537.a(cooja-radio.o)
                0x00000000000127c1                radio_set_channel
                0x00000000000127cf                radio_set_txpower
                0x00000000000127e7                radio_signal_strength_last
                0x00000000000127f1                radio_signal_strength_current
                0x00000000000127fb                radio_LQI
 .text          0x0000000000012d9f       0xee build/cooja/mtype537.a(eeprom.o)
                0x0000000000012d9f                eeprom_init
                0x0000000000012da5                eeprom_read
                0x0000000000012e13                eeprom_write
 .text          0x0000000000012e8d       0x2d build/cooja/mtype537.a(random.o)
                0x0000000000012e8d                random_init
                0x0000000000012ead                random_rand
 .text          0x0000000000012eba      0x29c build/cooja/mtype537.a(sensors.o)
                0x0000000000012ef5                sensors_first
                0x0000000000012eff                sensors_next
                0x0000000000012f19                sensors_changed
                0x0000000000012f4d                sensors_find
 .text          0x0000000000013156      0x349 build/cooja/mtype537.a(leds.o)
                0x0000000000013156                leds_init
                0x000000000001319d                leds_single_on
                0x00000000000131fc                leds_single_off
                0x000000000001325b                leds_single_toggle
                0x000000000001328d                leds_on
                0x000000000001330f                leds_off
                0x0000000000013391                leds_toggle
                0x00000000000133e6                leds_set
                0x0000000000013412                leds_get
 .text          0x000000000001349f      0x343 build/cooja/mtype537.a(gpio-hal-arch.o)
                0x000000000001349f                gpio_hal_arch_register_pin_callback
                0x000000000001350b                gpio_hal_arch_init
                0x0000000000013550                gpio_hal_arch_no_port_interrupt_enable
                0x0000000000013580                gpio_hal_arch_no_port_interrupt_disable
                0x00000000000135b0                gpio_hal_arch_no_port_pin_cfg_set
                0x00000000000135d5                gpio_hal_arch_no_port_pin_cfg_get
                0x00000000000135fb                gpio_hal_arch_no_port_pin_set_input
                0x000000000001360d                gpio_hal_arch_no_port_pin_set_output
                0x000000000001361f                gpio_hal_arch_no_port_set_pin
                0x0000000000013640                gpio_hal_arch_no_port_clear_pin
                0x0000000000013661                gpio_hal_arch_no_port_read_pin
                0x0000000000013687                gpio_hal_arch_no_port_write_pin
                0x00000000000136b1                gpio_hal_arch_no_port_set_pins
                0x00000000000136f8                gpio_hal_arch_no_port_clear_pins
                0x000000000001373f                gpio_hal_arch_no_port_read_pins
                0x0000000000013782                gpio_hal_arch_no_port_write_pins
 .text          0x00000000000137e2       0x89 build/cooja/mtype537.a(buttons.o)
 .text          0x000000000001386b      0x18f build/cooja/mtype537.a(res-ventilation)
 .text          0x00000000000139fa      0x155 build/cooja/mtype537.a(res-co2_sensor.)
 .text          0x0000000000013b4f      0xbea build/cooja/mtype537.a(coap-engine.o)
                0x0000000000013be4                coap_add_handler
                0x0000000000013c01                coap_remove_handler
                0x0000000000013c1e                coap_call_handlers
                0x0000000000013d26                coap_receive
                0x0000000000014321                coap_engine_init
                0x000000000001437f                coap_activate_resource
                0x000000000001442a                coap_get_first_resource
                0x0000000000014443                coap_get_next_resource
 .text          0x0000000000014739      0x2d9 build/cooja/mtype537.a(coap-res-well-k)
 .text          0x0000000000014a12      0x96a build/cooja/mtype537.a(coap-observe.o)
                0x0000000000014b27                coap_remove_observer
                0x0000000000014b57                coap_remove_observer_by_client
                0x0000000000014bbf                coap_remove_observer_by_token
                0x0000000000014c52                coap_remove_observer_by_uri
                0x0000000000014cf9                coap_remove_observer_by_mid
                0x0000000000014d75                coap_notify_observers
                0x0000000000014d8e                coap_notify_observers_sub
                0x00000000000151f8                coap_observe_handler
                0x0000000000015313                coap_has_observers
 .text          0x000000000001537c      0x733 build/cooja/mtype537.a(coap-uip.o)
                0x000000000001537c                coap_endpoint_log
                0x0000000000015402                coap_endpoint_print
                0x0000000000015488                coap_endpoint_snprint
                0x00000000000155bb                coap_endpoint_copy
                0x00000000000155f8                coap_endpoint_cmp
                0x0000000000015706                coap_endpoint_parse
                0x00000000000158f1                coap_endpoint_is_secure
                0x0000000000015900                coap_endpoint_is_connected
                0x0000000000015934                coap_endpoint_connect
                0x0000000000015950                coap_endpoint_disconnect
                0x0000000000015956                coap_databuf
                0x0000000000015960                coap_transport_init
                0x00000000000159b0                coap_sendto
 .text          0x0000000000015aaf      0x324 build/cooja/mtype537.a(coap-timer.o)
                0x0000000000015bac                coap_timer_stop
                0x0000000000015bd7                coap_timer_set
                0x0000000000015c1a                coap_timer_reset
                0x0000000000015c5d                coap_timer_time_to_next_expiration
                0x0000000000015cc9                coap_timer_run
                0x0000000000015d95                coap_timer_init
 .text          0x0000000000015dd3      0x2c6 build/cooja/mtype537.a(coap-transactio)
                0x0000000000015e39                coap_new_transaction
                0x0000000000015e9f                coap_send_transaction
                0x0000000000016000                coap_clear_transaction
                0x0000000000016048                coap_get_transaction_by_mid
 .text          0x0000000000016099     0x1c53 build/cooja/mtype537.a(coap.o)
                0x0000000000016606                coap_init_connection
                0x000000000001661a                coap_get_mid
                0x0000000000016636                coap_init_message
                0x000000000001667f                coap_serialize_message
                0x0000000000016d01                coap_parse_message
                0x0000000000017368                coap_get_query_variable
                0x00000000000173aa                coap_get_post_variable
                0x00000000000173ee                coap_set_status_code
                0x0000000000017413                coap_set_token
                0x000000000001745a                coap_get_header_content_format
                0x000000000001748b                coap_set_header_content_format
                0x00000000000174ae                coap_get_header_accept
                0x00000000000174df                coap_set_header_accept
                0x0000000000017502                coap_get_header_max_age
                0x0000000000017533                coap_set_header_max_age
                0x0000000000017553                coap_get_header_etag
                0x0000000000017585                coap_set_header_etag
                0x00000000000175dc                coap_get_header_if_match
                0x000000000001760e                coap_set_header_if_match
                0x0000000000017665                coap_get_header_if_none_match
                0x000000000001767f                coap_set_header_if_none_match
                0x0000000000017696                coap_get_header_proxy_uri
                0x00000000000176c4                coap_set_header_proxy_uri
                0x0000000000017701                coap_get_header_uri_host
                0x000000000001772f                coap_set_header_uri_host
                0x000000000001776c                coap_get_header_uri_path
                0x000000000001779a                coap_set_header_uri_path
                0x00000000000177e7                coap_get_header_uri_query
                0x000000000001781b                coap_set_header_uri_query
                0x0000000000017871                coap_get_header_location_path
                0x000000000001789f                coap_set_header_location_path
                0x0000000000017938                coap_get_header_location_query
                0x0000000000017966                coap_set_header_location_query
                0x00000000000179b3                coap_get_header_observe
                0x00000000000179e2                coap_set_header_observe
                0x0000000000017a02                coap_get_header_block2
                0x0000000000017a6e                coap_set_header_block2
                0x0000000000017ae5                coap_get_header_block1
                0x0000000000017b5a                coap_set_header_block1
                0x0000000000017bd5                coap_get_header_size2
                0x0000000000017c05                coap_set_header_size2
                0x0000000000017c28                coap_get_header_size1
                0x0000000000017c58                coap_set_header_size1
                0x0000000000017c7b                coap_get_payload
                0x0000000000017cb5                coap_set_payload
 .text          0x0000000000017cec      0x332 build/cooja/mtype537.a(contiki-main.o)
                0x0000000000017cec                main
 .text          0x000000000001801e       0x92 build/cooja/mtype537.a(autostart.o)
                0x000000000001801e                autostart_start
                0x0000000000018068                autostart_exit
 .text          0x00000000000180b0      0x355 build/cooja/mtype537.a(ctimer.o)
                0x00000000000181d8                ctimer_init
                0x000000000001820b                ctimer_set
                0x0000000000018231                ctimer_set_with_process
                0x00000000000182ae                ctimer_reset
                0x0000000000018302                ctimer_restart
                0x0000000000018356                ctimer_stop
                0x00000000000183a6                ctimer_expired
 .text          0x0000000000018405      0x394 build/cooja/mtype537.a(log.o)
                0x0000000000018405                log_6addr
                0x0000000000018458                log_6addr_compact_snprint
                0x00000000000184f6                log_6addr_compact
                0x0000000000018549                log_lladdr
                0x00000000000185bb                log_lladdr_compact
                0x0000000000018623                log_set_level
                0x00000000000186de                log_get_level
                0x0000000000018757                log_level_to_str
 .text          0x0000000000018799       0x1b build/cooja/mtype537.a(energest.o)
                0x0000000000018799                energest_init
                0x000000000001879f                energest_flush
                0x00000000000187a5                energest_get_total_time
 .text          0x00000000000187b4      0x43f build/cooja/mtype537.a(etimer.o)
                0x00000000000189d8                etimer_request_poll
                0x0000000000018a61                etimer_set
                0x0000000000018a8a                etimer_reset_with_new_interval
                0x0000000000018ab9                etimer_reset
                0x0000000000018adf                etimer_restart
                0x0000000000018b05                etimer_adjust
                0x0000000000018b22                etimer_expired
                0x0000000000018b35                etimer_expiration_time
                0x0000000000018b47                etimer_start_time
                0x0000000000018b51                etimer_pending
                0x0000000000018b63                etimer_next_expiration_time
                0x0000000000018b7d                etimer_stop
 .text          0x0000000000018bf3       0x25 build/cooja/mtype537.a(node-id.o)
                0x0000000000018bf3                node_id_init
 .text          0x0000000000018c18       0xeb build/cooja/mtype537.a(rtimer.o)
                0x0000000000018c18                rtimer_init
                0x0000000000018c26                rtimer_set
                0x0000000000018ca1                rtimer_run_next
 .text          0x0000000000018d03      0x4fb build/cooja/mtype537.a(process.o)
                0x0000000000018d03                process_alloc_event
                0x0000000000018d18                process_start
                0x0000000000018ef2                process_exit
                0x0000000000018f0f                process_init
                0x00000000000190a4                process_run
                0x00000000000190d7                process_nevents
                0x00000000000190f2                process_post
                0x0000000000019185                process_post_synch
                0x00000000000191ba                process_poll
                0x00000000000191ea                process_is_running
 .text          0x00000000000191fe       0xb1 build/cooja/mtype537.a(timer.o)
                0x00000000000191fe                timer_set
                0x000000000001921c                timer_reset
                0x0000000000019249                timer_restart
                0x000000000001925e                timer_expired
                0x000000000001928b                timer_remaining
 .text          0x00000000000192af      0x28f build/cooja/mtype537.a(list.o)
                0x00000000000192af                list_init
                0x00000000000192be                list_head
                0x00000000000192c8                list_copy
                0x00000000000192d8                list_tail
                0x000000000001930e                list_add
                0x000000000001935a                list_push
                0x0000000000019386                list_chop
                0x00000000000193f0                list_pop
                0x0000000000019418                list_remove
                0x0000000000019480                list_length
                0x00000000000194ae                list_insert
                0x00000000000194f3                list_item_next
                0x000000000001950a                list_contains
 .text          0x000000000001953e      0x1b5 build/cooja/mtype537.a(memb.o)
                0x000000000001953e                memb_init
                0x0000000000019593                memb_alloc
                0x00000000000195f6                memb_free
                0x000000000001966d                memb_inmemb
                0x00000000000196ac                memb_numfree
 .text          0x00000000000196f3      0x41c build/cooja/mtype537.a(button-hal.o)
                0x000000000001986c                button_hal_get_by_id
                0x00000000000198aa                button_hal_get_by_index
                0x00000000000198d6                button_hal_get_state
                0x0000000000019928                button_hal_init
 .text          0x0000000000019b0f      0x1f3 build/cooja/mtype537.a(serial-line.o)
                0x0000000000019b0f                serial_line_input_byte
                0x0000000000019ccd                serial_line_init
 .text          0x0000000000019d02      0x168 build/cooja/mtype537.a(gpio-hal.o)
                0x0000000000019d02                gpio_hal_register_handler
                0x0000000000019d1f                gpio_hal_event_handler
                0x0000000000019d7b                gpio_hal_init
                0x0000000000019d9a                gpio_hal_arch_port_toggle_pin
                0x0000000000019dd6                gpio_hal_arch_port_toggle_pins
                0x0000000000019e04                gpio_hal_arch_no_port_toggle_pin
                0x0000000000019e42                gpio_hal_arch_no_port_toggle_pins
 .text          0x0000000000019e6a      0x2e7 build/cooja/mtype537.a(queuebuf.o)
                0x0000000000019e74                queuebuf_init
                0x0000000000019e9d                queuebuf_numfree
                0x0000000000019eb5                queuebuf_new_from_packetbuf
                0x0000000000019f54                queuebuf_update_attr_from_packetbuf
                0x0000000000019f89                queuebuf_update_from_packetbuf
                0x0000000000019fd9                queuebuf_free
                0x000000000001a022                queuebuf_to_packetbuf
                0x000000000001a08e                queuebuf_dataptr
                0x000000000001a0c8                queuebuf_datalen
                0x000000000001a0eb                queuebuf_addr
                0x000000000001a120                queuebuf_attr
                0x000000000001a14b                queuebuf_debug_print
 .text          0x000000000001a151      0x407 build/cooja/mtype537.a(packetbuf.o)
                0x000000000001a151                packetbuf_clear
                0x000000000001a17c                packetbuf_copyfrom
                0x000000000001a1cb                packetbuf_copyto
                0x000000000001a25e                packetbuf_hdralloc
                0x000000000001a2da                packetbuf_hdrreduce
                0x000000000001a320                packetbuf_set_datalen
                0x000000000001a33a                packetbuf_dataptr
                0x000000000001a357                packetbuf_hdrptr
                0x000000000001a361                packetbuf_datalen
                0x000000000001a36d                packetbuf_hdrlen
                0x000000000001a384                packetbuf_totlen
                0x000000000001a39a                packetbuf_remaininglen
                0x000000000001a3ad                packetbuf_attr_clear
                0x000000000001a3f9                packetbuf_attr_copyto
                0x000000000001a451                packetbuf_attr_copyfrom
                0x000000000001a4a9                packetbuf_set_attr
                0x000000000001a4d3                packetbuf_attr
                0x000000000001a4ed                packetbuf_set_addr
                0x000000000001a51e                packetbuf_addr
                0x000000000001a53b                packetbuf_holds_broadcast
 .text          0x000000000001a558       0xef build/cooja/mtype537.a(netstack.o)
                0x000000000001a558                netstack_process_ip_callback
                0x000000000001a5e9                netstack_ip_packet_processor_add
                0x000000000001a60c                uip_ds6_ip_packet_processor_rm
                0x000000000001a629                netstack_init
 .text          0x000000000001a647       0x4f build/cooja/mtype537.a(linkaddr.o)
                0x000000000001a647                linkaddr_copy
                0x000000000001a65d                linkaddr_cmp
                0x000000000001a680                linkaddr_set_node_addr
 .text          0x000000000001a696      0x1f6 build/cooja/mtype537.a(csma.o)
 .text          0x000000000001a88c      0x95d build/cooja/mtype537.a(csma-output.o)
                0x000000000001af23                csma_output_packet
                0x000000000001b1b0                csma_output_init
 .text          0x000000000001b1e9      0xc11 build/cooja/mtype537.a(uip-ds6.o)
                0x000000000001b1e9                uip_ds6_default_prefix
                0x000000000001b1f3                uip_ds6_set_default_prefix
                0x000000000001b21e                uip_ds6_init
                0x000000000001b480                uip_ds6_periodic
                0x000000000001b507                uip_ds6_list_loop
                0x000000000001b5c7                uip_ds6_prefix_add
                0x000000000001b673                uip_ds6_prefix_rm
                0x000000000001b686                uip_ds6_prefix_lookup
                0x000000000001b6c5                uip_ds6_is_addr_onlink
                0x000000000001b738                uip_ds6_addr_add
                0x000000000001b858                uip_ds6_addr_rm
                0x000000000001b901                uip_ds6_addr_lookup
                0x000000000001b93a                uip_ds6_get_link_local
                0x000000000001b9bb                uip_ds6_get_global
                0x000000000001ba3c                uip_ds6_maddr_add
                0x000000000001ba9c                uip_ds6_maddr_rm
                0x000000000001baaf                uip_ds6_maddr_lookup
                0x000000000001bae8                uip_ds6_aaddr_add
                0x000000000001bb48                uip_ds6_aaddr_rm
                0x000000000001bb5b                uip_ds6_aaddr_lookup
                0x000000000001bb94                uip_ds6_select_src
                0x000000000001bcdd                uip_ds6_set_addr_iid
                0x000000000001bd08                uip_ds6_set_lladdr_from_iid
                0x000000000001bd31                get_match_length
                0x000000000001bdc2                uip_ds6_compute_reachable_time
 .text          0x000000000001bdfa      0x128 build/cooja/mtype537.a(uip-udp-packet.)
                0x000000000001bdfa                uip_udp_packet_send
                0x000000000001be55                uip_udp_packet_sendto
 .text          0x000000000001bf22      0xa3c build/cooja/mtype537.a(uip-ds6-route.o)
                0x000000000001c00c                uip_ds6_notification_add
                0x000000000001c03e                uip_ds6_notification_rm
                0x000000000001c05b                uip_ds6_route_init
                0x000000000001c0fa                uip_ds6_route_nexthop
                0x000000000001c129                uip_ds6_route_head
                0x000000000001c142                uip_ds6_route_next
                0x000000000001c16b                uip_ds6_route_is_nexthop
                0x000000000001c1ad                uip_ds6_route_num_routes
                0x000000000001c1b7                uip_ds6_route_lookup
                0x000000000001c28e                uip_ds6_route_add
                0x000000000001c4ce                uip_ds6_route_rm
                0x000000000001c66c                uip_ds6_route_rm_by_nexthop
                0x000000000001c6ab                uip_ds6_defrt_head
                0x000000000001c6c4                uip_ds6_defrt_add
                0x000000000001c785                uip_ds6_defrt_rm
                0x000000000001c806                uip_ds6_defrt_lookup
                0x000000000001c86d                uip_ds6_defrt_choose
                0x000000000001c8e3                uip_ds6_defrt_periodic
 .text          0x000000000001c95e      0x6f7 build/cooja/mtype537.a(tcpip.o)
                0x000000000001c978                tcpip_output
                0x000000000001c9f7                udp_attach
                0x000000000001ca0f                udp_new
                0x000000000001ca59                udp_broadcast_new
                0x000000000001cbcb                tcpip_input
                0x000000000001cd5b                tcpip_ipv6_output
                0x000000000001cf4f                tcpip_poll_udp
                0x000000000001cf6d                tcpip_uipcall
 .text          0x000000000001d055     0x1205 build/cooja/mtype537.a(uip6.o)
                0x000000000001d104                uip_chksum
                0x000000000001d1db                uip_icmp6chksum
                0x000000000001d1f0                uip_udpchksum
                0x000000000001d205                uip_init
                0x000000000001d24e                uip_remove_ext_hdr
                0x000000000001d328                uip_udp_new
                0x000000000001d63c                uip_process
                0x000000000001e134                uip_htons
                0x000000000001e156                uip_htonl
                0x000000000001e194                uip_send
 .text          0x000000000001e25a      0x369 build/cooja/mtype537.a(uip-ds6-nbr.o)
                0x000000000001e25a                uip_ds6_neighbors_init
                0x000000000001e27e                uip_ds6_nbr_add
                0x000000000001e304                uip_ds6_nbr_rm
                0x000000000001e34f                uip_ds6_nbr_update_ll
                0x000000000001e43d                uip_ds6_nbr_get_ipaddr
                0x000000000001e452                uip_ds6_nbr_get_ll
                0x000000000001e46e                uip_ds6_nbr_num
                0x000000000001e4b7                uip_ds6_nbr_head
                0x000000000001e4d0                uip_ds6_nbr_next
                0x000000000001e4ec                uip_ds6_nbr_lookup
                0x000000000001e544                uip_ds6_nbr_ll_lookup
                0x000000000001e560                uip_ds6_nbr_ipaddr_from_lladdr
                0x000000000001e589                uip_ds6_nbr_lladdr_from_ipaddr
                0x000000000001e5bd                uip_ds6_link_callback
 .text          0x000000000001e5c3      0x6a7 build/cooja/mtype537.a(uip-nd6.o)
                0x000000000001ec51                uip_nd6_init
 .text          0x000000000001ec6a     0x2c17 build/cooja/mtype537.a(sicslowpan.o)
                0x000000000001f271                netstack_sniffer_add
                0x000000000001f27f                netstack_sniffer_remove
                0x0000000000021855                sicslowpan_init
                0x0000000000021877                sicslowpan_get_last_rssi
 .text          0x0000000000021881      0x4d1 build/cooja/mtype537.a(uiplib.o)
                0x0000000000021881                uiplib_ip6addrconv
                0x0000000000021a39                uiplib_ip4addrconv
                0x0000000000021afc                uiplib_ipaddr_print
                0x0000000000021b4f                uiplib_ipaddr_snprint
 .text          0x0000000000021d52      0x4c9 build/cooja/mtype537.a(rpl.o)
                0x0000000000021d52                rpl_lollipop_greater_than
                0x0000000000021dac                rpl_get_global_address
                0x0000000000021ea4                rpl_link_callback
                0x0000000000021ee8                rpl_has_joined
                0x0000000000021f0d                rpl_is_reachable
                0x0000000000021f8e                rpl_reset_prefix
                0x0000000000021ff8                rpl_set_prefix_from_addr
                0x00000000000220dd                rpl_set_prefix
                0x00000000000221f7                rpl_set_leaf_only
                0x000000000002220f                rpl_get_leaf_only
 .text          0x000000000002221b     0x138c build/cooja/mtype537.a(rpl-icmp6.o)
                0x0000000000022340                rpl_icmp6_update_nbr_table
                0x00000000000223c9                rpl_icmp6_dis_output
                0x0000000000022a0f                rpl_icmp6_dio_output
                0x000000000002320d                rpl_icmp6_dao_output
                0x00000000000234ee                rpl_icmp6_dao_ack_output
                0x000000000002355e                rpl_icmp6_init
 .text          0x00000000000235a7      0x264 build/cooja/mtype537.a(rpl-dag-root.o)
                0x00000000000235a7                rpl_dag_root_print_links
                0x00000000000236d3                rpl_dag_root_set_prefix
                0x00000000000236ff                rpl_dag_root_start
                0x00000000000237dc                rpl_dag_root_is_root
 .text          0x000000000002380b       0x30 build/cooja/mtype537.a(watchdog.o)
                0x000000000002380b                watchdog_init
                0x0000000000023811                watchdog_start
                0x0000000000023817                watchdog_periodic
                0x000000000002382f                watchdog_stop
                0x0000000000023835                watchdog_reboot
 .text          0x000000000002383b       0x4a build/cooja/mtype537.a(int-master.o)
                0x000000000002383b                int_master_enable
                0x000000000002384b                int_master_read_and_disable
                0x0000000000023868                int_master_status_set
                0x0000000000023876                int_master_is_enabled
 .text          0x0000000000023885      0x226 build/cooja/mtype537.a(coap-timer-defa)
 .text          0x0000000000023aab       0xc7 build/cooja/mtype537.a(stimer.o)
                0x0000000000023aab                stimer_set
                0x0000000000023ac9                stimer_reset
                0x0000000000023af6                stimer_restart
                0x0000000000023b0b                stimer_expired
                0x0000000000023b36                stimer_remaining
                0x0000000000023b5a                stimer_elapsed
 .text          0x0000000000023b72      0x156 build/cooja/mtype537.a(ringbuf.o)
                0x0000000000023b72                ringbuf_init
                0x0000000000023ba4                ringbuf_put
                0x0000000000023c22                ringbuf_get
                0x0000000000023c8f                ringbuf_size
                0x0000000000023ca1                ringbuf_elements
 .text          0x0000000000023cc8       0x1f build/cooja/mtype537.a(assert.o)
                0x0000000000023cc8                _xassert
 .text          0x0000000000023ce7      0x79b build/cooja/mtype537.a(nbr-table.o)
                0x0000000000024160                nbr_table_register
                0x00000000000241cd                nbr_table_is_registered
                0x0000000000024208                nbr_table_head
                0x0000000000024263                nbr_table_next
                0x00000000000242c4                nbr_table_add_lladdr
                0x000000000002439e                nbr_table_get_from_lladdr
                0x00000000000243ea                nbr_table_remove
                0x0000000000024422                nbr_table_lock
                0x000000000002443c                nbr_table_unlock
                0x0000000000024456                nbr_table_get_lladdr
 .text          0x0000000000024482      0x3a5 build/cooja/mtype537.a(link-stats.o)
                0x0000000000024482                link_stats_from_lladdr
                0x000000000002449e                link_stats_get_lladdr
                0x00000000000244ba                link_stats_is_fresh
                0x00000000000244f6                guess_etx_from_rssi
                0x0000000000024572                link_stats_packet_sent
                0x0000000000024692                link_stats_input_callback
                0x00000000000247a2                link_stats_reset
                0x00000000000247f2                link_stats_init
 .text          0x0000000000024827      0x187 build/cooja/mtype537.a(mac-sequence.o)
                0x0000000000024827                mac_sequence_is_duplicate
                0x00000000000248c7                mac_sequence_register_seqno
 .text          0x00000000000249ae       0x23 build/cooja/mtype537.a(mac.o)
                0x00000000000249ae                mac_call_sent_callback
 .text          0x00000000000249d1      0x432 build/cooja/mtype537.a(framer-802154.o)
                0x0000000000024b60                framer_802154_setup_params
 .text          0x0000000000024e03      0xb6f build/cooja/mtype537.a(frame802154.o)
                0x0000000000024e34                frame802154_get_pan_id
                0x0000000000024e40                frame802154_set_pan_id
                0x0000000000024e5a                frame802154_has_panid
                0x0000000000025009                frame802154_check_dest_panid
                0x0000000000025091                frame802154_is_broadcast_addr
                0x00000000000250de                frame802154_extract_linkaddr
                0x0000000000025343                frame802154_hdrlen
                0x00000000000253b6                frame802154_create_fcf
                0x000000000002546e                frame802154_create
                0x00000000000255e3                frame802154_parse_fcf
                0x00000000000256c5                frame802154_parse
 .text          0x0000000000025972       0x2d build/cooja/mtype537.a(csma-security.o)
                0x0000000000025972                csma_security_create_frame
                0x0000000000025990                csma_security_parse_frame
 .text          0x000000000002599f      0x4e4 build/cooja/mtype537.a(uipbuf.o)
                0x000000000002599f                uipbuf_clear
                0x00000000000259c6                uipbuf_add_ext_hdr
                0x0000000000025a46                uipbuf_set_len
                0x0000000000025a73                uipbuf_set_len_field
                0x0000000000025a9f                uipbuf_get_len_field
                0x0000000000025abf                uipbuf_get_next_header
                0x0000000000025bf1                uipbuf_get_last_header
                0x0000000000025c6a                uipbuf_search_header
                0x0000000000025d20                uipbuf_get_attr
                0x0000000000025d47                uipbuf_set_attr
                0x0000000000025d7e                uipbuf_set_default_attr
                0x0000000000025db5                uipbuf_clear_attr
                0x0000000000025dd9                uipbuf_set_attr_flag
                0x0000000000025dfa                uipbuf_clr_attr_flag
                0x0000000000025e21                uipbuf_is_attr_flag
                0x0000000000025e45                uipbuf_init
 .text          0x0000000000025e83      0x73f build/cooja/mtype537.a(uip-icmp6.o)
                0x0000000000025ef8                uip_icmp6_input
                0x0000000000025f4f                uip_icmp6_register_input_handler
                0x00000000000260a2                uip_icmp6_error_output
                0x0000000000026353                uip_icmp6_send
                0x000000000002654a                uip_icmp6_echo_reply_callback_add
                0x000000000002657c                uip_icmp6_echo_reply_callback_rm
                0x0000000000026599                uip_icmp6_init
 .text          0x00000000000265c2      0x69b build/cooja/mtype537.a(uip-sr.o)
                0x00000000000265c2                uip_sr_num_nodes
                0x0000000000026650                uip_sr_get_node
                0x00000000000266a7                uip_sr_is_addr_reachable
                0x0000000000026755                uip_sr_expire_parent
                0x000000000002679e                uip_sr_update_node
                0x00000000000268ce                uip_sr_init
                0x0000000000026902                uip_sr_node_head
                0x000000000002691b                uip_sr_node_next
                0x0000000000026931                uip_sr_periodic
                0x0000000000026a37                uip_sr_free_all
                0x0000000000026aa7                uip_sr_link_snprint
 .text          0x0000000000026c5d      0x146 build/cooja/mtype537.a(uip-packetqueue)
                0x0000000000026c8b                uip_packetqueue_new
                0x0000000000026c9a                uip_packetqueue_alloc
                0x0000000000026cf5                uip_packetqueue_free
                0x0000000000026d3c                uip_packetqueue_buf
                0x0000000000026d59                uip_packetqueue_buflen
                0x0000000000026d7a                uip_packetqueue_set_buflen
 .text          0x0000000000026da3      0x1b0 build/cooja/mtype537.a(rpl-nbr-policy.)
                0x0000000000026f10                rpl_nbr_policy_find_removable
 .text          0x0000000000026f53      0x915 build/cooja/mtype537.a(rpl-neighbor.o)
                0x0000000000026fcf                rpl_neighbor_snprint
                0x0000000000027282                rpl_neighbor_print_list
                0x0000000000027337                rpl_neighbor_count
                0x00000000000273de                rpl_neighbor_get_from_lladdr
                0x00000000000273fa                rpl_neighbor_is_acceptable_parent
                0x000000000002742e                rpl_neighbor_get_link_metric
                0x0000000000027462                rpl_neighbor_rank_via_nbr
                0x0000000000027496                rpl_neighbor_get_lladdr
                0x00000000000274b2                rpl_neighbor_get_ipaddr
                0x00000000000274d9                rpl_neighbor_get_link_stats
                0x0000000000027500                rpl_neighbor_is_fresh
                0x0000000000027527                rpl_neighbor_is_reachable
                0x0000000000027572                rpl_neighbor_is_parent
                0x000000000002759c                rpl_neighbor_set_preferred_parent
                0x0000000000027633                rpl_neighbor_remove_all
                0x000000000002768f                rpl_neighbor_get_from_ipaddr
                0x000000000002779d                rpl_neighbor_select_best
                0x0000000000027849                rpl_neighbor_init
 .text          0x0000000000027868      0xe69 build/cooja/mtype537.a(rpl-dag.o)
                0x0000000000027868                rpl_dag_state_to_str
                0x00000000000278a7                rpl_dag_get_root_ipaddr
                0x00000000000278ef                rpl_dag_leave
                0x0000000000027978                rpl_dag_poison_and_leave
                0x0000000000027990                rpl_dag_periodic
                0x0000000000027a18                rpl_is_addr_in_our_dag
                0x0000000000027a5c                rpl_get_default_instance
                0x0000000000027a78                rpl_get_any_dag
                0x0000000000027ad1                rpl_refresh_routes
                0x0000000000027b11                rpl_global_repair
                0x0000000000027baa                rpl_local_repair
                0x0000000000027bf4                rpl_dag_ready_to_advertise
                0x0000000000027c37                rpl_dag_update_state
                0x0000000000028364                rpl_process_dio
                0x00000000000283e2                rpl_process_dis
                0x0000000000028427                rpl_process_dao
                0x00000000000284b6                rpl_process_dao_ack
                0x000000000002854d                rpl_process_hbh
                0x000000000002859d                rpl_dag_init_root
                0x00000000000286b1                rpl_dag_init
 .text          0x00000000000286d1      0x9e7 build/cooja/mtype537.a(rpl-timers.o)
                0x00000000000286d1                rpl_timers_schedule_periodic_dis
                0x000000000002881f                rpl_timers_dio_reset
                0x000000000002892d                rpl_timers_schedule_unicast_dio
                0x0000000000028a81                rpl_timers_schedule_dao
                0x0000000000028b40                rpl_timers_schedule_dao_ack
                0x0000000000028bc6                rpl_timers_notify_dao_ack
                0x0000000000028c24                get_probing_delay
                0x0000000000028c58                get_probing_target
                0x0000000000028e42                rpl_schedule_probing
                0x0000000000028e70                rpl_schedule_probing_now
                0x0000000000028eda                rpl_timers_unschedule_leaving
                0x0000000000028f12                rpl_timers_schedule_leaving
                0x0000000000028f53                rpl_timers_init
                0x0000000000028fe3                rpl_timers_stop_dag_timers
                0x000000000002905c                rpl_timers_unschedule_state_update
                0x0000000000029080                rpl_timers_schedule_state_update
 .text          0x00000000000290b8      0xb8e build/cooja/mtype537.a(rpl-ext-header.)
                0x00000000000290b8                rpl_ext_header_srh_get_next_hop
                0x000000000002919f                rpl_ext_header_srh_update
                0x000000000002970b                rpl_ext_header_hbh_update
                0x0000000000029a0b                rpl_ext_header_update
                0x0000000000029a94                rpl_ext_header_remove
 .text          0x0000000000029c46      0x31b build/cooja/mtype537.a(rpl-mrhof.o)
 *fill*         0x0000000000029f61        0xf 
 .text          0x0000000000029f70      0x122 /usr/lib/gcc/i686-linux-gnu/5/libgcc.a(_udivdi3.o)
                0x0000000000029f70                __udivdi3
 .text          0x000000000002a092        0x0 /usr/lib/gcc/i686-linux-gnu/5/crtendS.o
 .text          0x000000000002a092        0x0 /usr/lib/gcc/i686-linux-gnu/5/../../../i386-linux-gnu/crtn.o
 *(.gnu.warning)

.fini           0x000000000002a094       0x14
 *(SORT(.fini))
 .fini          0x000000000002a094        0xf /usr/lib/gcc/i686-linux-gnu/5/../../../i386-linux-gnu/crti.o
                0x000000000002a094                _fini
 .fini          0x000000000002a0a3        0x5 /usr/lib/gcc/i686-linux-gnu/5/../../../i386-linux-gnu/crtn.o
                [!provide]                        PROVIDE (__etext, .)
                [!provide]                        PROVIDE (_etext, .)
                [!provide]                        PROVIDE (etext, .)

.rodata         0x000000000002a0c0      0xb4b
 *(.rodata .rodata.* .gnu.linkonce.r.*)
 .rodata        0x000000000002a0c0       0xce air_quality_CoAP-server.o
                0x000000000002a0d4                autostart_processes
 *fill*         0x000000000002a18e        0x2 
 .rodata        0x000000000002a190        0x8 build/cooja/mtype537.a(beep.o)
                0x000000000002a190                beep_interface
 .rodata        0x000000000002a198        0xe build/cooja/mtype537.a(leds-arch.o)
                0x000000000002a198                leds_interface
                0x000000000002a1a0                leds_arch_leds
 *fill*         0x000000000002a1a6        0x2 
 .rodata        0x000000000002a1a8        0x8 build/cooja/mtype537.a(moteid.o)
                0x000000000002a1a8                moteid_interface
 .rodata        0x000000000002a1b0       0x1c build/cooja/mtype537.a(pir-sensor.o)
                0x000000000002a1b0                pir_interface
                0x000000000002a1bc                pir_sensor
 .rodata        0x000000000002a1cc        0xe build/cooja/mtype537.a(rs232.o)
                0x000000000002a1cc                rs232_interface
 *fill*         0x000000000002a1da        0x2 
 .rodata        0x000000000002a1dc       0x24 build/cooja/mtype537.a(vib-sensor.o)
                0x000000000002a1dc                vib_interface
                0x000000000002a1f0                vib_sensor
 .rodata        0x000000000002a200        0x8 build/cooja/mtype537.a(clock.o)
                0x000000000002a200                clock_interface
 .rodata        0x000000000002a208        0x8 build/cooja/mtype537.a(cooja-log.o)
                0x000000000002a208                simlog_interface
 .rodata        0x000000000002a210       0x2f build/cooja/mtype537.a(cfs-cooja.o)
                0x000000000002a210                cfs_interface
 *fill*         0x000000000002a23f        0x1 
 .rodata        0x000000000002a240       0xb8 build/cooja/mtype537.a(cooja-radio.o)
                0x000000000002a240                radio_interface
                0x000000000002a2c0                cooja_radio_driver
 .rodata        0x000000000002a2f8        0x8 build/cooja/mtype537.a(eeprom.o)
                0x000000000002a2f8                eeprom_interface
 .rodata        0x000000000002a300        0x8 build/cooja/mtype537.a(sensors.o)
 .rodata        0x000000000002a308       0x2c build/cooja/mtype537.a(buttons.o)
                0x000000000002a308                button_interface
                0x000000000002a31c                button_hal_button_count
                0x000000000002a324                button_sensor
 .rodata        0x000000000002a334       0x7b build/cooja/mtype537.a(res-ventilation)
 *fill*         0x000000000002a3af        0x1 
 .rodata        0x000000000002a3b0       0x50 build/cooja/mtype537.a(res-co2_sensor.)
 .rodata        0x000000000002a400       0x41 build/cooja/mtype537.a(coap-engine.o)
 .rodata        0x000000000002a441       0x19 build/cooja/mtype537.a(coap-res-well-k)
 .rodata        0x000000000002a45a       0x11 build/cooja/mtype537.a(coap-observe.o)
 .rodata        0x000000000002a46b       0x35 build/cooja/mtype537.a(coap-uip.o)
 .rodata        0x000000000002a4a0      0x1ac build/cooja/mtype537.a(coap.o)
 .rodata        0x000000000002a64c       0xf8 build/cooja/mtype537.a(contiki-main.o)
 .rodata        0x000000000002a744        0xf build/cooja/mtype537.a(ctimer.o)
 *fill*         0x000000000002a753        0x1 
 .rodata        0x000000000002a754       0xc4 build/cooja/mtype537.a(log.o)
 .rodata        0x000000000002a818        0xc build/cooja/mtype537.a(etimer.o)
 .rodata        0x000000000002a824       0x13 build/cooja/mtype537.a(button-hal.o)
 .rodata        0x000000000002a837        0xe build/cooja/mtype537.a(serial-line.o)
 *fill*         0x000000000002a845        0x3 
 .rodata        0x000000000002a848        0x8 build/cooja/mtype537.a(linkaddr.o)
                0x000000000002a848                linkaddr_null
 .rodata        0x000000000002a850       0x24 build/cooja/mtype537.a(csma.o)
                0x000000000002a858                csma_driver
 .rodata        0x000000000002a874       0x24 build/cooja/mtype537.a(csma-output.o)
 .rodata        0x000000000002a898       0xb9 build/cooja/mtype537.a(uip-ds6-route.o)
 .rodata        0x000000000002a951        0xd build/cooja/mtype537.a(tcpip.o)
 *fill*         0x000000000002a95e        0x2 
 .rodata        0x000000000002a960       0x30 build/cooja/mtype537.a(sicslowpan.o)
                0x000000000002a960                unc_llconf
                0x000000000002a964                unc_ctxconf
                0x000000000002a968                unc_mxconf
                0x000000000002a96c                llprefix
                0x000000000002a980                sicslowpan_driver
 .rodata        0x000000000002a990       0x2d build/cooja/mtype537.a(uiplib.o)
 *fill*         0x000000000002a9bd        0x3 
 .rodata        0x000000000002a9c0       0x74 build/cooja/mtype537.a(rpl.o)
                0x000000000002a9e0                rpl_lite_driver
 .rodata        0x000000000002aa34       0x20 build/cooja/mtype537.a(coap-timer-defa)
                0x000000000002aa48                coap_timer_default_driver
 .rodata        0x000000000002aa54       0x25 build/cooja/mtype537.a(assert.o)
 *fill*         0x000000000002aa79        0x3 
 .rodata        0x000000000002aa7c        0xc build/cooja/mtype537.a(framer-802154.o)
                0x000000000002aa7c                framer_802154
 .rodata        0x000000000002aa88       0x44 build/cooja/mtype537.a(uip-sr.o)
 .rodata        0x000000000002aacc       0x58 build/cooja/mtype537.a(rpl-neighbor.o)
 .rodata        0x000000000002ab24       0xdb build/cooja/mtype537.a(rpl-dag.o)
 .rodata        0x000000000002abff        0xc build/cooja/mtype537.a(rpl-timers.o)

.rodata1
 *(.rodata1)

.eh_frame_hdr   0x000000000002ac0c     0x1a04
 *(.eh_frame_hdr)
 .eh_frame_hdr  0x000000000002ac0c     0x1a04 air_quality_CoAP-server.o
                0x000000000002ac0c                __GNU_EH_FRAME_HDR
 *(.eh_frame_entry .eh_frame_entry.*)

.eh_frame       0x000000000002c610     0x6984
 *(.eh_frame)
 .eh_frame      0x000000000002c610       0x3c /usr/lib/gcc/i686-linux-gnu/5/../../../i386-linux-gnu/crti.o
                                         0x40 (size before relaxing)
 .eh_frame      0x000000000002c64c       0x40 air_quality_CoAP-server.o
                                         0x58 (size before relaxing)
 .eh_frame      0x000000000002c68c      0x178 build/cooja/mtype537.o
                                        0x190 (size before relaxing)
 .eh_frame      0x000000000002c804       0x40 build/cooja/mtype537.a(simEnvChange.o)
                                         0x58 (size before relaxing)
 .eh_frame      0x000000000002c844       0x60 build/cooja/mtype537.a(cooja_mt.o)
                                         0x78 (size before relaxing)
 .eh_frame      0x000000000002c8a4       0x80 build/cooja/mtype537.a(cooja_mtarch.o)
                                         0x98 (size before relaxing)
 .eh_frame      0x000000000002c924       0xc8 build/cooja/mtype537.a(rtimer-arch.o)
                                         0xe0 (size before relaxing)
 .eh_frame      0x000000000002c9ec      0x160 build/cooja/mtype537.a(beep.o)
                                        0x178 (size before relaxing)
 .eh_frame      0x000000000002cb4c       0x80 build/cooja/mtype537.a(leds-arch.o)
                                         0x98 (size before relaxing)
 .eh_frame      0x000000000002cbcc       0x40 build/cooja/mtype537.a(moteid.o)
                                         0x58 (size before relaxing)
 .eh_frame      0x000000000002cc0c       0xa0 build/cooja/mtype537.a(pir-sensor.o)
                                         0xb8 (size before relaxing)
 .eh_frame      0x000000000002ccac      0x100 build/cooja/mtype537.a(rs232.o)
                                        0x118 (size before relaxing)
 .eh_frame      0x000000000002cdac       0xa0 build/cooja/mtype537.a(vib-sensor.o)
                                         0xb8 (size before relaxing)
 .eh_frame      0x000000000002ce4c       0xc0 build/cooja/mtype537.a(clock.o)
                                         0xd8 (size before relaxing)
 .eh_frame      0x000000000002cf0c      0x120 build/cooja/mtype537.a(cooja-log.o)
                                        0x138 (size before relaxing)
 .eh_frame      0x000000000002d02c      0x160 build/cooja/mtype537.a(cfs-cooja.o)
                                        0x178 (size before relaxing)
 .eh_frame      0x000000000002d18c      0x340 build/cooja/mtype537.a(cooja-radio.o)
                                        0x358 (size before relaxing)
 .eh_frame      0x000000000002d4cc       0xa0 build/cooja/mtype537.a(eeprom.o)
                                         0xb8 (size before relaxing)
 .eh_frame      0x000000000002d56c       0x40 build/cooja/mtype537.a(random.o)
                                         0x58 (size before relaxing)
 .eh_frame      0x000000000002d5ac       0xc0 build/cooja/mtype537.a(sensors.o)
                                         0xd8 (size before relaxing)
 .eh_frame      0x000000000002d66c      0x120 build/cooja/mtype537.a(leds.o)
                                        0x138 (size before relaxing)
 .eh_frame      0x000000000002d78c      0x220 build/cooja/mtype537.a(gpio-hal-arch.o)
                                        0x238 (size before relaxing)
 .eh_frame      0x000000000002d9ac       0xa0 build/cooja/mtype537.a(buttons.o)
                                         0xb8 (size before relaxing)
 .eh_frame      0x000000000002da4c       0x20 build/cooja/mtype537.a(res-ventilation)
                                         0x38 (size before relaxing)
 .eh_frame      0x000000000002da6c       0x60 build/cooja/mtype537.a(res-co2_sensor.)
                                         0x78 (size before relaxing)
 .eh_frame      0x000000000002dacc      0x220 build/cooja/mtype537.a(coap-engine.o)
                                        0x238 (size before relaxing)
 .eh_frame      0x000000000002dcec       0x24 build/cooja/mtype537.a(coap-res-well-k)
                                         0x3c (size before relaxing)
 .eh_frame      0x000000000002dd10      0x188 build/cooja/mtype537.a(coap-observe.o)
                                        0x1a0 (size before relaxing)
 .eh_frame      0x000000000002de98      0x250 build/cooja/mtype537.a(coap-uip.o)
                                        0x268 (size before relaxing)
 .eh_frame      0x000000000002e0e8      0x114 build/cooja/mtype537.a(coap-timer.o)
                                        0x12c (size before relaxing)
 .eh_frame      0x000000000002e1fc      0x100 build/cooja/mtype537.a(coap-transactio)
                                        0x118 (size before relaxing)
 .eh_frame      0x000000000002e2fc      0x6ec build/cooja/mtype537.a(coap.o)
                                        0x704 (size before relaxing)
 .eh_frame      0x000000000002e9e8       0x30 build/cooja/mtype537.a(contiki-main.o)
                                         0x48 (size before relaxing)
 .eh_frame      0x000000000002ea18       0x40 build/cooja/mtype537.a(autostart.o)
                                         0x58 (size before relaxing)
 .eh_frame      0x000000000002ea58      0x100 build/cooja/mtype537.a(ctimer.o)
                                        0x118 (size before relaxing)
 .eh_frame      0x000000000002eb58      0x100 build/cooja/mtype537.a(log.o)
                                        0x118 (size before relaxing)
 .eh_frame      0x000000000002ec58       0x60 build/cooja/mtype537.a(energest.o)
                                         0x78 (size before relaxing)
 .eh_frame      0x000000000002ecb8      0x1e0 build/cooja/mtype537.a(etimer.o)
                                        0x1f8 (size before relaxing)
 .eh_frame      0x000000000002ee98       0x20 build/cooja/mtype537.a(node-id.o)
                                         0x38 (size before relaxing)
 .eh_frame      0x000000000002eeb8       0x60 build/cooja/mtype537.a(rtimer.o)
                                         0x78 (size before relaxing)
 .eh_frame      0x000000000002ef18      0x1c4 build/cooja/mtype537.a(process.o)
                                        0x1dc (size before relaxing)
 .eh_frame      0x000000000002f0dc       0xa4 build/cooja/mtype537.a(timer.o)
                                         0xbc (size before relaxing)
 .eh_frame      0x000000000002f180      0x1a0 build/cooja/mtype537.a(list.o)
                                        0x1b8 (size before relaxing)
 .eh_frame      0x000000000002f320       0xa0 build/cooja/mtype537.a(memb.o)
                                         0xb8 (size before relaxing)
 .eh_frame      0x000000000002f3c0      0x144 build/cooja/mtype537.a(button-hal.o)
                                        0x15c (size before relaxing)
 .eh_frame      0x000000000002f504       0x60 build/cooja/mtype537.a(serial-line.o)
                                         0x78 (size before relaxing)
 .eh_frame      0x000000000002f564       0xe0 build/cooja/mtype537.a(gpio-hal.o)
                                         0xf8 (size before relaxing)
 .eh_frame      0x000000000002f644      0x1a0 build/cooja/mtype537.a(queuebuf.o)
                                        0x1b8 (size before relaxing)
 .eh_frame      0x000000000002f7e4      0x28c build/cooja/mtype537.a(packetbuf.o)
                                        0x2a4 (size before relaxing)
 .eh_frame      0x000000000002fa70       0x80 build/cooja/mtype537.a(netstack.o)
                                         0x98 (size before relaxing)
 .eh_frame      0x000000000002faf0       0x60 build/cooja/mtype537.a(linkaddr.o)
                                         0x78 (size before relaxing)
 .eh_frame      0x000000000002fb50       0xe0 build/cooja/mtype537.a(csma.o)
                                         0xf8 (size before relaxing)
 .eh_frame      0x000000000002fc30      0x1d0 build/cooja/mtype537.a(csma-output.o)
                                        0x1e8 (size before relaxing)
 .eh_frame      0x000000000002fe00      0x328 build/cooja/mtype537.a(uip-ds6.o)
                                        0x340 (size before relaxing)
 .eh_frame      0x0000000000030128       0x40 build/cooja/mtype537.a(uip-udp-packet.)
                                         0x58 (size before relaxing)
 .eh_frame      0x0000000000030168      0x2e0 build/cooja/mtype537.a(uip-ds6-route.o)
                                        0x2f8 (size before relaxing)
 .eh_frame      0x0000000000030448      0x244 build/cooja/mtype537.a(tcpip.o)
                                        0x25c (size before relaxing)
 .eh_frame      0x000000000003068c      0x1e8 build/cooja/mtype537.a(uip6.o)
                                        0x200 (size before relaxing)
 .eh_frame      0x0000000000030874      0x1c0 build/cooja/mtype537.a(uip-ds6-nbr.o)
                                        0x1d8 (size before relaxing)
 .eh_frame      0x0000000000030a34       0x84 build/cooja/mtype537.a(uip-nd6.o)
                                         0x9c (size before relaxing)
 .eh_frame      0x0000000000030ab8      0x2f8 build/cooja/mtype537.a(sicslowpan.o)
                                        0x310 (size before relaxing)
 .eh_frame      0x0000000000030db0       0x88 build/cooja/mtype537.a(uiplib.o)
                                         0xa0 (size before relaxing)
 .eh_frame      0x0000000000030e38      0x1e0 build/cooja/mtype537.a(rpl.o)
                                        0x1f8 (size before relaxing)
 .eh_frame      0x0000000000031018      0x1c4 build/cooja/mtype537.a(rpl-icmp6.o)
                                        0x1dc (size before relaxing)
 .eh_frame      0x00000000000311dc       0xa0 build/cooja/mtype537.a(rpl-dag-root.o)
                                         0xb8 (size before relaxing)
 .eh_frame      0x000000000003127c       0xa0 build/cooja/mtype537.a(watchdog.o)
                                         0xb8 (size before relaxing)
 .eh_frame      0x000000000003131c       0x80 build/cooja/mtype537.a(int-master.o)
                                         0x98 (size before relaxing)
 .eh_frame      0x000000000003139c       0xa4 build/cooja/mtype537.a(coap-timer-defa)
                                         0xbc (size before relaxing)
 .eh_frame      0x0000000000031440       0xc4 build/cooja/mtype537.a(stimer.o)
                                         0xdc (size before relaxing)
 .eh_frame      0x0000000000031504       0xa0 build/cooja/mtype537.a(ringbuf.o)
                                         0xb8 (size before relaxing)
 .eh_frame      0x00000000000315a4       0x20 build/cooja/mtype537.a(assert.o)
                                         0x38 (size before relaxing)
 .eh_frame      0x00000000000315c4      0x2ac build/cooja/mtype537.a(nbr-table.o)
                                        0x2c4 (size before relaxing)
 .eh_frame      0x0000000000031870      0x120 build/cooja/mtype537.a(link-stats.o)
                                        0x138 (size before relaxing)
 .eh_frame      0x0000000000031990       0x48 build/cooja/mtype537.a(mac-sequence.o)
                                         0x60 (size before relaxing)
 .eh_frame      0x00000000000319d8       0x20 build/cooja/mtype537.a(mac.o)
                                         0x38 (size before relaxing)
 .eh_frame      0x00000000000319f8       0xa4 build/cooja/mtype537.a(framer-802154.o)
                                         0xbc (size before relaxing)
 .eh_frame      0x0000000000031a9c      0x1a4 build/cooja/mtype537.a(frame802154.o)
                                        0x1bc (size before relaxing)
 .eh_frame      0x0000000000031c40       0x40 build/cooja/mtype537.a(csma-security.o)
                                         0x58 (size before relaxing)
 .eh_frame      0x0000000000031c80      0x200 build/cooja/mtype537.a(uipbuf.o)
                                        0x218 (size before relaxing)
 .eh_frame      0x0000000000031e80      0x150 build/cooja/mtype537.a(uip-icmp6.o)
                                        0x168 (size before relaxing)
 .eh_frame      0x0000000000031fd0      0x184 build/cooja/mtype537.a(uip-sr.o)
                                        0x19c (size before relaxing)
 .eh_frame      0x0000000000032154       0xe0 build/cooja/mtype537.a(uip-packetqueue)
                                         0xf8 (size before relaxing)
 .eh_frame      0x0000000000032234       0x80 build/cooja/mtype537.a(rpl-nbr-policy.)
                                         0x98 (size before relaxing)
 .eh_frame      0x00000000000322b4      0x2d4 build/cooja/mtype537.a(rpl-neighbor.o)
                                        0x2ec (size before relaxing)
 .eh_frame      0x0000000000032588      0x370 build/cooja/mtype537.a(rpl-dag.o)
                                        0x388 (size before relaxing)
 .eh_frame      0x00000000000328f8      0x3a8 build/cooja/mtype537.a(rpl-timers.o)
                                        0x3c0 (size before relaxing)
 .eh_frame      0x0000000000032ca0      0x124 build/cooja/mtype537.a(rpl-ext-header.)
                                        0x13c (size before relaxing)
 .eh_frame      0x0000000000032dc4      0x148 build/cooja/mtype537.a(rpl-mrhof.o)
                                        0x160 (size before relaxing)
 .eh_frame      0x0000000000032f0c       0x84 /usr/lib/gcc/i686-linux-gnu/5/libgcc.a(_udivdi3.o)
                                         0x9c (size before relaxing)
 .eh_frame      0x0000000000032f90        0x4 /usr/lib/gcc/i686-linux-gnu/5/crtendS.o
 *(.eh_frame.*)

.gcc_except_table
 *(.gcc_except_table .gcc_except_table.*)

.gnu_extab
 *(.gnu_extab*)

.exception_ranges
 *(.exception_ranges .exception_ranges*)
                0x0000000000034f10                . = DATA_SEGMENT_ALIGN (0x1000, 0x1000)

.eh_frame
 *(.eh_frame)
 *(.eh_frame.*)

.gnu_extab
 *(.gnu_extab)

.gcc_except_table
 *(.gcc_except_table .gcc_except_table.*)

.exception_ranges
 *(.exception_ranges .exception_ranges*)

.tdata
 *(.tdata .tdata.* .gnu.linkonce.td.*)

.tbss
 *(.tbss .tbss.* .gnu.linkonce.tb.*)
 *(.tcommon)

.preinit_array
 *(.preinit_array)

.init_array     0x0000000000034f10        0x4
 *(SORT(.init_array.*) SORT(.ctors.*))
 *(.init_array EXCLUDE_FILE(*crtend?.o *crtend.o *crtbegin?.o *crtbegin.o) .ctors)
 .init_array    0x0000000000034f10        0x4 /usr/lib/gcc/i686-linux-gnu/5/crtbeginS.o

.fini_array     0x0000000000034f14        0x4
 *(SORT(.fini_array.*) SORT(.dtors.*))
 *(.fini_array EXCLUDE_FILE(*crtend?.o *crtend.o *crtbegin?.o *crtbegin.o) .dtors)
 .fini_array    0x0000000000034f14        0x4 /usr/lib/gcc/i686-linux-gnu/5/crtbeginS.o

.ctors
 *crtbegin.o(.ctors)
 *crtbegin?.o(.ctors)
 *(EXCLUDE_FILE(*crtend?.o *crtend.o) .ctors)
 *(SORT(.ctors.*))
 *(.ctors)

.dtors
 *crtbegin.o(.dtors)
 *crtbegin?.o(.dtors)
 *(EXCLUDE_FILE(*crtend?.o *crtend.o) .dtors)
 *(SORT(.dtors.*))
 *(.dtors)

.jcr            0x0000000000034f18        0x4
 *(.jcr)
 .jcr           0x0000000000034f18        0x0 /usr/lib/gcc/i686-linux-gnu/5/crtbeginS.o
 .jcr           0x0000000000034f18        0x4 /usr/lib/gcc/i686-linux-gnu/5/crtendS.o

.data.rel.ro
 *(.data.rel.ro.local* .gnu.linkonce.d.rel.ro.local.*)
 *(.data.rel.ro .data.rel.ro.* .gnu.linkonce.d.rel.ro.*)

.dynamic        0x0000000000034f1c       0xd0
 *(.dynamic)
 .dynamic       0x0000000000034f1c       0xd0 /usr/lib/gcc/i686-linux-gnu/5/../../../i386-linux-gnu/crti.o
                0x0000000000034f1c                _DYNAMIC

.got            0x0000000000034fec       0x14
 *(.got)
 .got           0x0000000000034fec       0x14 /usr/lib/gcc/i686-linux-gnu/5/../../../i386-linux-gnu/crti.o
 *(.igot)
                0x0000000000035ff4                . = DATA_SEGMENT_RELRO_END (., (SIZEOF (.got.plt) >= 0xc)?0xc:0x0)

.got.plt        0x0000000000035000        0xc
 *(.got.plt)
 .got.plt       0x0000000000035000        0xc /usr/lib/gcc/i686-linux-gnu/5/../../../i386-linux-gnu/crti.o
                0x0000000000035000                _GLOBAL_OFFSET_TABLE_
 *(.igot.plt)

.data           0x0000000000035020      0x4c4
 *(.data .data.* .gnu.linkonce.d.*)
 .data          0x0000000000035020        0x0 /usr/lib/gcc/i686-linux-gnu/5/../../../i386-linux-gnu/crti.o
 .data          0x0000000000035020        0x0 /usr/lib/gcc/i686-linux-gnu/5/crtbeginS.o
 .data.rel.local
                0x0000000000035020        0x4 /usr/lib/gcc/i686-linux-gnu/5/crtbeginS.o
                0x0000000000035020                __dso_handle
 .data          0x0000000000035024       0x10 air_quality_CoAP-server.o
                0x0000000000035024                air_quality_server
 *fill*         0x0000000000035034        0xc 
 .data          0x0000000000035040       0x44 build/cooja/mtype537.o
                0x0000000000035040                simInterfaces
                0x0000000000035074                sensors
 .data          0x0000000000035084        0x0 build/cooja/mtype537.a(simEnvChange.o)
 .data          0x0000000000035084        0x0 build/cooja/mtype537.a(cooja_mt.o)
 .data          0x0000000000035084        0x0 build/cooja/mtype537.a(cooja_mtarch.o)
 .data          0x0000000000035084        0x0 build/cooja/mtype537.a(rtimer-arch.o)
 .data          0x0000000000035084        0x0 build/cooja/mtype537.a(beep.o)
 .data          0x0000000000035084        0x0 build/cooja/mtype537.a(leds-arch.o)
 .data          0x0000000000035084        0x0 build/cooja/mtype537.a(moteid.o)
 .data          0x0000000000035084        0x0 build/cooja/mtype537.a(pir-sensor.o)
 .data          0x0000000000035084        0x0 build/cooja/mtype537.a(rs232.o)
 .data          0x0000000000035084        0x0 build/cooja/mtype537.a(vib-sensor.o)
 .data          0x0000000000035084        0x0 build/cooja/mtype537.a(clock.o)
 .data          0x0000000000035084        0x0 build/cooja/mtype537.a(cooja-log.o)
 .data          0x0000000000035084        0x0 build/cooja/mtype537.a(cfs-cooja.o)
 .data          0x0000000000035084       0x2c build/cooja/mtype537.a(cooja-radio.o)
                0x0000000000035084                simRadioHWOn
                0x0000000000035088                simSignalStrength
                0x000000000003508c                simLastSignalStrength
                0x0000000000035090                simPower
                0x0000000000035094                simRadioChannel
                0x0000000000035098                simLQI
                0x00000000000350a0                cooja_radio_process
 .data          0x00000000000350b0        0x0 build/cooja/mtype537.a(eeprom.o)
 .data          0x00000000000350b0        0x0 build/cooja/mtype537.a(random.o)
 .data          0x00000000000350b0       0x10 build/cooja/mtype537.a(sensors.o)
                0x00000000000350b0                sensors_process
 .data          0x00000000000350c0        0x0 build/cooja/mtype537.a(leds.o)
 .data          0x00000000000350c0        0x0 build/cooja/mtype537.a(gpio-hal-arch.o)
 .data          0x00000000000350c0       0x78 build/cooja/mtype537.a(buttons.o)
                0x00000000000350c0                simButtonIsActive
                0x0000000000035130                button_hal_buttons
 *fill*         0x0000000000035138        0x8 
 .data          0x0000000000035140       0x24 build/cooja/mtype537.a(res-ventilation)
                0x0000000000035140                res_ventilation_system
 *fill*         0x0000000000035164       0x1c 
 .data          0x0000000000035180       0x28 build/cooja/mtype537.a(res-co2_sensor.)
                0x0000000000035180                res_co2_sensor
 .data          0x00000000000351a8        0x8 build/cooja/mtype537.a(coap-engine.o)
 *fill*         0x00000000000351b0       0x10 
 .data          0x00000000000351c0       0x24 build/cooja/mtype537.a(coap-res-well-k)
                0x00000000000351c0                res_well_known_core
 .data          0x00000000000351e4       0x10 build/cooja/mtype537.a(coap-observe.o)
 .data          0x00000000000351f4       0x10 build/cooja/mtype537.a(coap-uip.o)
                0x00000000000351f4                coap_engine
 .data          0x0000000000035204        0x4 build/cooja/mtype537.a(coap-timer.o)
 .data          0x0000000000035208       0x10 build/cooja/mtype537.a(coap-transactio)
 .data          0x0000000000035218        0x4 build/cooja/mtype537.a(coap.o)
                0x0000000000035218                coap_error_message
 .data          0x000000000003521c        0x0 build/cooja/mtype537.a(contiki-main.o)
 .data          0x000000000003521c        0x0 build/cooja/mtype537.a(autostart.o)
 .data          0x000000000003521c       0x14 build/cooja/mtype537.a(ctimer.o)
                0x0000000000035220                ctimer_process
 *fill*         0x0000000000035230       0x10 
 .data          0x0000000000035240       0xbc build/cooja/mtype537.a(log.o)
                0x0000000000035240                curr_log_level_main
                0x0000000000035260                all_modules
 .data          0x00000000000352fc        0x0 build/cooja/mtype537.a(energest.o)
 .data          0x00000000000352fc       0x10 build/cooja/mtype537.a(etimer.o)
                0x00000000000352fc                etimer_process
 .data          0x000000000003530c        0x0 build/cooja/mtype537.a(node-id.o)
 .data          0x000000000003530c        0x0 build/cooja/mtype537.a(rtimer.o)
 .data          0x000000000003530c        0x0 build/cooja/mtype537.a(process.o)
 .data          0x000000000003530c        0x0 build/cooja/mtype537.a(timer.o)
 .data          0x000000000003530c        0x0 build/cooja/mtype537.a(list.o)
 .data          0x000000000003530c        0x0 build/cooja/mtype537.a(memb.o)
 .data          0x000000000003530c       0x10 build/cooja/mtype537.a(button-hal.o)
                0x000000000003530c                button_hal_process
 .data          0x000000000003531c       0x10 build/cooja/mtype537.a(serial-line.o)
                0x000000000003531c                serial_line_process
 .data          0x000000000003532c        0x4 build/cooja/mtype537.a(gpio-hal.o)
 .data          0x0000000000035330       0x18 build/cooja/mtype537.a(queuebuf.o)
 .data          0x0000000000035348        0x4 build/cooja/mtype537.a(packetbuf.o)
 .data          0x000000000003534c        0x4 build/cooja/mtype537.a(netstack.o)
 .data          0x0000000000035350        0x0 build/cooja/mtype537.a(linkaddr.o)
 .data          0x0000000000035350        0x0 build/cooja/mtype537.a(csma.o)
 .data          0x0000000000035350       0x28 build/cooja/mtype537.a(csma-output.o)
 .data          0x0000000000035378        0x0 build/cooja/mtype537.a(uip-ds6.o)
 .data          0x0000000000035378        0x0 build/cooja/mtype537.a(uip-udp-packet.)
 .data          0x0000000000035378       0x44 build/cooja/mtype537.a(uip-ds6-route.o)
                0x0000000000035388                nbr_routes
 .data          0x00000000000353bc       0x10 build/cooja/mtype537.a(tcpip.o)
                0x00000000000353bc                tcpip_process
 .data          0x00000000000353cc        0x0 build/cooja/mtype537.a(uip6.o)
 .data          0x00000000000353cc       0x14 build/cooja/mtype537.a(uip-ds6-nbr.o)
 .data          0x00000000000353e0        0xc build/cooja/mtype537.a(uip-nd6.o)
 .data          0x00000000000353ec        0x0 build/cooja/mtype537.a(sicslowpan.o)
 .data          0x00000000000353ec        0x0 build/cooja/mtype537.a(uiplib.o)
 .data          0x00000000000353ec        0x0 build/cooja/mtype537.a(rpl.o)
 .data          0x00000000000353ec       0x30 build/cooja/mtype537.a(rpl-icmp6.o)
 .data          0x000000000003541c        0x0 build/cooja/mtype537.a(rpl-dag-root.o)
 .data          0x000000000003541c        0x0 build/cooja/mtype537.a(watchdog.o)
 .data          0x000000000003541c        0x0 build/cooja/mtype537.a(int-master.o)
 .data          0x000000000003541c       0x10 build/cooja/mtype537.a(coap-timer-defa)
                0x000000000003541c                coap_timer_process
 .data          0x000000000003542c        0x0 build/cooja/mtype537.a(stimer.o)
 .data          0x000000000003542c        0x0 build/cooja/mtype537.a(ringbuf.o)
 .data          0x000000000003542c        0x0 build/cooja/mtype537.a(assert.o)
 .data          0x000000000003542c       0x10 build/cooja/mtype537.a(nbr-table.o)
 .data          0x000000000003543c       0x14 build/cooja/mtype537.a(link-stats.o)
 .data          0x0000000000035450        0x0 build/cooja/mtype537.a(mac-sequence.o)
 .data          0x0000000000035450        0x0 build/cooja/mtype537.a(mac.o)
 .data          0x0000000000035450        0x0 build/cooja/mtype537.a(framer-802154.o)
 .data          0x0000000000035450        0x2 build/cooja/mtype537.a(frame802154.o)
 .data          0x0000000000035452        0x0 build/cooja/mtype537.a(csma-security.o)
 .data          0x0000000000035452        0x0 build/cooja/mtype537.a(uipbuf.o)
 *fill*         0x0000000000035452        0x2 
 .data          0x0000000000035454       0x20 build/cooja/mtype537.a(uip-icmp6.o)
 .data          0x0000000000035474       0x10 build/cooja/mtype537.a(uip-sr.o)
 .data          0x0000000000035484        0xc build/cooja/mtype537.a(uip-packetqueue)
 .data          0x0000000000035490        0x0 build/cooja/mtype537.a(rpl-nbr-policy.)
 .data          0x0000000000035490       0x14 build/cooja/mtype537.a(rpl-neighbor.o)
                0x00000000000354a0                rpl_neighbors
 .data          0x00000000000354a4        0x0 build/cooja/mtype537.a(rpl-dag.o)
 .data          0x00000000000354a4        0x0 build/cooja/mtype537.a(rpl-timers.o)
 .data          0x00000000000354a4        0x0 build/cooja/mtype537.a(rpl-ext-header.)
 *fill*         0x00000000000354a4       0x1c 
 .data          0x00000000000354c0       0x24 build/cooja/mtype537.a(rpl-mrhof.o)
                0x00000000000354c0                rpl_mrhof
 .data          0x00000000000354e4        0x0 /usr/lib/gcc/i686-linux-gnu/5/libgcc.a(_udivdi3.o)
 .data          0x00000000000354e4        0x0 /usr/lib/gcc/i686-linux-gnu/5/crtendS.o
 .data          0x00000000000354e4        0x0 /usr/lib/gcc/i686-linux-gnu/5/../../../i386-linux-gnu/crtn.o

.tm_clone_table
                0x00000000000354e4        0x0
 .tm_clone_table
                0x00000000000354e4        0x0 /usr/lib/gcc/i686-linux-gnu/5/crtbeginS.o
 .tm_clone_table
                0x00000000000354e4        0x0 /usr/lib/gcc/i686-linux-gnu/5/crtendS.o

.data1
 *(.data1)
                0x00000000000354e4                _edata = .
                [!provide]                        PROVIDE (edata, .)
                0x00000000000354e4                . = .
                0x00000000000354e4                __bss_start = .

.bss            0x0000000000035500     0xf144
 *(.dynbss)
 .dynbss        0x0000000000035500        0x0 /usr/lib/gcc/i686-linux-gnu/5/../../../i386-linux-gnu/crti.o
 *(.bss .bss.* .gnu.linkonce.b.*)
 .bss           0x0000000000035500        0x0 /usr/lib/gcc/i686-linux-gnu/5/../../../i386-linux-gnu/crti.o
 .bss           0x0000000000035500        0x1 /usr/lib/gcc/i686-linux-gnu/5/crtbeginS.o
 *fill*         0x0000000000035501        0x3 
 .bss           0x0000000000035504       0x20 air_quality_CoAP-server.o
 *fill*         0x0000000000035524       0x1c 
 .bss           0x0000000000035540     0x2030 build/cooja/mtype537.o
 .bss           0x0000000000037570        0x1 build/cooja/mtype537.a(simEnvChange.o)
                0x0000000000037570                simDontFallAsleep
 *fill*         0x0000000000037571        0x3 
 .bss           0x0000000000037574        0x4 build/cooja/mtype537.a(cooja_mt.o)
 .bss           0x0000000000037578        0x4 build/cooja/mtype537.a(cooja_mtarch.o)
 .bss           0x000000000003757c        0x0 build/cooja/mtype537.a(rtimer-arch.o)
 .bss           0x000000000003757c        0x0 build/cooja/mtype537.a(beep.o)
 .bss           0x000000000003757c        0x1 build/cooja/mtype537.a(leds-arch.o)
                0x000000000003757c                simLedsValue
 .bss           0x000000000003757d        0x0 build/cooja/mtype537.a(moteid.o)
 .bss           0x000000000003757d        0x1 build/cooja/mtype537.a(pir-sensor.o)
                0x000000000003757d                simPirValue
 *fill*         0x000000000003757e        0x2 
 .bss           0x0000000000037580        0x4 build/cooja/mtype537.a(rs232.o)
 .bss           0x0000000000037584        0x1 build/cooja/mtype537.a(vib-sensor.o)
                0x0000000000037584                simVibValue
 .bss           0x0000000000037585        0x0 build/cooja/mtype537.a(clock.o)
 *fill*         0x0000000000037585       0x1b 
 .bss           0x00000000000375a0     0x2020 build/cooja/mtype537.a(cooja-log.o)
 .bss           0x00000000000395c0      0xfc0 build/cooja/mtype537.a(cfs-cooja.o)
                0x00000000000395c0                simCFSData
                0x000000000003a560                simCFSSize
                0x000000000003a564                simCFSChanged
                0x000000000003a568                simCFSRead
                0x000000000003a56c                simCFSWritten
 .bss           0x000000000003a580       0x24 build/cooja/mtype537.a(cooja-radio.o)
                0x000000000003a580                simReceiving
                0x000000000003a584                simInSize
                0x000000000003a588                simLastPacketTimestamp
                0x000000000003a590                simOutSize
 .bss           0x000000000003a5a4        0xc build/cooja/mtype537.a(eeprom.o)
                0x000000000003a5a4                simEEPROMChanged
                0x000000000003a5a8                simEEPROMRead
                0x000000000003a5ac                simEEPROMWritten
 .bss           0x000000000003a5b0        0x0 build/cooja/mtype537.a(random.o)
 .bss           0x000000000003a5b0        0xc build/cooja/mtype537.a(sensors.o)
 .bss           0x000000000003a5bc        0x0 build/cooja/mtype537.a(leds.o)
 .bss           0x000000000003a5bc       0x24 build/cooja/mtype537.a(gpio-hal-arch.o)
 .bss           0x000000000003a5e0        0x0 build/cooja/mtype537.a(buttons.o)
 .bss           0x000000000003a5e0        0x1 build/cooja/mtype537.a(res-ventilation)
                0x000000000003a5e0                ventilation_on
 .bss           0x000000000003a5e1        0x0 build/cooja/mtype537.a(res-co2_sensor.)
 *fill*         0x000000000003a5e1       0x1f 
 .bss           0x000000000003a600      0x190 build/cooja/mtype537.a(coap-engine.o)
 .bss           0x000000000003a790        0x0 build/cooja/mtype537.a(coap-res-well-k)
 *fill*         0x000000000003a790       0x10 
 .bss           0x000000000003a7a0      0x120 build/cooja/mtype537.a(coap-observe.o)
 .bss           0x000000000003a8c0       0x18 build/cooja/mtype537.a(coap-uip.o)
 .bss           0x000000000003a8d8        0x5 build/cooja/mtype537.a(coap-timer.o)
 *fill*         0x000000000003a8dd        0x3 
 .bss           0x000000000003a8e0      0x334 build/cooja/mtype537.a(coap-transactio)
 .bss           0x000000000003ac14        0x6 build/cooja/mtype537.a(coap.o)
                0x000000000003ac14                coap_status_code
 .bss           0x000000000003ac1a        0x0 build/cooja/mtype537.a(contiki-main.o)
 .bss           0x000000000003ac1a        0x0 build/cooja/mtype537.a(autostart.o)
 *fill*         0x000000000003ac1a        0x2 
 .bss           0x000000000003ac1c        0x5 build/cooja/mtype537.a(ctimer.o)
 *fill*         0x000000000003ac21        0x3 
 .bss           0x000000000003ac24       0x2c build/cooja/mtype537.a(log.o)
                0x000000000003ac24                curr_log_level_rpl
                0x000000000003ac28                curr_log_level_tcpip
                0x000000000003ac2c                curr_log_level_ipv6
                0x000000000003ac30                curr_log_level_6lowpan
                0x000000000003ac34                curr_log_level_nullnet
                0x000000000003ac38                curr_log_level_mac
                0x000000000003ac3c                curr_log_level_framer
                0x000000000003ac40                curr_log_level_6top
                0x000000000003ac44                curr_log_level_coap
                0x000000000003ac48                curr_log_level_snmp
                0x000000000003ac4c                curr_log_level_lwm2m
 .bss           0x000000000003ac50        0x0 build/cooja/mtype537.a(energest.o)
 .bss           0x000000000003ac50        0x8 build/cooja/mtype537.a(etimer.o)
 .bss           0x000000000003ac58        0x2 build/cooja/mtype537.a(node-id.o)
                0x000000000003ac58                node_id
 *fill*         0x000000000003ac5a        0x2 
 .bss           0x000000000003ac5c        0x4 build/cooja/mtype537.a(rtimer.o)
 .bss           0x000000000003ac60      0x1a1 build/cooja/mtype537.a(process.o)
                0x000000000003ac60                process_list
                0x000000000003ac64                process_current
 .bss           0x000000000003ae01        0x0 build/cooja/mtype537.a(timer.o)
 .bss           0x000000000003ae01        0x0 build/cooja/mtype537.a(list.o)
 .bss           0x000000000003ae01        0x0 build/cooja/mtype537.a(memb.o)
 *fill*         0x000000000003ae01        0x3 
 .bss           0x000000000003ae04       0x10 build/cooja/mtype537.a(button-hal.o)
 *fill*         0x000000000003ae14        0xc 
 .bss           0x000000000003ae20      0x140 build/cooja/mtype537.a(serial-line.o)
 .bss           0x000000000003af60        0x4 build/cooja/mtype537.a(gpio-hal.o)
 *fill*         0x000000000003af64       0x1c 
 .bss           0x000000000003af80     0x2c80 build/cooja/mtype537.a(queuebuf.o)
 .bss           0x000000000003dc00       0xa0 build/cooja/mtype537.a(packetbuf.o)
 .bss           0x000000000003dca0        0x4 build/cooja/mtype537.a(netstack.o)
 .bss           0x000000000003dca4        0x0 build/cooja/mtype537.a(linkaddr.o)
 .bss           0x000000000003dca4        0x0 build/cooja/mtype537.a(csma.o)
 *fill*         0x000000000003dca4       0x1c 
 .bss           0x000000000003dcc0      0x726 build/cooja/mtype537.a(csma-output.o)
 *fill*         0x000000000003e3e6        0x2 
 .bss           0x000000000003e3e8       0x30 build/cooja/mtype537.a(uip-ds6.o)
 .bss           0x000000000003e418        0x0 build/cooja/mtype537.a(uip-udp-packet.)
 *fill*         0x000000000003e418        0x8 
 .bss           0x000000000003e420      0x2a4 build/cooja/mtype537.a(uip-ds6-route.o)
 .bss           0x000000000003e6c4       0x10 build/cooja/mtype537.a(tcpip.o)
 .bss           0x000000000003e6d4        0x8 build/cooja/mtype537.a(uip6.o)
                0x000000000003e6d4                uip_ext_bitmap
                0x000000000003e6d6                uip_ext_len
                0x000000000003e6d8                uip_last_proto
 *fill*         0x000000000003e6dc        0x4 
 .bss           0x000000000003e6e0       0xf0 build/cooja/mtype537.a(uip-ds6-nbr.o)
 .bss           0x000000000003e7d0       0x10 build/cooja/mtype537.a(uip-nd6.o)
 .bss           0x000000000003e7e0      0x724 build/cooja/mtype537.a(sicslowpan.o)
 .bss           0x000000000003ef04        0x0 build/cooja/mtype537.a(uiplib.o)
 .bss           0x000000000003ef04        0x1 build/cooja/mtype537.a(rpl.o)