Archive member included to satisfy reference by file (symbol)

build/cooja/mtype244.a(simEnvChange.o)
                              build/cooja/mtype244.o (simDontFallAsleep)
build/cooja/mtype244.a(cooja_mt.o)
                              build/cooja/mtype244.o (cooja_mt_start)
build/cooja/mtype244.a(cooja_mtarch.o)
                              build/cooja/mtype244.a(cooja_mt.o) (cooja_mtarch_start)
build/cooja/mtype244.a(rtimer-arch.o)
                              build/cooja/mtype244.o (rtimer_arch_check)
build/cooja/mtype244.a(beep.o)
                              build/cooja/mtype244.o (beep_interface)
build/cooja/mtype244.a(leds-arch.o)
                              build/cooja/mtype244.o (leds_interface)
build/cooja/mtype244.a(moteid.o)
                              build/cooja/mtype244.o (moteid_interface)
build/cooja/mtype244.a(pir-sensor.o)
                              build/cooja/mtype244.o (pir_interface)
build/cooja/mtype244.a(rs232.o)
                              build/cooja/mtype244.o (rs232_interface)
build/cooja/mtype244.a(vib-sensor.o)
                              build/cooja/mtype244.o (vib_interface)
build/cooja/mtype244.a(clock.o)
                              build/cooja/mtype244.o (clock_interface)
build/cooja/mtype244.a(cooja-log.o)
                              build/cooja/mtype244.o (simlog_interface)
build/cooja/mtype244.a(cfs-cooja.o)
                              build/cooja/mtype244.o (cfs_interface)
build/cooja/mtype244.a(cooja-radio.o)
                              build/cooja/mtype244.o (radio_interface)
build/cooja/mtype244.a(eeprom.o)
                              build/cooja/mtype244.o (eeprom_interface)
build/cooja/mtype244.a(random.o)
                              build/cooja/mtype244.a(moteid.o) (random_init)
build/cooja/mtype244.a(sensors.o)
                              build/cooja/mtype244.a(pir-sensor.o) (sensors_changed)
build/cooja/mtype244.a(leds.o)
                              build/cooja/mtype244.a(leds-arch.o) (leds_get)
build/cooja/mtype244.a(gpio-hal-arch.o)
                              build/cooja/mtype244.a(leds-arch.o) (gpio_hal_arch_register_pin_callback)
build/cooja/mtype244.a(buttons.o)
                              build/cooja/mtype244.o (button_interface)
build/cooja/mtype244.a(res-light.o)
                              light_CoAP-server.o (light_switch)
build/cooja/mtype244.a(coap-engine.o)
                              light_CoAP-server.o (coap_activate_resource)
build/cooja/mtype244.a(coap-res-well-k)
                              build/cooja/mtype244.a(coap-engine.o) (res_well_known_core)
build/cooja/mtype244.a(coap-observe.o)
                              build/cooja/mtype244.a(coap-engine.o) (coap_remove_observer_by_mid)
build/cooja/mtype244.a(coap-uip.o)
                              build/cooja/mtype244.a(coap-observe.o) (coap_endpoint_copy)
build/cooja/mtype244.a(coap-timer.o)
                              build/cooja/mtype244.a(coap-engine.o) (coap_timer_set)
build/cooja/mtype244.a(coap-transactio)
                              build/cooja/mtype244.a(coap-engine.o) (coap_send_transaction)
build/cooja/mtype244.a(coap.o)
                              build/cooja/mtype244.a(coap-engine.o) (coap_status_code)
build/cooja/mtype244.a(contiki-main.o)
                              build/cooja/mtype244.o (main)
build/cooja/mtype244.a(autostart.o)
                              build/cooja/mtype244.a(contiki-main.o) (autostart_start)
build/cooja/mtype244.a(ctimer.o)
                              build/cooja/mtype244.a(contiki-main.o) (ctimer_init)
build/cooja/mtype244.a(log.o)
                              build/cooja/mtype244.a(contiki-main.o) (curr_log_level_main)
build/cooja/mtype244.a(energest.o)
                              build/cooja/mtype244.a(contiki-main.o) (energest_init)
build/cooja/mtype244.a(etimer.o)
                              build/cooja/mtype244.a(contiki-main.o) (etimer_process)
build/cooja/mtype244.a(node-id.o)
                              build/cooja/mtype244.a(contiki-main.o) (node_id)
build/cooja/mtype244.a(rtimer.o)
                              build/cooja/mtype244.a(contiki-main.o) (rtimer_init)
build/cooja/mtype244.a(process.o)
                              light_CoAP-server.o (process_current)
build/cooja/mtype244.a(timer.o)
                              build/cooja/mtype244.a(etimer.o) (timer_set)
build/cooja/mtype244.a(list.o)
                              build/cooja/mtype244.a(coap-engine.o) (list_init)
build/cooja/mtype244.a(memb.o)
                              build/cooja/mtype244.a(coap-observe.o) (memb_alloc)
build/cooja/mtype244.a(button-hal.o)
                              build/cooja/mtype244.o (button_hal_init)
build/cooja/mtype244.a(serial-line.o)
                              build/cooja/mtype244.a(rs232.o) (serial_line_input_byte)
build/cooja/mtype244.a(gpio-hal.o)
                              build/cooja/mtype244.a(button-hal.o) (gpio_hal_register_handler)
build/cooja/mtype244.a(queuebuf.o)
[...]
Memory Configuration

Name             Origin             Length             Attributes
*default*        0x0000000000000000 0xffffffffffffffff

Linker script and memory map

LOAD /usr/lib/gcc/i686-linux-gnu/5/../../../i386-linux-gnu/crti.o
LOAD /usr/lib/gcc/i686-linux-gnu/5/crtbeginS.o
LOAD light_CoAP-server.o
LOAD build/cooja/mtype244.o
LOAD build/cooja/mtype244.a
LOAD /usr/lib/gcc/i686-linux-gnu/5/libgcc.a
LOAD /usr/lib/gcc/i686-linux-gnu/5/libgcc_s.so
LOAD /usr/lib/gcc/i686-linux-gnu/5/../../../i386-linux-gnu/libc.so
START GROUP
LOAD /lib/i386-linux-gnu/libc.so.6
LOAD /usr/lib/i386-linux-gnu/libc_nonshared.a
LOAD /lib/i386-linux-gnu/ld-linux.so.2
END GROUP
LOAD /usr/lib/gcc/i686-linux-gnu/5/libgcc.a
LOAD /usr/lib/gcc/i686-linux-gnu/5/libgcc_s.so
LOAD /usr/lib/gcc/i686-linux-gnu/5/crtendS.o
LOAD /usr/lib/gcc/i686-linux-gnu/5/../../../i386-linux-gnu/crtn.o
                0x0000000000000114                . = (0x0 + SIZEOF_HEADERS)

.note.gnu.build-id
                0x0000000000000114       0x24
 *(.note.gnu.build-id)
 .note.gnu.build-id
                0x0000000000000114       0x24 /usr/lib/gcc/i686-linux-gnu/5/../../../i386-linux-gnu/crti.o

.hash
 *(.hash)

.gnu.hash       0x0000000000000138     0x158c
 *(.gnu.hash)
 .gnu.hash      0x0000000000000138     0x158c /usr/lib/gcc/i686-linux-gnu/5/../../../i386-linux-gnu/crti.o

.dynsym         0x00000000000016c4     0x2eb0
 *(.dynsym)
 .dynsym        0x00000000000016c4     0x2eb0 /usr/lib/gcc/i686-linux-gnu/5/../../../i386-linux-gnu/crti.o

.dynstr         0x0000000000004574     0x366d
 *(.dynstr)
 .dynstr        0x0000000000004574     0x366d /usr/lib/gcc/i686-linux-gnu/5/../../../i386-linux-gnu/crti.o

.gnu.version    0x0000000000007be2      0x5d6
 *(.gnu.version)
 .gnu.version   0x0000000000007be2      0x5d6 /usr/lib/gcc/i686-linux-gnu/5/../../../i386-linux-gnu/crti.o

.gnu.version_d  0x00000000000081b8        0x0
 *(.gnu.version_d)
 .gnu.version_d
                0x00000000000081b8        0x0 /usr/lib/gcc/i686-linux-gnu/5/../../../i386-linux-gnu/crti.o

.gnu.version_r  0x00000000000081b8       0x40
 *(.gnu.version_r)
 .gnu.version_r
                0x00000000000081b8       0x40 /usr/lib/gcc/i686-linux-gnu/5/../../../i386-linux-gnu/crti.o

.rel.dyn        0x00000000000081f8     0x9310
 *(.rel.init)
 .rel.init      0x00000000000081f8        0x0 /usr/lib/gcc/i686-linux-gnu/5/../../../i386-linux-gnu/crti.o
 *(.rel.text .rel.text.* .rel.gnu.linkonce.t.*)
 .rel.text      0x00000000000081f8     0x8928 /usr/lib/gcc/i686-linux-gnu/5/../../../i386-linux-gnu/crti.o
 *(.rel.fini)
 .rel.fini      0x0000000000010b20        0x0 /usr/lib/gcc/i686-linux-gnu/5/../../../i386-linux-gnu/crti.o
 *(.rel.rodata .rel.rodata.* .rel.gnu.linkonce.r.*)
 .rel.rodata    0x0000000000010b20      0x588 /usr/lib/gcc/i686-linux-gnu/5/../../../i386-linux-gnu/crti.o
 *(.rel.data.rel.ro .rel.data.rel.ro.* .rel.gnu.linkonce.d.rel.ro.*)
 *(.rel.data .rel.data.* .rel.gnu.linkonce.d.*)
 .rel.data.rel.local
                0x00000000000110a8        0x8 /usr/lib/gcc/i686-linux-gnu/5/../../../i386-linux-gnu/crti.o
 .rel.data      0x00000000000110b0      0x420 /usr/lib/gcc/i686-linux-gnu/5/../../../i386-linux-gnu/crti.o
 *(.rel.tdata .rel.tdata.* .rel.gnu.linkonce.td.*)
 *(.rel.tbss .rel.tbss.* .rel.gnu.linkonce.tb.*)
 *(.rel.ctors)
 *(.rel.dtors)
 *(.rel.got)
 .rel.got       0x00000000000114d0       0x28 /usr/lib/gcc/i686-linux-gnu/5/../../../i386-linux-gnu/crti.o
 *(.rel.bss .rel.bss.* .rel.gnu.linkonce.b.*)
 *(.rel.ifunc)
 .rel.ifunc     0x00000000000114f8        0x0 /usr/lib/gcc/i686-linux-gnu/5/../../../i386-linux-gnu/crti.o
 .rel.fini_array
                0x00000000000114f8        0x8 /usr/lib/gcc/i686-linux-gnu/5/../../../i386-linux-gnu/crti.o
 .rel.init_array
                0x0000000000011500        0x8 /usr/lib/gcc/i686-linux-gnu/5/../../../i386-linux-gnu/crti.o

.rel.plt        0x0000000000011508        0x0
 *(.rel.plt)
 .rel.plt       0x0000000000011508        0x0 /usr/lib/gcc/i686-linux-gnu/5/../../../i386-linux-gnu/crti.o
 *(.rel.iplt)

.init           0x0000000000011508       0x23
 *(SORT(.init))
 .init          0x0000000000011508       0x1e /usr/lib/gcc/i686-linux-gnu/5/../../../i386-linux-gnu/crti.o
                0x0000000000011508                _init
 .init          0x0000000000011526        0x5 /usr/lib/gcc/i686-linux-gnu/5/../../../i386-linux-gnu/crtn.o

.plt            0x0000000000011530       0x10
 *(.plt)
 .plt           0x0000000000011530       0x10 /usr/lib/gcc/i686-linux-gnu/5/../../../i386-linux-gnu/crti.o
 *(.iplt)

.plt.got        0x0000000000011540       0x10
 *(.plt.got)
 .plt.got       0x0000000000011540       0x10 /usr/lib/gcc/i686-linux-gnu/5/../../../i386-linux-gnu/crti.o

.text           0x0000000000011550    0x189c2
 *(.text.unlikely .text.*_unlikely .text.unlikely.*)
 .text.unlikely
                0x0000000000011550        0x0 /usr/lib/gcc/i686-linux-gnu/5/crtbeginS.o
 .text.unlikely
                0x0000000000011550        0x0 /usr/lib/gcc/i686-linux-gnu/5/libgcc.a(_udivdi3.o)
 *(.text.exit .text.exit.*)
 *(.text.startup .text.startup.*)
 *(.text.hot .text.hot.*)
 *(.text .stub .text.* .gnu.linkonce.t.*)
 .text          0x0000000000011550        0x0 /usr/lib/gcc/i686-linux-gnu/5/../../../i386-linux-gnu/crti.o
 .gnu.linkonce.t.__x86.get_pc_thunk.bx
                0x0000000000011550        0x4 /usr/lib/gcc/i686-linux-gnu/5/../../../i386-linux-gnu/crti.o
                0x0000000000011550                __x86.get_pc_thunk.bx
 *fill*         0x0000000000011554        0xc 
 .text          0x0000000000011560      0x11c /usr/lib/gcc/i686-linux-gnu/5/crtbeginS.o
 .text.__x86.get_pc_thunk.dx
                0x000000000001167c        0x4 /usr/lib/gcc/i686-linux-gnu/5/crtbeginS.o
                0x000000000001167c                __x86.get_pc_thunk.dx
 .text          0x0000000000011680      0x1ba light_CoAP-server.o
 .text          0x000000000001183a      0x283 build/cooja/mtype244.o
                0x00000000000118cc                platform_init_stage_one
                0x00000000000118df                platform_init_stage_two
                0x00000000000118f2                platform_init_stage_three
                0x0000000000011905                platform_main_loop
                0x0000000000011978                Java_org_contikios_cooja_corecomm_Lib8_init
                0x00000000000119af                Java_org_contikios_cooja_corecomm_Lib8_getMemory
                0x00000000000119e2                Java_org_contikios_cooja_corecomm_Lib8_setMemory
                0x0000000000011a42                Java_org_contikios_cooja_corecomm_Lib8_tick
                0x0000000000011aaa                Java_org_contikios_cooja_corecomm_Lib8_setReferenceAddress
 .text          0x0000000000011abd       0x65 build/cooja/mtype244.a(simEnvChange.o)
                0x0000000000011abd                doActionsBeforeTick
                0x0000000000011aef                doActionsAfterTick
 .text          0x0000000000011b22       0x83 build/cooja/mtype244.a(cooja_mt.o)
                0x0000000000011b22                cooja_mt_start
                0x0000000000011b4c                cooja_mt_exec
                0x0000000000011b82                cooja_mt_yield
 .text          0x0000000000011ba5       0xbe build/cooja/mtype244.a(cooja_mtarch.o)
                0x0000000000011ba5                cooja_mtarch_start
                0x0000000000011c18                cooja_sw
                0x0000000000011c3b                cooja_mtarch_exec
                0x0000000000011c58                cooja_mtarch_yield
 .text          0x0000000000011c63       0xc5 build/cooja/mtype244.a(rtimer-arch.o)
                0x0000000000011c63                rtimer_arch_init
                0x0000000000011c87                rtimer_arch_schedule
                0x0000000000011cb7                rtimer_arch_next
                0x0000000000011cc7                rtimer_arch_pending
                0x0000000000011cd1                rtimer_arch_check
                0x0000000000011d18                rtimer_arch_now
 .text          0x0000000000011d28       0x81 build/cooja/mtype244.a(beep.o)
                0x0000000000011d28                beep_alarm
                0x0000000000011d35                beep_beep
                0x0000000000011d42                beep
                0x0000000000011d4f                beep_down
                0x0000000000011d5c                beep_on
                0x0000000000011d69                beep_off
                0x0000000000011d76                beep_spinup
                0x0000000000011d83                beep_quick
                0x0000000000011d90                beep_long
 .text          0x0000000000011da9       0x65 build/cooja/mtype244.a(leds-arch.o)
                0x0000000000011dbc                leds_arch_init
 .text          0x0000000000011e0e       0x35 build/cooja/mtype244.a(moteid.o)
 .text          0x0000000000011e43       0xb7 build/cooja/mtype244.a(pir-sensor.o)
 .text          0x0000000000011efa      0x148 build/cooja/mtype244.a(rs232.o)
                0x0000000000011efa                rs232_init
                0x0000000000011f00                rs232_set_speed
                0x0000000000011f0f                rs232_set_input
                0x0000000000011f1d                rs232_send
                0x0000000000011f41                rs232_print
                0x0000000000011f5d                slip_arch_writeb
 .text          0x0000000000012042       0xb7 build/cooja/mtype244.a(vib-sensor.o)
 .text          0x00000000000120f9       0x38 build/cooja/mtype244.a(clock.o)
                0x00000000000120f9                clock_init
                0x00000000000120ff                clock_time
                0x0000000000012109                clock_seconds
                0x000000000001211f                clock_delay
 .text          0x0000000000012131      0x219 build/cooja/mtype244.a(cooja-log.o)
                0x0000000000012131                simlog_char
                0x0000000000012174                simlog
                0x00000000000121ea                log_message
                0x000000000001221b                log_set_putchar_with_slip
                0x0000000000012229                log_putchar
                0x00000000000122a4                log_puts
                0x00000000000122cc                log_printf
 .text          0x000000000001234a      0x2b9 build/cooja/mtype244.a(cfs-cooja.o)
                0x000000000001234a                cfs_open
                0x00000000000123b3                cfs_close
                0x00000000000123c0                cfs_read
                0x0000000000012455                cfs_write
                0x0000000000012531                cfs_seek
                0x00000000000125b9                cfs_remove
                0x00000000000125dd                cfs_opendir
                0x00000000000125e7                cfs_readdir
                0x00000000000125f1                cfs_closedir
 .text          0x0000000000012603      0x620 build/cooja/mtype244.a(cooja-radio.o)
                0x0000000000012645                radio_set_channel
                0x0000000000012653                radio_set_txpower
                0x000000000001266b                radio_signal_strength_last
                0x0000000000012675                radio_signal_strength_current
                0x000000000001267f                radio_LQI
 .text          0x0000000000012c23       0xee build/cooja/mtype244.a(eeprom.o)
                0x0000000000012c23                eeprom_init
                0x0000000000012c29                eeprom_read
                0x0000000000012c97                eeprom_write
 .text          0x0000000000012d11       0x2d build/cooja/mtype244.a(random.o)
                0x0000000000012d11                random_init
                0x0000000000012d31                random_rand
 .text          0x0000000000012d3e      0x29c build/cooja/mtype244.a(sensors.o)
                0x0000000000012d79                sensors_first
                0x0000000000012d83                sensors_next
                0x0000000000012d9d                sensors_changed
                0x0000000000012dd1                sensors_find
 .text          0x0000000000012fda      0x349 build/cooja/mtype244.a(leds.o)
                0x0000000000012fda                leds_init
                0x0000000000013021                leds_single_on
                0x0000000000013080                leds_single_off
                0x00000000000130df                leds_single_toggle
                0x0000000000013111                leds_on
                0x0000000000013193                leds_off
                0x0000000000013215                leds_toggle
                0x000000000001326a                leds_set
                0x0000000000013296                leds_get
 .text          0x0000000000013323      0x343 build/cooja/mtype244.a(gpio-hal-arch.o)
                0x0000000000013323                gpio_hal_arch_register_pin_callback
                0x000000000001338f                gpio_hal_arch_init
                0x00000000000133d4                gpio_hal_arch_no_port_interrupt_enable
                0x0000000000013404                gpio_hal_arch_no_port_interrupt_disable
                0x0000000000013434                gpio_hal_arch_no_port_pin_cfg_set
                0x0000000000013459                gpio_hal_arch_no_port_pin_cfg_get
                0x000000000001347f                gpio_hal_arch_no_port_pin_set_input
                0x0000000000013491                gpio_hal_arch_no_port_pin_set_output
                0x00000000000134a3                gpio_hal_arch_no_port_set_pin
                0x00000000000134c4                gpio_hal_arch_no_port_clear_pin
                0x00000000000134e5                gpio_hal_arch_no_port_read_pin
                0x000000000001350b                gpio_hal_arch_no_port_write_pin
                0x0000000000013535                gpio_hal_arch_no_port_set_pins
                0x000000000001357c                gpio_hal_arch_no_port_clear_pins
                0x00000000000135c3                gpio_hal_arch_no_port_read_pins
                0x0000000000013606                gpio_hal_arch_no_port_write_pins
 .text          0x0000000000013666       0x89 build/cooja/mtype244.a(buttons.o)
 .text          0x00000000000136ef      0x2ec build/cooja/mtype244.a(res-light.o)
 .text          0x00000000000139db      0xbea build/cooja/mtype244.a(coap-engine.o)
                0x0000000000013a70                coap_add_handler
                0x0000000000013a8d                coap_remove_handler
                0x0000000000013aaa                coap_call_handlers
                0x0000000000013bb2                coap_receive
                0x00000000000141ad                coap_engine_init
                0x000000000001420b                coap_activate_resource
                0x00000000000142b6                coap_get_first_resource
                0x00000000000142cf                coap_get_next_resource
 .text          0x00000000000145c5      0x2d9 build/cooja/mtype244.a(coap-res-well-k)
 .text          0x000000000001489e      0x96a build/cooja/mtype244.a(coap-observe.o)
                0x00000000000149b3                coap_remove_observer
                0x00000000000149e3                coap_remove_observer_by_client
                0x0000000000014a4b                coap_remove_observer_by_token
                0x0000000000014ade                coap_remove_observer_by_uri
                0x0000000000014b85                coap_remove_observer_by_mid
                0x0000000000014c01                coap_notify_observers
                0x0000000000014c1a                coap_notify_observers_sub
                0x0000000000015084                coap_observe_handler
                0x000000000001519f                coap_has_observers
 .text          0x0000000000015208      0x733 build/cooja/mtype244.a(coap-uip.o)
                0x0000000000015208                coap_endpoint_log
                0x000000000001528e                coap_endpoint_print
                0x0000000000015314                coap_endpoint_snprint
                0x0000000000015447                coap_endpoint_copy
                0x0000000000015484                coap_endpoint_cmp
                0x0000000000015592                coap_endpoint_parse
                0x000000000001577d                coap_endpoint_is_secure
                0x000000000001578c                coap_endpoint_is_connected
                0x00000000000157c0                coap_endpoint_connect
                0x00000000000157dc                coap_endpoint_disconnect
                0x00000000000157e2                coap_databuf
                0x00000000000157ec                coap_transport_init
                0x000000000001583c                coap_sendto
 .text          0x000000000001593b      0x324 build/cooja/mtype244.a(coap-timer.o)
                0x0000000000015a38                coap_timer_stop
                0x0000000000015a63                coap_timer_set
                0x0000000000015aa6                coap_timer_reset
                0x0000000000015ae9                coap_timer_time_to_next_expiration
                0x0000000000015b55                coap_timer_run
                0x0000000000015c21                coap_timer_init
 .text          0x0000000000015c5f      0x2c6 build/cooja/mtype244.a(coap-transactio)
                0x0000000000015cc5                coap_new_transaction
                0x0000000000015d2b                coap_send_transaction
                0x0000000000015e8c                coap_clear_transaction
                0x0000000000015ed4                coap_get_transaction_by_mid
 .text          0x0000000000015f25     0x1c53 build/cooja/mtype244.a(coap.o)
                0x0000000000016492                coap_init_connection
                0x00000000000164a6                coap_get_mid
                0x00000000000164c2                coap_init_message
                0x000000000001650b                coap_serialize_message
                0x0000000000016b8d                coap_parse_message
                0x00000000000171f4                coap_get_query_variable
                0x0000000000017236                coap_get_post_variable
                0x000000000001727a                coap_set_status_code
                0x000000000001729f                coap_set_token
                0x00000000000172e6                coap_get_header_content_format
                0x0000000000017317                coap_set_header_content_format
                0x000000000001733a                coap_get_header_accept
                0x000000000001736b                coap_set_header_accept
                0x000000000001738e                coap_get_header_max_age
                0x00000000000173bf                coap_set_header_max_age
                0x00000000000173df                coap_get_header_etag
                0x0000000000017411                coap_set_header_etag
                0x0000000000017468                coap_get_header_if_match
                0x000000000001749a                coap_set_header_if_match
                0x00000000000174f1                coap_get_header_if_none_match
                0x000000000001750b                coap_set_header_if_none_match
                0x0000000000017522                coap_get_header_proxy_uri
                0x0000000000017550                coap_set_header_proxy_uri
                0x000000000001758d                coap_get_header_uri_host
                0x00000000000175bb                coap_set_header_uri_host
                0x00000000000175f8                coap_get_header_uri_path
                0x0000000000017626                coap_set_header_uri_path
                0x0000000000017673                coap_get_header_uri_query
                0x00000000000176a7                coap_set_header_uri_query
                0x00000000000176fd                coap_get_header_location_path
                0x000000000001772b                coap_set_header_location_path
                0x00000000000177c4                coap_get_header_location_query
                0x00000000000177f2                coap_set_header_location_query
                0x000000000001783f                coap_get_header_observe
                0x000000000001786e                coap_set_header_observe
                0x000000000001788e                coap_get_header_block2
                0x00000000000178fa                coap_set_header_block2
                0x0000000000017971                coap_get_header_block1
                0x00000000000179e6                coap_set_header_block1
                0x0000000000017a61                coap_get_header_size2
                0x0000000000017a91                coap_set_header_size2
                0x0000000000017ab4                coap_get_header_size1
                0x0000000000017ae4                coap_set_header_size1
                0x0000000000017b07                coap_get_payload
                0x0000000000017b41                coap_set_payload
 .text          0x0000000000017b78      0x332 build/cooja/mtype244.a(contiki-main.o)
                0x0000000000017b78                main
 .text          0x0000000000017eaa       0x92 build/cooja/mtype244.a(autostart.o)
                0x0000000000017eaa                autostart_start
                0x0000000000017ef4                autostart_exit
 .text          0x0000000000017f3c      0x355 build/cooja/mtype244.a(ctimer.o)
                0x0000000000018064                ctimer_init
                0x0000000000018097                ctimer_set
                0x00000000000180bd                ctimer_set_with_process
                0x000000000001813a                ctimer_reset
                0x000000000001818e                ctimer_restart
                0x00000000000181e2                ctimer_stop
                0x0000000000018232                ctimer_expired
 .text          0x0000000000018291      0x394 build/cooja/mtype244.a(log.o)
                0x0000000000018291                log_6addr
                0x00000000000182e4                log_6addr_compact_snprint
                0x0000000000018382                log_6addr_compact
                0x00000000000183d5                log_lladdr
                0x0000000000018447                log_lladdr_compact
                0x00000000000184af                log_set_level
                0x000000000001856a                log_get_level
                0x00000000000185e3                log_level_to_str
 .text          0x0000000000018625       0x1b build/cooja/mtype244.a(energest.o)
                0x0000000000018625                energest_init
                0x000000000001862b                energest_flush
                0x0000000000018631                energest_get_total_time
 .text          0x0000000000018640      0x43f build/cooja/mtype244.a(etimer.o)
                0x0000000000018864                etimer_request_poll
                0x00000000000188ed                etimer_set
                0x0000000000018916                etimer_reset_with_new_interval
                0x0000000000018945                etimer_reset
                0x000000000001896b                etimer_restart
                0x0000000000018991                etimer_adjust
                0x00000000000189ae                etimer_expired
                0x00000000000189c1                etimer_expiration_time
                0x00000000000189d3                etimer_start_time
                0x00000000000189dd                etimer_pending
                0x00000000000189ef                etimer_next_expiration_time
                0x0000000000018a09                etimer_stop
 .text          0x0000000000018a7f       0x25 build/cooja/mtype244.a(node-id.o)
                0x0000000000018a7f                node_id_init
 .text          0x0000000000018aa4       0xeb build/cooja/mtype244.a(rtimer.o)
                0x0000000000018aa4                rtimer_init
                0x0000000000018ab2                rtimer_set
                0x0000000000018b2d                rtimer_run_next
 .text          0x0000000000018b8f      0x4fb build/cooja/mtype244.a(process.o)
                0x0000000000018b8f                process_alloc_event
                0x0000000000018ba4                process_start
                0x0000000000018d7e                process_exit
                0x0000000000018d9b                process_init
                0x0000000000018f30                process_run
                0x0000000000018f63                process_nevents
                0x0000000000018f7e                process_post
                0x0000000000019011                process_post_synch
                0x0000000000019046                process_poll
                0x0000000000019076                process_is_running
 .text          0x000000000001908a       0xb1 build/cooja/mtype244.a(timer.o)
                0x000000000001908a                timer_set
                0x00000000000190a8                timer_reset
                0x00000000000190d5                timer_restart
                0x00000000000190ea                timer_expired
                0x0000000000019117                timer_remaining
 .text          0x000000000001913b      0x28f build/cooja/mtype244.a(list.o)
                0x000000000001913b                list_init
                0x000000000001914a                list_head
                0x0000000000019154                list_copy
                0x0000000000019164                list_tail
                0x000000000001919a                list_add
                0x00000000000191e6                list_push
                0x0000000000019212                list_chop
                0x000000000001927c                list_pop
                0x00000000000192a4                list_remove
                0x000000000001930c                list_length
                0x000000000001933a                list_insert
                0x000000000001937f                list_item_next
                0x0000000000019396                list_contains
 .text          0x00000000000193ca      0x1b5 build/cooja/mtype244.a(memb.o)
                0x00000000000193ca                memb_init
                0x000000000001941f                memb_alloc
                0x0000000000019482                memb_free
                0x00000000000194f9                memb_inmemb
                0x0000000000019538                memb_numfree
 .text          0x000000000001957f      0x41c build/cooja/mtype244.a(button-hal.o)
                0x00000000000196f8                button_hal_get_by_id
                0x0000000000019736                button_hal_get_by_index
                0x0000000000019762                button_hal_get_state
                0x00000000000197b4                button_hal_init
 .text          0x000000000001999b      0x1f3 build/cooja/mtype244.a(serial-line.o)
                0x000000000001999b                serial_line_input_byte
                0x0000000000019b59                serial_line_init
 .text          0x0000000000019b8e      0x168 build/cooja/mtype244.a(gpio-hal.o)
                0x0000000000019b8e                gpio_hal_register_handler
                0x0000000000019bab                gpio_hal_event_handler
                0x0000000000019c07                gpio_hal_init
                0x0000000000019c26                gpio_hal_arch_port_toggle_pin
                0x0000000000019c62                gpio_hal_arch_port_toggle_pins
                0x0000000000019c90                gpio_hal_arch_no_port_toggle_pin
                0x0000000000019cce                gpio_hal_arch_no_port_toggle_pins
 .text          0x0000000000019cf6      0x2e7 build/cooja/mtype244.a(queuebuf.o)
                0x0000000000019d00                queuebuf_init
                0x0000000000019d29                queuebuf_numfree
                0x0000000000019d41                queuebuf_new_from_packetbuf
                0x0000000000019de0                queuebuf_update_attr_from_packetbuf
                0x0000000000019e15                queuebuf_update_from_packetbuf
                0x0000000000019e65                queuebuf_free
                0x0000000000019eae                queuebuf_to_packetbuf
                0x0000000000019f1a                queuebuf_dataptr
                0x0000000000019f54                queuebuf_datalen
                0x0000000000019f77                queuebuf_addr
                0x0000000000019fac                queuebuf_attr
                0x0000000000019fd7                queuebuf_debug_print
 .text          0x0000000000019fdd      0x407 build/cooja/mtype244.a(packetbuf.o)
                0x0000000000019fdd                packetbuf_clear
                0x000000000001a008                packetbuf_copyfrom
                0x000000000001a057                packetbuf_copyto
                0x000000000001a0ea                packetbuf_hdralloc
                0x000000000001a166                packetbuf_hdrreduce
                0x000000000001a1ac                packetbuf_set_datalen
                0x000000000001a1c6                packetbuf_dataptr
                0x000000000001a1e3                packetbuf_hdrptr
                0x000000000001a1ed                packetbuf_datalen
                0x000000000001a1f9                packetbuf_hdrlen
                0x000000000001a210                packetbuf_totlen
                0x000000000001a226                packetbuf_remaininglen
                0x000000000001a239                packetbuf_attr_clear
                0x000000000001a285                packetbuf_attr_copyto
                0x000000000001a2dd                packetbuf_attr_copyfrom
                0x000000000001a335                packetbuf_set_attr
                0x000000000001a35f                packetbuf_attr
                0x000000000001a379                packetbuf_set_addr
                0x000000000001a3aa                packetbuf_addr
                0x000000000001a3c7                packetbuf_holds_broadcast
 .text          0x000000000001a3e4       0xef build/cooja/mtype244.a(netstack.o)
                0x000000000001a3e4                netstack_process_ip_callback
                0x000000000001a475                netstack_ip_packet_processor_add
                0x000000000001a498                uip_ds6_ip_packet_processor_rm
                0x000000000001a4b5                netstack_init
 .text          0x000000000001a4d3       0x4f build/cooja/mtype244.a(linkaddr.o)
                0x000000000001a4d3                linkaddr_copy
                0x000000000001a4e9                linkaddr_cmp
                0x000000000001a50c                linkaddr_set_node_addr
 .text          0x000000000001a522      0x1f6 build/cooja/mtype244.a(csma.o)
 .text          0x000000000001a718      0x95d build/cooja/mtype244.a(csma-output.o)
                0x000000000001adaf                csma_output_packet
                0x000000000001b03c                csma_output_init
 .text          0x000000000001b075      0xc11 build/cooja/mtype244.a(uip-ds6.o)
                0x000000000001b075                uip_ds6_default_prefix
                0x000000000001b07f                uip_ds6_set_default_prefix
                0x000000000001b0aa                uip_ds6_init
                0x000000000001b30c                uip_ds6_periodic
                0x000000000001b393                uip_ds6_list_loop
                0x000000000001b453                uip_ds6_prefix_add
                0x000000000001b4ff                uip_ds6_prefix_rm
                0x000000000001b512                uip_ds6_prefix_lookup
                0x000000000001b551                uip_ds6_is_addr_onlink
                0x000000000001b5c4                uip_ds6_addr_add
                0x000000000001b6e4                uip_ds6_addr_rm
                0x000000000001b78d                uip_ds6_addr_lookup
                0x000000000001b7c6                uip_ds6_get_link_local
                0x000000000001b847                uip_ds6_get_global
                0x000000000001b8c8                uip_ds6_maddr_add
                0x000000000001b928                uip_ds6_maddr_rm
                0x000000000001b93b                uip_ds6_maddr_lookup
                0x000000000001b974                uip_ds6_aaddr_add
                0x000000000001b9d4                uip_ds6_aaddr_rm
                0x000000000001b9e7                uip_ds6_aaddr_lookup
                0x000000000001ba20                uip_ds6_select_src
                0x000000000001bb69                uip_ds6_set_addr_iid
                0x000000000001bb94                uip_ds6_set_lladdr_from_iid
                0x000000000001bbbd                get_match_length
                0x000000000001bc4e                uip_ds6_compute_reachable_time
 .text          0x000000000001bc86      0x128 build/cooja/mtype244.a(uip-udp-packet.)
                0x000000000001bc86                uip_udp_packet_send
                0x000000000001bce1                uip_udp_packet_sendto
 .text          0x000000000001bdae      0xa3c build/cooja/mtype244.a(uip-ds6-route.o)
                0x000000000001be98                uip_ds6_notification_add
                0x000000000001beca                uip_ds6_notification_rm
                0x000000000001bee7                uip_ds6_route_init
                0x000000000001bf86                uip_ds6_route_nexthop
                0x000000000001bfb5                uip_ds6_route_head
                0x000000000001bfce                uip_ds6_route_next
                0x000000000001bff7                uip_ds6_route_is_nexthop
                0x000000000001c039                uip_ds6_route_num_routes
                0x000000000001c043                uip_ds6_route_lookup
                0x000000000001c11a                uip_ds6_route_add
                0x000000000001c35a                uip_ds6_route_rm
                0x000000000001c4f8                uip_ds6_route_rm_by_nexthop
                0x000000000001c537                uip_ds6_defrt_head
                0x000000000001c550                uip_ds6_defrt_add
                0x000000000001c611                uip_ds6_defrt_rm
                0x000000000001c692                uip_ds6_defrt_lookup
                0x000000000001c6f9                uip_ds6_defrt_choose
                0x000000000001c76f                uip_ds6_defrt_periodic
 .text          0x000000000001c7ea      0x6f7 build/cooja/mtype244.a(tcpip.o)
                0x000000000001c804                tcpip_output
                0x000000000001c883                udp_attach
                0x000000000001c89b                udp_new
                0x000000000001c8e5                udp_broadcast_new
                0x000000000001ca57                tcpip_input
                0x000000000001cbe7                tcpip_ipv6_output
                0x000000000001cddb                tcpip_poll_udp
                0x000000000001cdf9                tcpip_uipcall
 .text          0x000000000001cee1     0x1205 build/cooja/mtype244.a(uip6.o)
                0x000000000001cf90                uip_chksum
                0x000000000001d067                uip_icmp6chksum
                0x000000000001d07c                uip_udpchksum
                0x000000000001d091                uip_init
                0x000000000001d0da                uip_remove_ext_hdr
                0x000000000001d1b4                uip_udp_new
                0x000000000001d4c8                uip_process
                0x000000000001dfc0                uip_htons
                0x000000000001dfe2                uip_htonl
                0x000000000001e020                uip_send
 .text          0x000000000001e0e6      0x369 build/cooja/mtype244.a(uip-ds6-nbr.o)
                0x000000000001e0e6                uip_ds6_neighbors_init
                0x000000000001e10a                uip_ds6_nbr_add
                0x000000000001e190                uip_ds6_nbr_rm
                0x000000000001e1db                uip_ds6_nbr_update_ll
                0x000000000001e2c9                uip_ds6_nbr_get_ipaddr
                0x000000000001e2de                uip_ds6_nbr_get_ll
                0x000000000001e2fa                uip_ds6_nbr_num
                0x000000000001e343                uip_ds6_nbr_head
                0x000000000001e35c                uip_ds6_nbr_next
                0x000000000001e378                uip_ds6_nbr_lookup
                0x000000000001e3d0                uip_ds6_nbr_ll_lookup
                0x000000000001e3ec                uip_ds6_nbr_ipaddr_from_lladdr
                0x000000000001e415                uip_ds6_nbr_lladdr_from_ipaddr
                0x000000000001e449                uip_ds6_link_callback
 .text          0x000000000001e44f      0x6a7 build/cooja/mtype244.a(uip-nd6.o)
                0x000000000001eadd                uip_nd6_init
 .text          0x000000000001eaf6     0x2c17 build/cooja/mtype244.a(sicslowpan.o)
                0x000000000001f0fd                netstack_sniffer_add
                0x000000000001f10b                netstack_sniffer_remove
                0x00000000000216e1                sicslowpan_init
                0x0000000000021703                sicslowpan_get_last_rssi
 .text          0x000000000002170d      0x4d1 build/cooja/mtype244.a(uiplib.o)
                0x000000000002170d                uiplib_ip6addrconv
                0x00000000000218c5                uiplib_ip4addrconv
                0x0000000000021988                uiplib_ipaddr_print
                0x00000000000219db                uiplib_ipaddr_snprint
 .text          0x0000000000021bde      0x4c9 build/cooja/mtype244.a(rpl.o)
                0x0000000000021bde                rpl_lollipop_greater_than
                0x0000000000021c38                rpl_get_global_address
                0x0000000000021d30                rpl_link_callback
                0x0000000000021d74                rpl_has_joined
                0x0000000000021d99                rpl_is_reachable
                0x0000000000021e1a                rpl_reset_prefix
                0x0000000000021e84                rpl_set_prefix_from_addr
                0x0000000000021f69                rpl_set_prefix
                0x0000000000022083                rpl_set_leaf_only
                0x000000000002209b                rpl_get_leaf_only
 .text          0x00000000000220a7     0x138c build/cooja/mtype244.a(rpl-icmp6.o)
                0x00000000000221cc                rpl_icmp6_update_nbr_table
                0x0000000000022255                rpl_icmp6_dis_output
                0x000000000002289b                rpl_icmp6_dio_output
                0x0000000000023099                rpl_icmp6_dao_output
                0x000000000002337a                rpl_icmp6_dao_ack_output
                0x00000000000233ea                rpl_icmp6_init
 .text          0x0000000000023433      0x264 build/cooja/mtype244.a(rpl-dag-root.o)
                0x0000000000023433                rpl_dag_root_print_links
                0x000000000002355f                rpl_dag_root_set_prefix
                0x000000000002358b                rpl_dag_root_start
                0x0000000000023668                rpl_dag_root_is_root
 .text          0x0000000000023697       0x30 build/cooja/mtype244.a(watchdog.o)
                0x0000000000023697                watchdog_init
                0x000000000002369d                watchdog_start
                0x00000000000236a3                watchdog_periodic
                0x00000000000236bb                watchdog_stop
                0x00000000000236c1                watchdog_reboot
 .text          0x00000000000236c7       0x4a build/cooja/mtype244.a(int-master.o)
                0x00000000000236c7                int_master_enable
                0x00000000000236d7                int_master_read_and_disable
                0x00000000000236f4                int_master_status_set
                0x0000000000023702                int_master_is_enabled
 .text          0x0000000000023711      0x226 build/cooja/mtype244.a(coap-timer-defa)
 .text          0x0000000000023937       0xc7 build/cooja/mtype244.a(stimer.o)
                0x0000000000023937                stimer_set
                0x0000000000023955                stimer_reset
                0x0000000000023982                stimer_restart
                0x0000000000023997                stimer_expired
                0x00000000000239c2                stimer_remaining
                0x00000000000239e6                stimer_elapsed
 .text          0x00000000000239fe      0x156 build/cooja/mtype244.a(ringbuf.o)
                0x00000000000239fe                ringbuf_init
                0x0000000000023a30                ringbuf_put
                0x0000000000023aae                ringbuf_get
                0x0000000000023b1b                ringbuf_size
                0x0000000000023b2d                ringbuf_elements
 .text          0x0000000000023b54       0x1f build/cooja/mtype244.a(assert.o)
                0x0000000000023b54                _xassert
 .text          0x0000000000023b73      0x79b build/cooja/mtype244.a(nbr-table.o)
                0x0000000000023fec                nbr_table_register
                0x0000000000024059                nbr_table_is_registered
                0x0000000000024094                nbr_table_head
                0x00000000000240ef                nbr_table_next
                0x0000000000024150                nbr_table_add_lladdr
                0x000000000002422a                nbr_table_get_from_lladdr
                0x0000000000024276                nbr_table_remove
                0x00000000000242ae                nbr_table_lock
                0x00000000000242c8                nbr_table_unlock
                0x00000000000242e2                nbr_table_get_lladdr
 .text          0x000000000002430e      0x3a5 build/cooja/mtype244.a(link-stats.o)
                0x000000000002430e                link_stats_from_lladdr
                0x000000000002432a                link_stats_get_lladdr
                0x0000000000024346                link_stats_is_fresh
                0x0000000000024382                guess_etx_from_rssi
                0x00000000000243fe                link_stats_packet_sent
                0x000000000002451e                link_stats_input_callback
                0x000000000002462e                link_stats_reset
                0x000000000002467e                link_stats_init
 .text          0x00000000000246b3      0x187 build/cooja/mtype244.a(mac-sequence.o)
                0x00000000000246b3                mac_sequence_is_duplicate
                0x0000000000024753                mac_sequence_register_seqno
 .text          0x000000000002483a       0x23 build/cooja/mtype244.a(mac.o)
                0x000000000002483a                mac_call_sent_callback
 .text          0x000000000002485d      0x432 build/cooja/mtype244.a(framer-802154.o)
                0x00000000000249ec                framer_802154_setup_params
 .text          0x0000000000024c8f      0xb6f build/cooja/mtype244.a(frame802154.o)
                0x0000000000024cc0                frame802154_get_pan_id
                0x0000000000024ccc                frame802154_set_pan_id
                0x0000000000024ce6                frame802154_has_panid
                0x0000000000024e95                frame802154_check_dest_panid
                0x0000000000024f1d                frame802154_is_broadcast_addr
                0x0000000000024f6a                frame802154_extract_linkaddr
                0x00000000000251cf                frame802154_hdrlen
                0x0000000000025242                frame802154_create_fcf
                0x00000000000252fa                frame802154_create
                0x000000000002546f                frame802154_parse_fcf
                0x0000000000025551                frame802154_parse
 .text          0x00000000000257fe       0x2d build/cooja/mtype244.a(csma-security.o)
                0x00000000000257fe                csma_security_create_frame
                0x000000000002581c                csma_security_parse_frame
 .text          0x000000000002582b      0x4e4 build/cooja/mtype244.a(uipbuf.o)
                0x000000000002582b                uipbuf_clear
                0x0000000000025852                uipbuf_add_ext_hdr
                0x00000000000258d2                uipbuf_set_len
                0x00000000000258ff                uipbuf_set_len_field
                0x000000000002592b                uipbuf_get_len_field
                0x000000000002594b                uipbuf_get_next_header
                0x0000000000025a7d                uipbuf_get_last_header
                0x0000000000025af6                uipbuf_search_header
                0x0000000000025bac                uipbuf_get_attr
                0x0000000000025bd3                uipbuf_set_attr
                0x0000000000025c0a                uipbuf_set_default_attr
                0x0000000000025c41                uipbuf_clear_attr
                0x0000000000025c65                uipbuf_set_attr_flag
                0x0000000000025c86                uipbuf_clr_attr_flag
                0x0000000000025cad                uipbuf_is_attr_flag
                0x0000000000025cd1                uipbuf_init
 .text          0x0000000000025d0f      0x73f build/cooja/mtype244.a(uip-icmp6.o)
                0x0000000000025d84                uip_icmp6_input
                0x0000000000025ddb                uip_icmp6_register_input_handler
                0x0000000000025f2e                uip_icmp6_error_output
                0x00000000000261df                uip_icmp6_send
                0x00000000000263d6                uip_icmp6_echo_reply_callback_add
                0x0000000000026408                uip_icmp6_echo_reply_callback_rm
                0x0000000000026425                uip_icmp6_init
 .text          0x000000000002644e      0x69b build/cooja/mtype244.a(uip-sr.o)
                0x000000000002644e                uip_sr_num_nodes
                0x00000000000264dc                uip_sr_get_node
                0x0000000000026533                uip_sr_is_addr_reachable
                0x00000000000265e1                uip_sr_expire_parent
                0x000000000002662a                uip_sr_update_node
                0x000000000002675a                uip_sr_init
                0x000000000002678e                uip_sr_node_head
                0x00000000000267a7                uip_sr_node_next
                0x00000000000267bd                uip_sr_periodic
                0x00000000000268c3                uip_sr_free_all
                0x0000000000026933                uip_sr_link_snprint
 .text          0x0000000000026ae9      0x146 build/cooja/mtype244.a(uip-packetqueue)
                0x0000000000026b17                uip_packetqueue_new
                0x0000000000026b26                uip_packetqueue_alloc
                0x0000000000026b81                uip_packetqueue_free
                0x0000000000026bc8                uip_packetqueue_buf
                0x0000000000026be5                uip_packetqueue_buflen
                0x0000000000026c06                uip_packetqueue_set_buflen
 .text          0x0000000000026c2f      0x1b0 build/cooja/mtype244.a(rpl-nbr-policy.)
                0x0000000000026d9c                rpl_nbr_policy_find_removable
 .text          0x0000000000026ddf      0x915 build/cooja/mtype244.a(rpl-neighbor.o)
                0x0000000000026e5b                rpl_neighbor_snprint
                0x000000000002710e                rpl_neighbor_print_list
                0x00000000000271c3                rpl_neighbor_count
                0x000000000002726a                rpl_neighbor_get_from_lladdr
                0x0000000000027286                rpl_neighbor_is_acceptable_parent
                0x00000000000272ba                rpl_neighbor_get_link_metric
                0x00000000000272ee                rpl_neighbor_rank_via_nbr
                0x0000000000027322                rpl_neighbor_get_lladdr
                0x000000000002733e                rpl_neighbor_get_ipaddr
                0x0000000000027365                rpl_neighbor_get_link_stats
                0x000000000002738c                rpl_neighbor_is_fresh
                0x00000000000273b3                rpl_neighbor_is_reachable
                0x00000000000273fe                rpl_neighbor_is_parent
                0x0000000000027428                rpl_neighbor_set_preferred_parent
                0x00000000000274bf                rpl_neighbor_remove_all
                0x000000000002751b                rpl_neighbor_get_from_ipaddr
                0x0000000000027629                rpl_neighbor_select_best
                0x00000000000276d5                rpl_neighbor_init
 .text          0x00000000000276f4      0xe69 build/cooja/mtype244.a(rpl-dag.o)
                0x00000000000276f4                rpl_dag_state_to_str
                0x0000000000027733                rpl_dag_get_root_ipaddr
                0x000000000002777b                rpl_dag_leave
                0x0000000000027804                rpl_dag_poison_and_leave
                0x000000000002781c                rpl_dag_periodic
                0x00000000000278a4                rpl_is_addr_in_our_dag
                0x00000000000278e8                rpl_get_default_instance
                0x0000000000027904                rpl_get_any_dag
                0x000000000002795d                rpl_refresh_routes
                0x000000000002799d                rpl_global_repair
                0x0000000000027a36                rpl_local_repair
                0x0000000000027a80                rpl_dag_ready_to_advertise
                0x0000000000027ac3                rpl_dag_update_state
                0x00000000000281f0                rpl_process_dio
                0x000000000002826e                rpl_process_dis
                0x00000000000282b3                rpl_process_dao
                0x0000000000028342                rpl_process_dao_ack
                0x00000000000283d9                rpl_process_hbh
                0x0000000000028429                rpl_dag_init_root
                0x000000000002853d                rpl_dag_init
 .text          0x000000000002855d      0x9e7 build/cooja/mtype244.a(rpl-timers.o)
                0x000000000002855d                rpl_timers_schedule_periodic_dis
                0x00000000000286ab                rpl_timers_dio_reset
                0x00000000000287b9                rpl_timers_schedule_unicast_dio
                0x000000000002890d                rpl_timers_schedule_dao
                0x00000000000289cc                rpl_timers_schedule_dao_ack
                0x0000000000028a52                rpl_timers_notify_dao_ack
                0x0000000000028ab0                get_probing_delay
                0x0000000000028ae4                get_probing_target
                0x0000000000028cce                rpl_schedule_probing
                0x0000000000028cfc                rpl_schedule_probing_now
                0x0000000000028d66                rpl_timers_unschedule_leaving
                0x0000000000028d9e                rpl_timers_schedule_leaving
                0x0000000000028ddf                rpl_timers_init
                0x0000000000028e6f                rpl_timers_stop_dag_timers
                0x0000000000028ee8                rpl_timers_unschedule_state_update
                0x0000000000028f0c                rpl_timers_schedule_state_update
 .text          0x0000000000028f44      0xb8e build/cooja/mtype244.a(rpl-ext-header.)
                0x0000000000028f44                rpl_ext_header_srh_get_next_hop
                0x000000000002902b                rpl_ext_header_srh_update
                0x0000000000029597                rpl_ext_header_hbh_update
                0x0000000000029897                rpl_ext_header_update
                0x0000000000029920                rpl_ext_header_remove
 .text          0x0000000000029ad2      0x31b build/cooja/mtype244.a(rpl-mrhof.o)
 *fill*         0x0000000000029ded        0x3 
 .text          0x0000000000029df0      0x122 /usr/lib/gcc/i686-linux-gnu/5/libgcc.a(_udivdi3.o)
                0x0000000000029df0                __udivdi3
 .text          0x0000000000029f12        0x0 /usr/lib/gcc/i686-linux-gnu/5/crtendS.o
 .text          0x0000000000029f12        0x0 /usr/lib/gcc/i686-linux-gnu/5/../../../i386-linux-gnu/crtn.o
 *(.gnu.warning)

.fini           0x0000000000029f14       0x14
 *(SORT(.fini))
 .fini          0x0000000000029f14        0xf /usr/lib/gcc/i686-linux-gnu/5/../../../i386-linux-gnu/crti.o
                0x0000000000029f14                _fini
 .fini          0x0000000000029f23        0x5 /usr/lib/gcc/i686-linux-gnu/5/../../../i386-linux-gnu/crtn.o
                [!provide]                        PROVIDE (__etext, .)
                [!provide]                        PROVIDE (_etext, .)
                [!provide]                        PROVIDE (etext, .)

.rodata         0x0000000000029f40      0xaeb
 *(.rodata .rodata.* .gnu.linkonce.r.*)
 .rodata        0x0000000000029f40       0xa8 light_CoAP-server.o
                0x0000000000029f50                autostart_processes
 .rodata        0x0000000000029fe8        0x8 build/cooja/mtype244.a(beep.o)
                0x0000000000029fe8                beep_interface
 .rodata        0x0000000000029ff0        0xe build/cooja/mtype244.a(leds-arch.o)
                0x0000000000029ff0                leds_interface
                0x0000000000029ff8                leds_arch_leds
 *fill*         0x0000000000029ffe        0x2 
 .rodata        0x000000000002a000        0x8 build/cooja/mtype244.a(moteid.o)
                0x000000000002a000                moteid_interface
 .rodata        0x000000000002a008       0x1c build/cooja/mtype244.a(pir-sensor.o)
                0x000000000002a008                pir_interface
                0x000000000002a014                pir_sensor
 .rodata        0x000000000002a024        0xe build/cooja/mtype244.a(rs232.o)
                0x000000000002a024                rs232_interface
 *fill*         0x000000000002a032        0x2 
 .rodata        0x000000000002a034       0x24 build/cooja/mtype244.a(vib-sensor.o)
                0x000000000002a034                vib_interface
                0x000000000002a048                vib_sensor
 .rodata        0x000000000002a058        0x8 build/cooja/mtype244.a(clock.o)
                0x000000000002a058                clock_interface
 .rodata        0x000000000002a060        0x8 build/cooja/mtype244.a(cooja-log.o)
                0x000000000002a060                simlog_interface
 .rodata        0x000000000002a068       0x2f build/cooja/mtype244.a(cfs-cooja.o)
                0x000000000002a068                cfs_interface
 *fill*         0x000000000002a097        0x9 
 .rodata        0x000000000002a0a0       0xb8 build/cooja/mtype244.a(cooja-radio.o)
                0x000000000002a0a0                radio_interface
                0x000000000002a120                cooja_radio_driver
 .rodata        0x000000000002a158        0x8 build/cooja/mtype244.a(eeprom.o)
                0x000000000002a158                eeprom_interface
 .rodata        0x000000000002a160        0x8 build/cooja/mtype244.a(sensors.o)
 .rodata        0x000000000002a168       0x2c build/cooja/mtype244.a(buttons.o)
                0x000000000002a168                button_interface
                0x000000000002a17c                button_hal_button_count
                0x000000000002a184                button_sensor
 .rodata        0x000000000002a194       0x7e build/cooja/mtype244.a(res-light.o)
 .rodata        0x000000000002a212       0x41 build/cooja/mtype244.a(coap-engine.o)
 .rodata        0x000000000002a253       0x19 build/cooja/mtype244.a(coap-res-well-k)
 .rodata        0x000000000002a26c       0x11 build/cooja/mtype244.a(coap-observe.o)
 .rodata        0x000000000002a27d       0x35 build/cooja/mtype244.a(coap-uip.o)
 *fill*         0x000000000002a2b2        0x2 
 .rodata        0x000000000002a2b4      0x1ac build/cooja/mtype244.a(coap.o)
 .rodata        0x000000000002a460       0xf8 build/cooja/mtype244.a(contiki-main.o)
 .rodata        0x000000000002a558        0xf build/cooja/mtype244.a(ctimer.o)
 *fill*         0x000000000002a567        0x1 
 .rodata        0x000000000002a568       0xc4 build/cooja/mtype244.a(log.o)
 .rodata        0x000000000002a62c        0xc build/cooja/mtype244.a(etimer.o)
 .rodata        0x000000000002a638       0x13 build/cooja/mtype244.a(button-hal.o)
 .rodata        0x000000000002a64b        0xe build/cooja/mtype244.a(serial-line.o)
 *fill*         0x000000000002a659        0x3 
 .rodata        0x000000000002a65c        0x8 build/cooja/mtype244.a(linkaddr.o)
                0x000000000002a65c                linkaddr_null
 .rodata        0x000000000002a664       0x24 build/cooja/mtype244.a(csma.o)
                0x000000000002a66c                csma_driver
 .rodata        0x000000000002a688       0x24 build/cooja/mtype244.a(csma-output.o)
 .rodata        0x000000000002a6ac       0xb9 build/cooja/mtype244.a(uip-ds6-route.o)
 .rodata        0x000000000002a765        0xd build/cooja/mtype244.a(tcpip.o)
 *fill*         0x000000000002a772        0x2 
 .rodata        0x000000000002a774       0x30 build/cooja/mtype244.a(sicslowpan.o)
                0x000000000002a774                unc_llconf
                0x000000000002a778                unc_ctxconf
                0x000000000002a77c                unc_mxconf
                0x000000000002a780                llprefix
                0x000000000002a794                sicslowpan_driver
 .rodata        0x000000000002a7a4       0x2d build/cooja/mtype244.a(uiplib.o)
 *fill*         0x000000000002a7d1        0xf 
 .rodata        0x000000000002a7e0       0x74 build/cooja/mtype244.a(rpl.o)
                0x000000000002a800                rpl_lite_driver
 .rodata        0x000000000002a854       0x20 build/cooja/mtype244.a(coap-timer-defa)
                0x000000000002a868                coap_timer_default_driver
 .rodata        0x000000000002a874       0x25 build/cooja/mtype244.a(assert.o)
 *fill*         0x000000000002a899        0x3 
 .rodata        0x000000000002a89c        0xc build/cooja/mtype244.a(framer-802154.o)
                0x000000000002a89c                framer_802154
 .rodata        0x000000000002a8a8       0x44 build/cooja/mtype244.a(uip-sr.o)
 .rodata        0x000000000002a8ec       0x58 build/cooja/mtype244.a(rpl-neighbor.o)
 .rodata        0x000000000002a944       0xdb build/cooja/mtype244.a(rpl-dag.o)
 .rodata        0x000000000002aa1f        0xc build/cooja/mtype244.a(rpl-timers.o)

.rodata1
 *(.rodata1)

.eh_frame_hdr   0x000000000002aa2c     0x19ec
 *(.eh_frame_hdr)
 .eh_frame_hdr  0x000000000002aa2c     0x19ec light_CoAP-server.o
                0x000000000002aa2c                __GNU_EH_FRAME_HDR
 *(.eh_frame_entry .eh_frame_entry.*)

.eh_frame       0x000000000002c418     0x6924
 *(.eh_frame)
 .eh_frame      0x000000000002c418       0x3c /usr/lib/gcc/i686-linux-gnu/5/../../../i386-linux-gnu/crti.o
                                         0x40 (size before relaxing)
 .eh_frame      0x000000000002c454       0x40 light_CoAP-server.o
                                         0x58 (size before relaxing)
 .eh_frame      0x000000000002c494      0x178 build/cooja/mtype244.o
                                        0x190 (size before relaxing)
 .eh_frame      0x000000000002c60c       0x40 build/cooja/mtype244.a(simEnvChange.o)
                                         0x58 (size before relaxing)
 .eh_frame      0x000000000002c64c       0x60 build/cooja/mtype244.a(cooja_mt.o)
                                         0x78 (size before relaxing)
 .eh_frame      0x000000000002c6ac       0x80 build/cooja/mtype244.a(cooja_mtarch.o)
                                         0x98 (size before relaxing)
 .eh_frame      0x000000000002c72c       0xc8 build/cooja/mtype244.a(rtimer-arch.o)
                                         0xe0 (size before relaxing)
 .eh_frame      0x000000000002c7f4      0x160 build/cooja/mtype244.a(beep.o)
                                        0x178 (size before relaxing)
 .eh_frame      0x000000000002c954       0x80 build/cooja/mtype244.a(leds-arch.o)
                                         0x98 (size before relaxing)
 .eh_frame      0x000000000002c9d4       0x40 build/cooja/mtype244.a(moteid.o)
                                         0x58 (size before relaxing)
 .eh_frame      0x000000000002ca14       0xa0 build/cooja/mtype244.a(pir-sensor.o)
                                         0xb8 (size before relaxing)
 .eh_frame      0x000000000002cab4      0x100 build/cooja/mtype244.a(rs232.o)
                                        0x118 (size before relaxing)
 .eh_frame      0x000000000002cbb4       0xa0 build/cooja/mtype244.a(vib-sensor.o)
                                         0xb8 (size before relaxing)
 .eh_frame      0x000000000002cc54       0xc0 build/cooja/mtype244.a(clock.o)
                                         0xd8 (size before relaxing)
 .eh_frame      0x000000000002cd14      0x120 build/cooja/mtype244.a(cooja-log.o)
                                        0x138 (size before relaxing)
 .eh_frame      0x000000000002ce34      0x160 build/cooja/mtype244.a(cfs-cooja.o)
                                        0x178 (size before relaxing)
 .eh_frame      0x000000000002cf94      0x340 build/cooja/mtype244.a(cooja-radio.o)
                                        0x358 (size before relaxing)
 .eh_frame      0x000000000002d2d4       0xa0 build/cooja/mtype244.a(eeprom.o)
                                         0xb8 (size before relaxing)
 .eh_frame      0x000000000002d374       0x40 build/cooja/mtype244.a(random.o)
                                         0x58 (size before relaxing)
 .eh_frame      0x000000000002d3b4       0xc0 build/cooja/mtype244.a(sensors.o)
                                         0xd8 (size before relaxing)
 .eh_frame      0x000000000002d474      0x120 build/cooja/mtype244.a(leds.o)
                                        0x138 (size before relaxing)
 .eh_frame      0x000000000002d594      0x220 build/cooja/mtype244.a(gpio-hal-arch.o)
                                        0x238 (size before relaxing)
 .eh_frame      0x000000000002d7b4       0xa0 build/cooja/mtype244.a(buttons.o)
                                         0xb8 (size before relaxing)
 .eh_frame      0x000000000002d854       0x20 build/cooja/mtype244.a(res-light.o)
                                         0x38 (size before relaxing)
 .eh_frame      0x000000000002d874      0x220 build/cooja/mtype244.a(coap-engine.o)
                                        0x238 (size before relaxing)
 .eh_frame      0x000000000002da94       0x24 build/cooja/mtype244.a(coap-res-well-k)
                                         0x3c (size before relaxing)
 .eh_frame      0x000000000002dab8      0x188 build/cooja/mtype244.a(coap-observe.o)
                                        0x1a0 (size before relaxing)
 .eh_frame      0x000000000002dc40      0x250 build/cooja/mtype244.a(coap-uip.o)
                                        0x268 (size before relaxing)
 .eh_frame      0x000000000002de90      0x114 build/cooja/mtype244.a(coap-timer.o)
                                        0x12c (size before relaxing)
 .eh_frame      0x000000000002dfa4      0x100 build/cooja/mtype244.a(coap-transactio)
                                        0x118 (size before relaxing)
 .eh_frame      0x000000000002e0a4      0x6ec build/cooja/mtype244.a(coap.o)
                                        0x704 (size before relaxing)
 .eh_frame      0x000000000002e790       0x30 build/cooja/mtype244.a(contiki-main.o)
                                         0x48 (size before relaxing)
 .eh_frame      0x000000000002e7c0       0x40 build/cooja/mtype244.a(autostart.o)
                                         0x58 (size before relaxing)
 .eh_frame      0x000000000002e800      0x100 build/cooja/mtype244.a(ctimer.o)
                                        0x118 (size before relaxing)
 .eh_frame      0x000000000002e900      0x100 build/cooja/mtype244.a(log.o)
                                        0x118 (size before relaxing)
 .eh_frame      0x000000000002ea00       0x60 build/cooja/mtype244.a(energest.o)
                                         0x78 (size before relaxing)
 .eh_frame      0x000000000002ea60      0x1e0 build/cooja/mtype244.a(etimer.o)
                                        0x1f8 (size before relaxing)
 .eh_frame      0x000000000002ec40       0x20 build/cooja/mtype244.a(node-id.o)
                                         0x38 (size before relaxing)
 .eh_frame      0x000000000002ec60       0x60 build/cooja/mtype244.a(rtimer.o)
                                         0x78 (size before relaxing)
 .eh_frame      0x000000000002ecc0      0x1c4 build/cooja/mtype244.a(process.o)
                                        0x1dc (size before relaxing)
 .eh_frame      0x000000000002ee84       0xa4 build/cooja/mtype244.a(timer.o)
                                         0xbc (size before relaxing)
 .eh_frame      0x000000000002ef28      0x1a0 build/cooja/mtype244.a(list.o)
                                        0x1b8 (size before relaxing)
 .eh_frame      0x000000000002f0c8       0xa0 build/cooja/mtype244.a(memb.o)
                                         0xb8 (size before relaxing)
 .eh_frame      0x000000000002f168      0x144 build/cooja/mtype244.a(button-hal.o)
                                        0x15c (size before relaxing)
 .eh_frame      0x000000000002f2ac       0x60 build/cooja/mtype244.a(serial-line.o)
                                         0x78 (size before relaxing)
 .eh_frame      0x000000000002f30c       0xe0 build/cooja/mtype244.a(gpio-hal.o)
                                         0xf8 (size before relaxing)
 .eh_frame      0x000000000002f3ec      0x1a0 build/cooja/mtype244.a(queuebuf.o)
                                        0x1b8 (size before relaxing)
 .eh_frame      0x000000000002f58c      0x28c build/cooja/mtype244.a(packetbuf.o)
                                        0x2a4 (size before relaxing)
 .eh_frame      0x000000000002f818       0x80 build/cooja/mtype244.a(netstack.o)
                                         0x98 (size before relaxing)
 .eh_frame      0x000000000002f898       0x60 build/cooja/mtype244.a(linkaddr.o)
                                         0x78 (size before relaxing)
 .eh_frame      0x000000000002f8f8       0xe0 build/cooja/mtype244.a(csma.o)
                                         0xf8 (size before relaxing)
 .eh_frame      0x000000000002f9d8      0x1d0 build/cooja/mtype244.a(csma-output.o)
                                        0x1e8 (size before relaxing)
 .eh_frame      0x000000000002fba8      0x328 build/cooja/mtype244.a(uip-ds6.o)
                                        0x340 (size before relaxing)
 .eh_frame      0x000000000002fed0       0x40 build/cooja/mtype244.a(uip-udp-packet.)
                                         0x58 (size before relaxing)
 .eh_frame      0x000000000002ff10      0x2e0 build/cooja/mtype244.a(uip-ds6-route.o)
                                        0x2f8 (size before relaxing)
 .eh_frame      0x00000000000301f0      0x244 build/cooja/mtype244.a(tcpip.o)
                                        0x25c (size before relaxing)
 .eh_frame      0x0000000000030434      0x1e8 build/cooja/mtype244.a(uip6.o)
                                        0x200 (size before relaxing)
 .eh_frame      0x000000000003061c      0x1c0 build/cooja/mtype244.a(uip-ds6-nbr.o)
                                        0x1d8 (size before relaxing)
 .eh_frame      0x00000000000307dc       0x84 build/cooja/mtype244.a(uip-nd6.o)
                                         0x9c (size before relaxing)
 .eh_frame      0x0000000000030860      0x2f8 build/cooja/mtype244.a(sicslowpan.o)
                                        0x310 (size before relaxing)
 .eh_frame      0x0000000000030b58       0x88 build/cooja/mtype244.a(uiplib.o)
                                         0xa0 (size before relaxing)
 .eh_frame      0x0000000000030be0      0x1e0 build/cooja/mtype244.a(rpl.o)
                                        0x1f8 (size before relaxing)
 .eh_frame      0x0000000000030dc0      0x1c4 build/cooja/mtype244.a(rpl-icmp6.o)
                                        0x1dc (size before relaxing)
 .eh_frame      0x0000000000030f84       0xa0 build/cooja/mtype244.a(rpl-dag-root.o)
                                         0xb8 (size before relaxing)
 .eh_frame      0x0000000000031024       0xa0 build/cooja/mtype244.a(watchdog.o)
                                         0xb8 (size before relaxing)
 .eh_frame      0x00000000000310c4       0x80 build/cooja/mtype244.a(int-master.o)
                                         0x98 (size before relaxing)
 .eh_frame      0x0000000000031144       0xa4 build/cooja/mtype244.a(coap-timer-defa)
                                         0xbc (size before relaxing)
 .eh_frame      0x00000000000311e8       0xc4 build/cooja/mtype244.a(stimer.o)
                                         0xdc (size before relaxing)
 .eh_frame      0x00000000000312ac       0xa0 build/cooja/mtype244.a(ringbuf.o)
                                         0xb8 (size before relaxing)
 .eh_frame      0x000000000003134c       0x20 build/cooja/mtype244.a(assert.o)
                                         0x38 (size before relaxing)
 .eh_frame      0x000000000003136c      0x2ac build/cooja/mtype244.a(nbr-table.o)
                                        0x2c4 (size before relaxing)
 .eh_frame      0x0000000000031618      0x120 build/cooja/mtype244.a(link-stats.o)
                                        0x138 (size before relaxing)
 .eh_frame      0x0000000000031738       0x48 build/cooja/mtype244.a(mac-sequence.o)
                                         0x60 (size before relaxing)
 .eh_frame      0x0000000000031780       0x20 build/cooja/mtype244.a(mac.o)
                                         0x38 (size before relaxing)
 .eh_frame      0x00000000000317a0       0xa4 build/cooja/mtype244.a(framer-802154.o)
                                         0xbc (size before relaxing)
 .eh_frame      0x0000000000031844      0x1a4 build/cooja/mtype244.a(frame802154.o)
                                        0x1bc (size before relaxing)
 .eh_frame      0x00000000000319e8       0x40 build/cooja/mtype244.a(csma-security.o)
                                         0x58 (size before relaxing)
 .eh_frame      0x0000000000031a28      0x200 build/cooja/mtype244.a(uipbuf.o)
                                        0x218 (size before relaxing)
 .eh_frame      0x0000000000031c28      0x150 build/cooja/mtype244.a(uip-icmp6.o)
                                        0x168 (size before relaxing)
 .eh_frame      0x0000000000031d78      0x184 build/cooja/mtype244.a(uip-sr.o)
                                        0x19c (size before relaxing)
 .eh_frame      0x0000000000031efc       0xe0 build/cooja/mtype244.a(uip-packetqueue)
                                         0xf8 (size before relaxing)
 .eh_frame      0x0000000000031fdc       0x80 build/cooja/mtype244.a(rpl-nbr-policy.)
                                         0x98 (size before relaxing)
 .eh_frame      0x000000000003205c      0x2d4 build/cooja/mtype244.a(rpl-neighbor.o)
                                        0x2ec (size before relaxing)
 .eh_frame      0x0000000000032330      0x370 build/cooja/mtype244.a(rpl-dag.o)
                                        0x388 (size before relaxing)
 .eh_frame      0x00000000000326a0      0x3a8 build/cooja/mtype244.a(rpl-timers.o)
                                        0x3c0 (size before relaxing)
 .eh_frame      0x0000000000032a48      0x124 build/cooja/mtype244.a(rpl-ext-header.)
                                        0x13c (size before relaxing)
 .eh_frame      0x0000000000032b6c      0x148 build/cooja/mtype244.a(rpl-mrhof.o)
                                        0x160 (size before relaxing)
 .eh_frame      0x0000000000032cb4       0x84 /usr/lib/gcc/i686-linux-gnu/5/libgcc.a(_udivdi3.o)
                                         0x9c (size before relaxing)
 .eh_frame      0x0000000000032d38        0x4 /usr/lib/gcc/i686-linux-gnu/5/crtendS.o
 *(.eh_frame.*)

.gcc_except_table
 *(.gcc_except_table .gcc_except_table.*)

.gnu_extab
 *(.gnu_extab*)

.exception_ranges
 *(.exception_ranges .exception_ranges*)
                0x0000000000033f10                . = DATA_SEGMENT_ALIGN (0x1000, 0x1000)

.eh_frame
 *(.eh_frame)
 *(.eh_frame.*)

.gnu_extab
 *(.gnu_extab)

.gcc_except_table
 *(.gcc_except_table .gcc_except_table.*)

.exception_ranges
 *(.exception_ranges .exception_ranges*)

.tdata
 *(.tdata .tdata.* .gnu.linkonce.td.*)

.tbss
 *(.tbss .tbss.* .gnu.linkonce.tb.*)
 *(.tcommon)

.preinit_array
 *(.preinit_array)

.init_array     0x0000000000033f10        0x4
 *(SORT(.init_array.*) SORT(.ctors.*))
 *(.init_array EXCLUDE_FILE(*crtend?.o *crtend.o *crtbegin?.o *crtbegin.o) .ctors)
 .init_array    0x0000000000033f10        0x4 /usr/lib/gcc/i686-linux-gnu/5/crtbeginS.o

.fini_array     0x0000000000033f14        0x4
 *(SORT(.fini_array.*) SORT(.dtors.*))
 *(.fini_array EXCLUDE_FILE(*crtend?.o *crtend.o *crtbegin?.o *crtbegin.o) .dtors)
 .fini_array    0x0000000000033f14        0x4 /usr/lib/gcc/i686-linux-gnu/5/crtbeginS.o

.ctors
 *crtbegin.o(.ctors)
 *crtbegin?.o(.ctors)
 *(EXCLUDE_FILE(*crtend?.o *crtend.o) .ctors)
 *(SORT(.ctors.*))
 *(.ctors)

.dtors
 *crtbegin.o(.dtors)
 *crtbegin?.o(.dtors)
 *(EXCLUDE_FILE(*crtend?.o *crtend.o) .dtors)
 *(SORT(.dtors.*))
 *(.dtors)

.jcr            0x0000000000033f18        0x4
 *(.jcr)
 .jcr           0x0000000000033f18        0x0 /usr/lib/gcc/i686-linux-gnu/5/crtbeginS.o
 .jcr           0x0000000000033f18        0x4 /usr/lib/gcc/i686-linux-gnu/5/crtendS.o

.data.rel.ro
 *(.data.rel.ro.local* .gnu.linkonce.d.rel.ro.local.*)
 *(.data.rel.ro .data.rel.ro.* .gnu.linkonce.d.rel.ro.*)

.dynamic        0x0000000000033f1c       0xd0
 *(.dynamic)
 .dynamic       0x0000000000033f1c       0xd0 /usr/lib/gcc/i686-linux-gnu/5/../../../i386-linux-gnu/crti.o
                0x0000000000033f1c                _DYNAMIC

.got            0x0000000000033fec       0x14
 *(.got)
 .got           0x0000000000033fec       0x14 /usr/lib/gcc/i686-linux-gnu/5/../../../i386-linux-gnu/crti.o
 *(.igot)
                0x0000000000034ff4                . = DATA_SEGMENT_RELRO_END (., (SIZEOF (.got.plt) >= 0xc)?0xc:0x0)

.got.plt        0x0000000000034000        0xc
 *(.got.plt)
 .got.plt       0x0000000000034000        0xc /usr/lib/gcc/i686-linux-gnu/5/../../../i386-linux-gnu/crti.o
                0x0000000000034000                _GLOBAL_OFFSET_TABLE_
 *(.igot.plt)

.data           0x0000000000034020      0x484
 *(.data .data.* .gnu.linkonce.d.*)
 .data          0x0000000000034020        0x0 /usr/lib/gcc/i686-linux-gnu/5/../../../i386-linux-gnu/crti.o
 .data          0x0000000000034020        0x0 /usr/lib/gcc/i686-linux-gnu/5/crtbeginS.o
 .data.rel.local
                0x0000000000034020        0x4 /usr/lib/gcc/i686-linux-gnu/5/crtbeginS.o
                0x0000000000034020                __dso_handle
 .data          0x0000000000034024       0x10 light_CoAP-server.o
                0x0000000000034024                light_server
 *fill*         0x0000000000034034        0xc 
 .data          0x0000000000034040       0x44 build/cooja/mtype244.o
                0x0000000000034040                simInterfaces
                0x0000000000034074                sensors
 .data          0x0000000000034084        0x0 build/cooja/mtype244.a(simEnvChange.o)
 .data          0x0000000000034084        0x0 build/cooja/mtype244.a(cooja_mt.o)
 .data          0x0000000000034084        0x0 build/cooja/mtype244.a(cooja_mtarch.o)
 .data          0x0000000000034084        0x0 build/cooja/mtype244.a(rtimer-arch.o)
 .data          0x0000000000034084        0x0 build/cooja/mtype244.a(beep.o)
 .data          0x0000000000034084        0x0 build/cooja/mtype244.a(leds-arch.o)
 .data          0x0000000000034084        0x0 build/cooja/mtype244.a(moteid.o)
 .data          0x0000000000034084        0x0 build/cooja/mtype244.a(pir-sensor.o)
 .data          0x0000000000034084        0x0 build/cooja/mtype244.a(rs232.o)
 .data          0x0000000000034084        0x0 build/cooja/mtype244.a(vib-sensor.o)
 .data          0x0000000000034084        0x0 build/cooja/mtype244.a(clock.o)
 .data          0x0000000000034084        0x0 build/cooja/mtype244.a(cooja-log.o)
 .data          0x0000000000034084        0x0 build/cooja/mtype244.a(cfs-cooja.o)
 .data          0x0000000000034084       0x2c build/cooja/mtype244.a(cooja-radio.o)
                0x0000000000034084                simRadioHWOn
                0x0000000000034088                simSignalStrength
                0x000000000003408c                simLastSignalStrength
                0x0000000000034090                simPower
                0x0000000000034094                simRadioChannel
                0x0000000000034098                simLQI
                0x00000000000340a0                cooja_radio_process
 .data          0x00000000000340b0        0x0 build/cooja/mtype244.a(eeprom.o)
 .data          0x00000000000340b0        0x0 build/cooja/mtype244.a(random.o)
 .data          0x00000000000340b0       0x10 build/cooja/mtype244.a(sensors.o)
                0x00000000000340b0                sensors_process
 .data          0x00000000000340c0        0x0 build/cooja/mtype244.a(leds.o)
 .data          0x00000000000340c0        0x0 build/cooja/mtype244.a(gpio-hal-arch.o)
 .data          0x00000000000340c0       0x78 build/cooja/mtype244.a(buttons.o)
                0x00000000000340c0                simButtonIsActive
                0x0000000000034130                button_hal_buttons
 *fill*         0x0000000000034138        0x8 
 .data          0x0000000000034140       0x25 build/cooja/mtype244.a(res-light.o)
                0x0000000000034140                light_switch
 *fill*         0x0000000000034165        0x3 
 .data          0x0000000000034168        0x8 build/cooja/mtype244.a(coap-engine.o)
 *fill*         0x0000000000034170       0x10 
 .data          0x0000000000034180       0x24 build/cooja/mtype244.a(coap-res-well-k)
                0x0000000000034180                res_well_known_core
 .data          0x00000000000341a4       0x10 build/cooja/mtype244.a(coap-observe.o)
 .data          0x00000000000341b4       0x10 build/cooja/mtype244.a(coap-uip.o)
                0x00000000000341b4                coap_engine
 .data          0x00000000000341c4        0x4 build/cooja/mtype244.a(coap-timer.o)
 .data          0x00000000000341c8       0x10 build/cooja/mtype244.a(coap-transactio)
 .data          0x00000000000341d8        0x4 build/cooja/mtype244.a(coap.o)
                0x00000000000341d8                coap_error_message
 .data          0x00000000000341dc        0x0 build/cooja/mtype244.a(contiki-main.o)
 .data          0x00000000000341dc        0x0 build/cooja/mtype244.a(autostart.o)
 .data          0x00000000000341dc       0x14 build/cooja/mtype244.a(ctimer.o)
                0x00000000000341e0                ctimer_process
 *fill*         0x00000000000341f0       0x10 
 .data          0x0000000000034200       0xbc build/cooja/mtype244.a(log.o)
                0x0000000000034200                curr_log_level_main
                0x0000000000034220                all_modules
 .data          0x00000000000342bc        0x0 build/cooja/mtype244.a(energest.o)
 .data          0x00000000000342bc       0x10 build/cooja/mtype244.a(etimer.o)
                0x00000000000342bc                etimer_process
 .data          0x00000000000342cc        0x0 build/cooja/mtype244.a(node-id.o)
 .data          0x00000000000342cc        0x0 build/cooja/mtype244.a(rtimer.o)
 .data          0x00000000000342cc        0x0 build/cooja/mtype244.a(process.o)
 .data          0x00000000000342cc        0x0 build/cooja/mtype244.a(timer.o)
 .data          0x00000000000342cc        0x0 build/cooja/mtype244.a(list.o)
 .data          0x00000000000342cc        0x0 build/cooja/mtype244.a(memb.o)
 .data          0x00000000000342cc       0x10 build/cooja/mtype244.a(button-hal.o)
                0x00000000000342cc                button_hal_process
 .data          0x00000000000342dc       0x10 build/cooja/mtype244.a(serial-line.o)
                0x00000000000342dc                serial_line_process
 .data          0x00000000000342ec        0x4 build/cooja/mtype244.a(gpio-hal.o)
 .data          0x00000000000342f0       0x18 build/cooja/mtype244.a(queuebuf.o)
 .data          0x0000000000034308        0x4 build/cooja/mtype244.a(packetbuf.o)
 .data          0x000000000003430c        0x4 build/cooja/mtype244.a(netstack.o)
 .data          0x0000000000034310        0x0 build/cooja/mtype244.a(linkaddr.o)
 .data          0x0000000000034310        0x0 build/cooja/mtype244.a(csma.o)
 .data          0x0000000000034310       0x28 build/cooja/mtype244.a(csma-output.o)
 .data          0x0000000000034338        0x0 build/cooja/mtype244.a(uip-ds6.o)
 .data          0x0000000000034338        0x0 build/cooja/mtype244.a(uip-udp-packet.)
 .data          0x0000000000034338       0x44 build/cooja/mtype244.a(uip-ds6-route.o)
                0x0000000000034348                nbr_routes
 .data          0x000000000003437c       0x10 build/cooja/mtype244.a(tcpip.o)
                0x000000000003437c                tcpip_process
 .data          0x000000000003438c        0x0 build/cooja/mtype244.a(uip6.o)
 .data          0x000000000003438c       0x14 build/cooja/mtype244.a(uip-ds6-nbr.o)
 .data          0x00000000000343a0        0xc build/cooja/mtype244.a(uip-nd6.o)
 .data          0x00000000000343ac        0x0 build/cooja/mtype244.a(sicslowpan.o)
 .data          0x00000000000343ac        0x0 build/cooja/mtype244.a(uiplib.o)
 .data          0x00000000000343ac        0x0 build/cooja/mtype244.a(rpl.o)
 .data          0x00000000000343ac       0x30 build/cooja/mtype244.a(rpl-icmp6.o)
 .data          0x00000000000343dc        0x0 build/cooja/mtype244.a(rpl-dag-root.o)
 .data          0x00000000000343dc        0x0 build/cooja/mtype244.a(watchdog.o)
 .data          0x00000000000343dc        0x0 build/cooja/mtype244.a(int-master.o)
 .data          0x00000000000343dc       0x10 build/cooja/mtype244.a(coap-timer-defa)
                0x00000000000343dc                coap_timer_process
 .data          0x00000000000343ec        0x0 build/cooja/mtype244.a(stimer.o)
 .data          0x00000000000343ec        0x0 build/cooja/mtype244.a(ringbuf.o)
 .data          0x00000000000343ec        0x0 build/cooja/mtype244.a(assert.o)
 .data          0x00000000000343ec       0x10 build/cooja/mtype244.a(nbr-table.o)
 .data          0x00000000000343fc       0x14 build/cooja/mtype244.a(link-stats.o)
 .data          0x0000000000034410        0x0 build/cooja/mtype244.a(mac-sequence.o)
 .data          0x0000000000034410        0x0 build/cooja/mtype244.a(mac.o)
 .data          0x0000000000034410        0x0 build/cooja/mtype244.a(framer-802154.o)
 .data          0x0000000000034410        0x2 build/cooja/mtype244.a(frame802154.o)
 .data          0x0000000000034412        0x0 build/cooja/mtype244.a(csma-security.o)
 .data          0x0000000000034412        0x0 build/cooja/mtype244.a(uipbuf.o)
 *fill*         0x0000000000034412        0x2 
 .data          0x0000000000034414       0x20 build/cooja/mtype244.a(uip-icmp6.o)
 .data          0x0000000000034434       0x10 build/cooja/mtype244.a(uip-sr.o)
 .data          0x0000000000034444        0xc build/cooja/mtype244.a(uip-packetqueue)
 .data          0x0000000000034450        0x0 build/cooja/mtype244.a(rpl-nbr-policy.)
 .data          0x0000000000034450       0x14 build/cooja/mtype244.a(rpl-neighbor.o)
                0x0000000000034460                rpl_neighbors
 .data          0x0000000000034464        0x0 build/cooja/mtype244.a(rpl-dag.o)
 .data          0x0000000000034464        0x0 build/cooja/mtype244.a(rpl-timers.o)
 .data          0x0000000000034464        0x0 build/cooja/mtype244.a(rpl-ext-header.)
 *fill*         0x0000000000034464       0x1c 
 .data          0x0000000000034480       0x24 build/cooja/mtype244.a(rpl-mrhof.o)
                0x0000000000034480                rpl_mrhof
 .data          0x00000000000344a4        0x0 /usr/lib/gcc/i686-linux-gnu/5/libgcc.a(_udivdi3.o)
 .data          0x00000000000344a4        0x0 /usr/lib/gcc/i686-linux-gnu/5/crtendS.o
 .data          0x00000000000344a4        0x0 /usr/lib/gcc/i686-linux-gnu/5/../../../i386-linux-gnu/crtn.o

.tm_clone_table
                0x00000000000344a4        0x0
 .tm_clone_table
                0x00000000000344a4        0x0 /usr/lib/gcc/i686-linux-gnu/5/crtbeginS.o
 .tm_clone_table
                0x00000000000344a4        0x0 /usr/lib/gcc/i686-linux-gnu/5/crtendS.o

.data1
 *(.data1)
                0x00000000000344a4                _edata = .
                [!provide]                        PROVIDE (edata, .)
                0x00000000000344a4                . = .
                0x00000000000344a4                __bss_start = .

.bss            0x00000000000344c0     0xf124
 *(.dynbss)
 .dynbss        0x00000000000344c0        0x0 /usr/lib/gcc/i686-linux-gnu/5/../../../i386-linux-gnu/crti.o
 *(.bss .bss.* .gnu.linkonce.b.*)
 .bss           0x00000000000344c0        0x0 /usr/lib/gcc/i686-linux-gnu/5/../../../i386-linux-gnu/crti.o
 .bss           0x00000000000344c0        0x1 /usr/lib/gcc/i686-linux-gnu/5/crtbeginS.o
 *fill*         0x00000000000344c1        0x3 
 .bss           0x00000000000344c4       0x10 light_CoAP-server.o
 *fill*         0x00000000000344d4        0xc 
 .bss           0x00000000000344e0     0x2030 build/cooja/mtype244.o
 .bss           0x0000000000036510        0x1 build/cooja/mtype244.a(simEnvChange.o)
                0x0000000000036510                simDontFallAsleep
 *fill*         0x0000000000036511        0x3 
 .bss           0x0000000000036514        0x4 build/cooja/mtype244.a(cooja_mt.o)
 .bss           0x0000000000036518        0x4 build/cooja/mtype244.a(cooja_mtarch.o)
 .bss           0x000000000003651c        0x0 build/cooja/mtype244.a(rtimer-arch.o)
 .bss           0x000000000003651c        0x0 build/cooja/mtype244.a(beep.o)
 .bss           0x000000000003651c        0x1 build/cooja/mtype244.a(leds-arch.o)
                0x000000000003651c                simLedsValue
 .bss           0x000000000003651d        0x0 build/cooja/mtype244.a(moteid.o)
 .bss           0x000000000003651d        0x1 build/cooja/mtype244.a(pir-sensor.o)
                0x000000000003651d                simPirValue
 *fill*         0x000000000003651e        0x2 
 .bss           0x0000000000036520        0x4 build/cooja/mtype244.a(rs232.o)
 .bss           0x0000000000036524        0x1 build/cooja/mtype244.a(vib-sensor.o)
                0x0000000000036524                simVibValue
 .bss           0x0000000000036525        0x0 build/cooja/mtype244.a(clock.o)
 *fill*         0x0000000000036525       0x1b 
 .bss           0x0000000000036540     0x2020 build/cooja/mtype244.a(cooja-log.o)
 .bss           0x0000000000038560      0xfc0 build/cooja/mtype244.a(cfs-cooja.o)
                0x0000000000038560                simCFSData
                0x0000000000039500                simCFSSize
                0x0000000000039504                simCFSChanged
                0x0000000000039508                simCFSRead
                0x000000000003950c                simCFSWritten
 .bss           0x0000000000039520       0x24 build/cooja/mtype244.a(cooja-radio.o)
                0x0000000000039520                simReceiving
                0x0000000000039524                simInSize
                0x0000000000039528                simLastPacketTimestamp
                0x0000000000039530                simOutSize
 .bss           0x0000000000039544        0xc build/cooja/mtype244.a(eeprom.o)
                0x0000000000039544                simEEPROMChanged
                0x0000000000039548                simEEPROMRead
                0x000000000003954c                simEEPROMWritten
 .bss           0x0000000000039550        0x0 build/cooja/mtype244.a(random.o)
 .bss           0x0000000000039550        0xc build/cooja/mtype244.a(sensors.o)
 .bss           0x000000000003955c        0x0 build/cooja/mtype244.a(leds.o)
 .bss           0x000000000003955c       0x24 build/cooja/mtype244.a(gpio-hal-arch.o)
 .bss           0x0000000000039580        0x0 build/cooja/mtype244.a(buttons.o)
 .bss           0x0000000000039580        0x1 build/cooja/mtype244.a(res-light.o)
 *fill*         0x0000000000039581       0x1f 
 .bss           0x00000000000395a0      0x190 build/cooja/mtype244.a(coap-engine.o)
 .bss           0x0000000000039730        0x0 build/cooja/mtype244.a(coap-res-well-k)
 *fill*         0x0000000000039730       0x10 
 .bss           0x0000000000039740      0x120 build/cooja/mtype244.a(coap-observe.o)
 .bss           0x0000000000039860       0x18 build/cooja/mtype244.a(coap-uip.o)
 .bss           0x0000000000039878        0x5 build/cooja/mtype244.a(coap-timer.o)
 *fill*         0x000000000003987d        0x3 
 .bss           0x0000000000039880      0x334 build/cooja/mtype244.a(coap-transactio)
 .bss           0x0000000000039bb4        0x6 build/cooja/mtype244.a(coap.o)
                0x0000000000039bb4                coap_status_code
 .bss           0x0000000000039bba        0x0 build/cooja/mtype244.a(contiki-main.o)
 .bss           0x0000000000039bba        0x0 build/cooja/mtype244.a(autostart.o)
 *fill*         0x0000000000039bba        0x2 
 .bss           0x0000000000039bbc        0x5 build/cooja/mtype244.a(ctimer.o)
 *fill*         0x0000000000039bc1        0x3 
 .bss           0x0000000000039bc4       0x2c build/cooja/mtype244.a(log.o)
                0x0000000000039bc4                curr_log_level_rpl
                0x0000000000039bc8                curr_log_level_tcpip
                0x0000000000039bcc                curr_log_level_ipv6
                0x0000000000039bd0                curr_log_level_6lowpan
                0x0000000000039bd4                curr_log_level_nullnet
                0x0000000000039bd8                curr_log_level_mac
                0x0000000000039bdc                curr_log_level_framer
                0x0000000000039be0                curr_log_level_6top
                0x0000000000039be4                curr_log_level_coap
                0x0000000000039be8                curr_log_level_snmp
                0x0000000000039bec                curr_log_level_lwm2m
 .bss           0x0000000000039bf0        0x0 build/cooja/mtype244.a(energest.o)
 .bss           0x0000000000039bf0        0x8 build/cooja/mtype244.a(etimer.o)
 .bss           0x0000000000039bf8        0x2 build/cooja/mtype244.a(node-id.o)
                0x0000000000039bf8                node_id
 *fill*         0x0000000000039bfa        0x2 
 .bss           0x0000000000039bfc        0x4 build/cooja/mtype244.a(rtimer.o)
 .bss           0x0000000000039c00      0x1a1 build/cooja/mtype244.a(process.o)
                0x0000000000039c00                process_list
                0x0000000000039c04                process_current
 .bss           0x0000000000039da1        0x0 build/cooja/mtype244.a(timer.o)
 .bss           0x0000000000039da1        0x0 build/cooja/mtype244.a(list.o)
 .bss           0x0000000000039da1        0x0 build/cooja/mtype244.a(memb.o)
 *fill*         0x0000000000039da1        0x3 
 .bss           0x0000000000039da4       0x10 build/cooja/mtype244.a(button-hal.o)
 *fill*         0x0000000000039db4        0xc 
 .bss           0x0000000000039dc0      0x140 build/cooja/mtype244.a(serial-line.o)
 .bss           0x0000000000039f00        0x4 build/cooja/mtype244.a(gpio-hal.o)
 *fill*         0x0000000000039f04       0x1c 
 .bss           0x0000000000039f20     0x2c80 build/cooja/mtype244.a(queuebuf.o)
 .bss           0x000000000003cba0       0xa0 build/cooja/mtype244.a(packetbuf.o)
 .bss           0x000000000003cc40        0x4 build/cooja/mtype244.a(netstack.o)
 .bss           0x000000000003cc44        0x0 build/cooja/mtype244.a(linkaddr.o)
 .bss           0x000000000003cc44        0x0 build/cooja/mtype244.a(csma.o)
 *fill*         0x000000000003cc44       0x1c 
 .bss           0x000000000003cc60      0x726 build/cooja/mtype244.a(csma-output.o)
 *fill*         0x000000000003d386        0x2 
 .bss           0x000000000003d388       0x30 build/cooja/mtype244.a(uip-ds6.o)
 .bss           0x000000000003d3b8        0x0 build/cooja/mtype244.a(uip-udp-packet.)
 *fill*         0x000000000003d3b8        0x8 
 .bss           0x000000000003d3c0      0x2a4 build/cooja/mtype244.a(uip-ds6-route.o)
 .bss           0x000000000003d664       0x10 build/cooja/mtype244.a(tcpip.o)
 .bss           0x000000000003d674        0x8 build/cooja/mtype244.a(uip6.o)
                0x000000000003d674                uip_ext_bitmap
                0x000000000003d676                uip_ext_len
                0x000000000003d678                uip_last_proto
 *fill*         0x000000000003d67c        0x4 
 .bss           0x000000000003d680       0xf0 build/cooja/mtype244.a(uip-ds6-nbr.o)
 .bss           0x000000000003d770       0x10 build/cooja/mtype244.a(uip-nd6.o)
 .bss           0x000000000003d780      0x724 build/cooja/mtype244.a(sicslowpan.o)
 .bss           0x000000000003dea4        0x0 build/cooja/mtype244.a(uiplib.o)
 .bss           0x000000000003dea4        0x1 build/cooja/mtype244.a(rpl.o)
 .bss           0x000000000003dea5        0x0 build/cooja/mtype244.a(rpl-icmp6.o)
 *fill*         0x000000000003dea5        0x3 
 .bss           0x000000000003dea8       0x11 build/cooja/mtype244.a(rpl-dag-root.o)
 .bss           0x000000000003deb9        0x0 build/cooja/mtype244.a(watchdog.o)
 *fill*         0x000000000003deb9        0x3 
 .bss           0x000000000003debc        0x4 build/cooja/mtype244.a(int-master.o)
 .bss           0x000000000003dec0       0x1c build/cooja/mtype244.a(coap-timer-defa)
 .bss           0x000000000003dedc        0x0 build/cooja/mtype244.a(stimer.o)
 .bss           0x000000000003dedc        0x0 build/cooja/mtype244.a(ringbuf.o)
 .bss           0x000000000003dedc        0x0 build/cooja/mtype244.a(assert.o)